Archive member included to satisfy reference by file (symbol)

C:\devkitPro/libogc/lib/wii\libwiiuse.a(wpad.o)
                              main.o (WPAD_Init)
C:\devkitPro/libogc/lib/wii\libwiiuse.a(motion_plus.o)
                              C:\devkitPro/libogc/lib/wii\libwiiuse.a(wpad.o) (wiiuse_set_motion_plus)
C:\devkitPro/libogc/lib/wii\libwiiuse.a(dynamics.o)
                              C:\devkitPro/libogc/lib/wii\libwiiuse.a(wpad.o) (calculate_gforce)
C:\devkitPro/libogc/lib/wii\libwiiuse.a(io.o)
                              C:\devkitPro/libogc/lib/wii\libwiiuse.a(motion_plus.o) (wiiuse_disable_expansion)
C:\devkitPro/libogc/lib/wii\libwiiuse.a(io_wii.o)
                              C:\devkitPro/libogc/lib/wii\libwiiuse.a(wpad.o) (__wiiuse_sensorbar_enable)
C:\devkitPro/libogc/lib/wii\libwiiuse.a(ir.o)
                              C:\devkitPro/libogc/lib/wii\libwiiuse.a(motion_plus.o) (wiiuse_set_ir_mode)
C:\devkitPro/libogc/lib/wii\libwiiuse.a(nunchuk.o)
                              C:\devkitPro/libogc/lib/wii\libwiiuse.a(io.o) (nunchuk_handshake)
C:\devkitPro/libogc/lib/wii\libwiiuse.a(wiiboard.o)
                              C:\devkitPro/libogc/lib/wii\libwiiuse.a(io.o) (wii_board_handshake)
C:\devkitPro/libogc/lib/wii\libwiiuse.a(wiiuse.o)
                              C:\devkitPro/libogc/lib/wii\libwiiuse.a(wpad.o) (wiiuse_init)
C:\devkitPro/libogc/lib/wii\libwiiuse.a(speaker.o)
                              C:\devkitPro/libogc/lib/wii\libwiiuse.a(wpad.o) (wencdata)
C:\devkitPro/libogc/lib/wii\libwiiuse.a(classic.o)
                              C:\devkitPro/libogc/lib/wii\libwiiuse.a(io.o) (classic_ctrl_handshake)
C:\devkitPro/libogc/lib/wii\libwiiuse.a(events.o)
                              C:\devkitPro/libogc/lib/wii\libwiiuse.a(io_wii.o) (parse_event)
C:\devkitPro/libogc/lib/wii\libwiiuse.a(guitar_hero_3.o)
                              C:\devkitPro/libogc/lib/wii\libwiiuse.a(io.o) (guitar_hero_3_handshake)
C:\devkitPro/libogc/lib/wii\libbte.a(bte.o)
                              C:\devkitPro/libogc/lib/wii\libwiiuse.a(wpad.o) (BTE_Init)
C:\devkitPro/libogc/lib/wii\libbte.a(hci.o)
                              C:\devkitPro/libogc/lib/wii\libbte.a(bte.o) (hci_init)
C:\devkitPro/libogc/lib/wii\libbte.a(l2cap.o)
                              C:\devkitPro/libogc/lib/wii\libbte.a(bte.o) (l2cap_init)
C:\devkitPro/libogc/lib/wii\libbte.a(btmemb.o)
                              C:\devkitPro/libogc/lib/wii\libbte.a(bte.o) (btmemb_init)
C:\devkitPro/libogc/lib/wii\libbte.a(btmemr.o)
                              C:\devkitPro/libogc/lib/wii\libbte.a(hci.o) (btmemr_init)
C:\devkitPro/libogc/lib/wii\libbte.a(btpbuf.o)
                              C:\devkitPro/libogc/lib/wii\libbte.a(hci.o) (btpbuf_init)
C:\devkitPro/libogc/lib/wii\libbte.a(physbusif.o)
                              C:\devkitPro/libogc/lib/wii\libbte.a(bte.o) (physbusif_init)
C:\devkitPro/libogc/lib/wii\libogc.a(console.o)
                              main.o (CON_Init)
C:\devkitPro/libogc/lib/wii\libogc.a(lwp_queue.o)
                              C:\devkitPro/libogc/lib/wii\libwiiuse.a(io_wii.o) (__lwp_queue_initialize)
C:\devkitPro/libogc/lib/wii\libogc.a(lwp_threads.o)
                              C:\devkitPro/libogc/lib/wii\libwiiuse.a(wpad.o) (_thread_dispatch_disable_level)
C:\devkitPro/libogc/lib/wii\libogc.a(lwp.o)
                              C:\devkitPro/libogc/lib/wii\libbte.a(bte.o) (LWP_InitQueue)
C:\devkitPro/libogc/lib/wii\libogc.a(lwp_handler.o)
                              C:\devkitPro/libogc/lib/wii\libogc.a(lwp_threads.o) (_cpu_context_save_fp)
C:\devkitPro/libogc/lib/wii\libogc.a(lwp_stack.o)
                              C:\devkitPro/libogc/lib/wii\libogc.a(lwp_threads.o) (__lwp_stack_allocate)
C:\devkitPro/libogc/lib/wii\libogc.a(lwp_watchdog.o)
                              C:\devkitPro/libogc/lib/wii\libogc.a(lwp_threads.o) (_wd_ticks_queue)
C:\devkitPro/libogc/lib/wii\libogc.a(lwp_wkspace.o)
                              C:\devkitPro/libogc/lib/wii\libwiiuse.a(motion_plus.o) (__wkspace_heap)
C:\devkitPro/libogc/lib/wii\libogc.a(lwp_objmgr.o)
                              C:\devkitPro/libogc/lib/wii\libogc.a(lwp.o) (__lwp_objmgr_initinfo)
C:\devkitPro/libogc/lib/wii\libogc.a(lwp_heap.o)
                              C:\devkitPro/libogc/lib/wii\libogc.a(lwp_wkspace.o) (__lwp_heap_init)
C:\devkitPro/libogc/lib/wii\libogc.a(sys_state.o)
                              C:\devkitPro/libogc/lib/wii\libogc.a(lwp_threads.o) (_sys_state_curr)
C:\devkitPro/libogc/lib/wii\libogc.a(irq.o)
                              C:\devkitPro/libogc/lib/wii\libwiiuse.a(io_wii.o) (IRQ_Disable)
C:\devkitPro/libogc/lib/wii\libogc.a(video.o)
                              C:\devkitPro/libogc/lib/wii\libogc.a(console.o) (VIDEO_GetCurrentFramebuffer)
C:\devkitPro/libogc/lib/wii\libogc.a(system.o)
                              C:\devkitPro/libogc/lib/wii\libwiiuse.a(wpad.o) (__SYS_DoPowerCB)
[...]
Memory Configuration

Name             Origin             Length             Attributes
*default*        0x00000000         0xffffffff

Linker script and memory map

                0x00003400                        . = 0x3400

.stub
 *(.stub)
                0x80004000                        . = 0x80004000

.init           0x80004000      0x194
 *crt0.o(*.init)
 .init          0x80004000      0x170 C:\devkitPro/libogc/lib/wii\libogc.a(ogc_crt0.o)
                0x80004000                _start
                0x80004140                _memset
 *(.init)
 .init          0x80004170        0xc C:/devkitPro/devkitPPC/bin/../lib/gcc/powerpc-eabi/14.2.0/ecrti.o
                0x80004170                __init
 .init          0x8000417c        0x4 C:/devkitPro/devkitPPC/bin/../lib/gcc/powerpc-eabi/14.2.0/crtbegin.o
 .init          0x80004180        0x4 C:/devkitPro/devkitPPC/bin/../lib/gcc/powerpc-eabi/14.2.0/crtend.o
 .init          0x80004184       0x10 C:/devkitPro/devkitPPC/bin/../lib/gcc/powerpc-eabi/14.2.0/ecrtn.o

.rela.dyn       0x80004194        0x0
 .rela.iplt     0x80004194        0x0 C:/devkitPro/devkitPPC/bin/../lib/gcc/powerpc-eabi/14.2.0/crtbegin.o

.plt
 *(.plt)

.interp
 *(.interp)

.hash
 *(.hash)

.dynsym
 *(.dynsym)

.dynstr
 *(.dynstr)

.gnu.version
 *(.gnu.version)

.gnu.version_d
 *(.gnu.version_d)

.gnu.version_r
 *(.gnu.version_r)

.rel.init
 *(.rel.init)

.rela.init
 *(.rela.init)

.rel.text
 *(.rel.text .rel.text.* .rel.gnu.linkonce.t.*)

.rela.text      0x80004194        0x0
 *(.rela.text .rela.text.* .rela.gnu.linkonce.t.*)
 .rela.text.__do_global_dtors_aux
                0x80004194        0x0 C:/devkitPro/devkitPPC/bin/../lib/gcc/powerpc-eabi/14.2.0/crtbegin.o
 .rela.text.frame_dummy
                0x80004194        0x0 C:/devkitPro/devkitPPC/bin/../lib/gcc/powerpc-eabi/14.2.0/crtbegin.o
 .rela.text.unlikely.abort
                0x80004194        0x0 C:/devkitPro/devkitPPC/bin/../lib/gcc/powerpc-eabi/14.2.0/crtbegin.o
 .rela.text.__assert_func
                0x80004194        0x0 C:/devkitPro/devkitPPC/bin/../lib/gcc/powerpc-eabi/14.2.0/crtbegin.o

.rel.fini
 *(.rel.fini)

.rela.fini
 *(.rela.fini)

.rel.rodata
 *(.rel.rodata .rel.rodata.* .rel.gnu.linkonce.r.*)

.rela.rodata
 *(.rela.rodata .rela.rodata.* .rela.gnu.linkonce.r.*)

.rel.data
 *(.rel.data .rel.data.* .rel.gnu.linkonce.d.*)

.rela.data
 *(.rela.data .rela.data.* .rela.gnu.linkonce.d.*)

.rel.tdata
 *(.rel.tdata .rel.tdata.* .rel.gnu.linkonce.td.*)

.rela.tdata
 *(.rela.tdata .rela.tdata.* .rela.gnu.linkonce.td.*)

.rel.tbss
 *(.rel.tbss .rel.tbss.* .rel.gnu.linkonce.tb.*)

.rela.tbss
 *(.rela.tbss .rela.tbss.* .rela.gnu.linkonce.tb.*)

.rel.ctors
 *(.rel.ctors)

.rela.ctors
 *(.rela.ctors)

.rel.dtors
 *(.rel.dtors)

.rela.dtors
 *(.rela.dtors)

.rel.got
 *(.rel.got)

.rela.got
 *(.rela.got)

.rela.got1
 *(.rela.got1)

.rela.got2
 *(.rela.got2)

.rel.sdata
 *(.rel.sdata .rel.sdata.* .rel.gnu.linkonce.s.*)

.rela.sdata
 *(.rela.sdata .rela.sdata.* .rela.gnu.linkonce.s.*)

.rel.sbss
 *(.rel.sbss .rel.sbss.* .rel.gnu.linkonce.sb.*)

.rela.sbss
 *(.rela.sbss .rela.sbss.* .rel.gnu.linkonce.sb.*)

.rel.sdata2
 *(.rel.sdata2 .rel.sdata2.* .rel.gnu.linkonce.s2.*)

.rela.sdata2
 *(.rela.sdata2 .rela.sdata2.* .rela.gnu.linkonce.s2.*)

.rel.sbss2
 *(.rel.sbss2 .rel.sbss2.* .rel.gnu.linkonce.sb2.*)

.rela.sbss2
 *(.rela.sbss2 .rela.sbss2.* .rela.gnu.linkonce.sb2.*)

.rel.bss
 *(.rel.bss .rel.bss.* .rel.gnu.linkonce.b.*)

.rela.bss
 *(.rela.bss .rela.bss.* .rela.gnu.linkonce.b.*)

.rel.plt
 *(.rel.plt)

.rela.plt
 *(.rela.plt)

.text           0x800041a0    0x38ec0
 *(.text)
 .text          0x800041a0      0x44c C:\devkitPro/libogc/lib/wii\libogc.a(lwp_handler.o)
                0x800041a0                _cpu_context_save_fp
                0x800042e0                _cpu_context_restore_fp
                0x80004420                _cpu_context_switch
                0x80004500                _cpu_context_save
                0x80004580                _cpu_context_restore
 .text          0x800045ec      0x4a0 C:\devkitPro/libogc/lib/wii\libogc.a(system_asm.o)
                0x800045ec                __realmode
                0x80004604                __configBATS
                0x80004734                __InitFPRS
                0x80004860                __InitPS
                0x800048bc                __InitCache
                0x80004914                __InitSystem
                0x8000499c                __flush_cache
                0x800049d0                __reset
                0x80004a40                __InitBATS
                0x80004a5c                SYS_SwitchFiber
 .text          0x80004a8c      0x1ac C:\devkitPro/libogc/lib/wii\libogc.a(irq_handler.o)
                0x80004a8c                irq_exceptionhandler
 .text          0x80004c38      0x4f4 C:\devkitPro/libogc/lib/wii\libogc.a(cache_asm.o)
                0x80004c38                DCFlashInvalidate
                0x80004c4c                DCEnable
                0x80004c60                DCDisable
                0x80004c74                DCFreeze
                0x80004c88                DCUnfreeze
                0x80004c9c                DCTouchLoad
                0x80004ca4                DCBlockZero
                0x80004cac                DCBlockStore
                0x80004cb4                DCBlockFlush
                0x80004cbc                DCBlockInvalidate
                0x80004cc4                DCInvalidateRange
                0x80004cf4                DCFlushRange
                0x80004d28                DCStoreRange
                0x80004d5c                DCFlushRangeNoSync
                0x80004d8c                DCStoreRangeNoSync
                0x80004dbc                DCZeroRange
                0x80004dec                DCTouchRange
                0x80004e1c                ICInvalidateRange
                0x80004e54                ICFlashInvalidate
                0x80004e68                ICEnable
                0x80004e7c                ICDisable
                0x80004e90                ICFreeze
                0x80004ea4                ICUnfreeze
                0x80004eb8                ICBlockInvalidate
                0x80004ec0                ICSync
                0x80004ec8                L2Init
                0x80004f10                L2Enable
                0x80004f2c                L2Disable
                0x80004f44                L2GlobalInvalidate
                0x80004f9c                __LCEnable
                0x80005068                LCDisable
                0x80005090                LCAllocOneTag
                0x800050a4                LCAllocTags
                0x800050e4                LCLoadBlocks
                0x80005108                LCStoreBlocks
 .text          0x8000512c      0x1ac C:\devkitPro/libogc/lib/wii\libogc.a(decrementer_handler.o)
                0x8000512c                dec_exceptionhandler
 .text          0x800052d8      0x35c C:\devkitPro/libogc/lib/wii\libogc.a(exception_handler.o)
                0x800052d8                exceptionhandler_start
                0x80005354                exceptionhandler_patch
                0x80005388                exceptionhandler_end
                0x8000538c                default_exceptionhandler
                0x800054bc                fpu_exceptionhandler
                0x80005604                systemcallhandler_start
                0x80005630                systemcallhandler_end
 .text          0x80005634       0x48 C:/devkitPro/devkitPPC/bin/../lib/gcc/powerpc-eabi/14.2.0\libgcc.a(eabi.o)
                0x80005634                __eabi
 .text          0x8000567c       0x58 C:/devkitPro/devkitPPC/bin/../lib/gcc/powerpc-eabi/14.2.0\libgcc.a(crtresxfpr.o)
                0x8000567c                _restfpr_14_x
                0x80005680                _restfpr_15_x
                0x80005684                _restfpr_16_x
                0x80005688                _restfpr_17_x
                0x8000568c                _restfpr_18_x
                0x80005690                _restfpr_19_x
                0x80005694                _restfpr_20_x
                0x80005698                _restfpr_21_x
                0x8000569c                _restfpr_22_x
                0x800056a0                _restfpr_23_x
                0x800056a4                _restfpr_24_x
                0x800056a8                _restfpr_25_x
                0x800056ac                _restfpr_26_x
                0x800056b0                _restfpr_27_x
                0x800056b4                _restfpr_28_x
                0x800056b8                _restfpr_29_x
                0x800056bc                _restfpr_30_x
                0x800056c0                _restfpr_31_x
 .text          0x800056d4       0x58 C:/devkitPro/devkitPPC/bin/../lib/gcc/powerpc-eabi/14.2.0\libgcc.a(crtresxgpr.o)
                0x800056d4                _restgpr_14_x
                0x800056d8                _restgpr_15_x
                0x800056dc                _restgpr_16_x
                0x800056e0                _restgpr_17_x
                0x800056e4                _restgpr_18_x
                0x800056e8                _restgpr_19_x
                0x800056ec                _restgpr_20_x
                0x800056f0                _restgpr_21_x
                0x800056f4                _restgpr_22_x
                0x800056f8                _restgpr_23_x
                0x800056fc                _restgpr_24_x
                0x80005700                _restgpr_25_x
                0x80005704                _restgpr_26_x
                0x80005708                _restgpr_27_x
                0x8000570c                _restgpr_28_x
                0x80005710                _restgpr_29_x
                0x80005714                _restgpr_30_x
                0x80005718                _restgpr_31_x
 *(.text.*)
 .text.__do_global_dtors_aux
                0x8000572c       0xcc C:/devkitPro/devkitPPC/bin/../lib/gcc/powerpc-eabi/14.2.0/crtbegin.o
 .text.frame_dummy
                0x800057f8       0x24 C:/devkitPro/devkitPPC/bin/../lib/gcc/powerpc-eabi/14.2.0/crtbegin.o
 .text.__crtmain
                0x8000581c       0x40 C:/devkitPro/devkitPPC/bin/../lib/gcc/powerpc-eabi/14.2.0/../../../../powerpc-eabi/lib/crtmain.o
                0x80005820                __crtmain
 .text.abrirHBCsubmenu
                0x8000585c      0x270 HBCsubmenu.o
                0x8000585c                abrirHBCsubmenu
 .text.iniciarVideo
                0x80005acc       0x8c main.o
                0x80005acc                iniciarVideo
 .text.limparTela
                0x80005b58       0x10 main.o
                0x80005b58                limparTela
 .text.mostrarMenu
                0x80005b68      0x230 main.o
                0x80005b68                mostrarMenu
 .text.mostrarSobre
                0x80005d98       0x9c main.o
                0x80005d98                mostrarSobre
 .text.startup.main
                0x80005e34      0x148 main.o
                0x80005e34                main
 .text.abrirUSBsubmenu
                0x80005f7c      0x270 USBsubmenu.o
                0x80005f7c                abrirUSBsubmenu
 .text.abrirWIIsubmenu
                0x800061ec      0x224 WIIsubmenu.o
                0x800061ec                abrirWIIsubmenu
 .text.__wpad_assign_slot
                0x80006410      0x228 C:\devkitPro/libogc/lib/wii\libwiiuse.a(wpad.o)
                0x80006410                __wpad_assign_slot
 .text.__wpad_def_powcb
                0x80006638        0x4 C:\devkitPro/libogc/lib/wii\libwiiuse.a(wpad.o)
 .text.__readlinkkey_finished
                0x8000663c       0x34 C:\devkitPro/libogc/lib/wii\libwiiuse.a(wpad.o)
 .text.__wpad_patch_finished
                0x80006670       0x2c C:\devkitPro/libogc/lib/wii\libwiiuse.a(wpad.o)
 .text.__wpad_setfmt
                0x8000669c      0x14c C:\devkitPro/libogc/lib/wii\libwiiuse.a(wpad.o)
 .text.__wpad_eventCB
                0x800067e8      0xac4 C:\devkitPro/libogc/lib/wii\libwiiuse.a(wpad.o)
 .text.__wpad_disconnectCB
                0x800072ac       0xd4 C:\devkitPro/libogc/lib/wii\libwiiuse.a(wpad.o)
                0x800072ac                __wpad_disconnectCB
 .text.__wpad_timeouthandler
                0x80007380       0xa8 C:\devkitPro/libogc/lib/wii\libwiiuse.a(wpad.o)
 .text.__initcore_finished
                0x80007428       0x48 C:\devkitPro/libogc/lib/wii\libwiiuse.a(wpad.o)
 .text.__wpad_init_finished
                0x80007470      0x194 C:\devkitPro/libogc/lib/wii\libwiiuse.a(wpad.o)
 .text.WPAD_ReadEvent
                0x80007604      0x688 C:\devkitPro/libogc/lib/wii\libwiiuse.a(wpad.o)
                0x80007604                WPAD_ReadEvent
 .text.WPAD_ReadPending
                0x80007c8c      0x1a0 C:\devkitPro/libogc/lib/wii\libwiiuse.a(wpad.o)
                0x80007c8c                WPAD_ReadPending
 .text.WPAD_Shutdown
                0x80007e2c      0x108 C:\devkitPro/libogc/lib/wii\libwiiuse.a(wpad.o)
                0x80007e2c                WPAD_Shutdown
 .text.WPAD_Init
                0x80007f34      0x2c4 C:\devkitPro/libogc/lib/wii\libwiiuse.a(wpad.o)
                0x80007f34                WPAD_Init
 .text.__wpad_onreset
                0x800081f8       0x34 C:\devkitPro/libogc/lib/wii\libwiiuse.a(wpad.o)
 .text.WPAD_ScanPads
                0x8000822c       0x90 C:\devkitPro/libogc/lib/wii\libwiiuse.a(wpad.o)
                0x8000822c                WPAD_ScanPads
 .text.WPAD_ButtonsDown
                0x800082bc       0x28 C:\devkitPro/libogc/lib/wii\libwiiuse.a(wpad.o)
                0x800082bc                WPAD_ButtonsDown
 .text.motion_plus_disconnected
                0x800082e4       0x10 C:\devkitPro/libogc/lib/wii\libwiiuse.a(motion_plus.o)
                0x800082e4                motion_plus_disconnected
 .text.motion_plus_event
                0x800082f4       0x64 C:\devkitPro/libogc/lib/wii\libwiiuse.a(motion_plus.o)
                0x800082f4                motion_plus_event
 .text.calculate_gforce
                0x80008358      0x114 C:\devkitPro/libogc/lib/wii\libwiiuse.a(dynamics.o)
                0x80008358                calculate_gforce
 .text.calc_joystick_state
                0x8000846c      0x210 C:\devkitPro/libogc/lib/wii\libwiiuse.a(dynamics.o)
                0x8000846c                calc_joystick_state
 .text.apply_smoothing
                0x8000867c      0x110 C:\devkitPro/libogc/lib/wii\libwiiuse.a(dynamics.o)
                0x8000867c                apply_smoothing
 .text.calculate_orientation
                0x8000878c      0x374 C:\devkitPro/libogc/lib/wii\libwiiuse.a(dynamics.o)
                0x8000878c                calculate_orientation
 .text.calc_balanceboard_state
                0x80008b00      0x3a4 C:\devkitPro/libogc/lib/wii\libwiiuse.a(dynamics.o)
                0x80008b00                calc_balanceboard_state
 .text.wiiuse_handshake
                0x80008ea4      0x27c C:\devkitPro/libogc/lib/wii\libwiiuse.a(io.o)
                0x80008ea4                wiiuse_handshake
 .text.wiiuse_handshake_expansion
                0x80009120      0x1f0 C:\devkitPro/libogc/lib/wii\libwiiuse.a(io.o)
                0x80009120                wiiuse_handshake_expansion
 .text.wiiuse_handshake_expansion_start
                0x80009310       0x5c C:\devkitPro/libogc/lib/wii\libwiiuse.a(io.o)
                0x80009310                wiiuse_handshake_expansion_start
 .text.wiiuse_disable_expansion
                0x8000936c      0x1b0 C:\devkitPro/libogc/lib/wii\libwiiuse.a(io.o)
                0x8000936c                wiiuse_disable_expansion
 .text.__wiiuse_connected
                0x8000951c       0x9c C:\devkitPro/libogc/lib/wii\libwiiuse.a(io_wii.o)
 .text.__wiiuse_disconnected
                0x800095b8       0xb4 C:\devkitPro/libogc/lib/wii\libwiiuse.a(io_wii.o)
 .text.__wiiuse_receive
                0x8000966c       0xd0 C:\devkitPro/libogc/lib/wii\libwiiuse.a(io_wii.o)
 .text.__wiiuse_sensorbar_enable
                0x8000973c       0x74 C:\devkitPro/libogc/lib/wii\libwiiuse.a(io_wii.o)
                0x8000973c                __wiiuse_sensorbar_enable
 .text.wiiuse_register
                0x800097b0       0xf0 C:\devkitPro/libogc/lib/wii\libwiiuse.a(io_wii.o)
                0x800097b0                wiiuse_register
 .text.wiiuse_disconnect
                0x800098a0       0x24 C:\devkitPro/libogc/lib/wii\libwiiuse.a(io_wii.o)
                0x800098a0                wiiuse_disconnect
 .text.wiiuse_init_cmd_queue
                0x800098c4       0x9c C:\devkitPro/libogc/lib/wii\libwiiuse.a(io_wii.o)
                0x800098c4                wiiuse_init_cmd_queue
 .text.wiiuse_io_write
                0x80009960       0x1c C:\devkitPro/libogc/lib/wii\libwiiuse.a(io_wii.o)
                0x80009960                wiiuse_io_write
 .text.rotate_dots
                0x8000997c      0x13c C:\devkitPro/libogc/lib/wii\libwiiuse.a(ir.o)
 .text.wiiuse_set_ir_mode
                0x80009ab8       0x5c C:\devkitPro/libogc/lib/wii\libwiiuse.a(ir.o)
                0x80009ab8                wiiuse_set_ir_mode
 .text.wiiuse_set_ir
                0x80009b14      0x270 C:\devkitPro/libogc/lib/wii\libwiiuse.a(ir.o)
                0x80009b14                wiiuse_set_ir
 .text.wiiuse_set_ir_position
                0x80009d84       0x80 C:\devkitPro/libogc/lib/wii\libwiiuse.a(ir.o)
                0x80009d84                wiiuse_set_ir_position
 .text.wiiuse_set_aspect_ratio
                0x80009e04       0xac C:\devkitPro/libogc/lib/wii\libwiiuse.a(ir.o)
                0x80009e04                wiiuse_set_aspect_ratio
 .text.wiiuse_set_ir_sensitivity
                0x80009eb0      0x180 C:\devkitPro/libogc/lib/wii\libwiiuse.a(ir.o)
                0x80009eb0                wiiuse_set_ir_sensitivity
 .text.calculate_basic_ir
                0x8000a030       0xe8 C:\devkitPro/libogc/lib/wii\libwiiuse.a(ir.o)
                0x8000a030                calculate_basic_ir
 .text.calculate_extended_ir
                0x8000a118       0x64 C:\devkitPro/libogc/lib/wii\libwiiuse.a(ir.o)
                0x8000a118                calculate_extended_ir
 .text.find_sensorbar
                0x8000a17c      0xaa0 C:\devkitPro/libogc/lib/wii\libwiiuse.a(ir.o)
                0x8000a17c                find_sensorbar
 .text.apply_ir_smoothing
                0x8000ac1c      0x124 C:\devkitPro/libogc/lib/wii\libwiiuse.a(ir.o)
                0x8000ac1c                apply_ir_smoothing
 .text.interpret_ir_data
                0x8000ad40      0x3c8 C:\devkitPro/libogc/lib/wii\libwiiuse.a(ir.o)
                0x8000ad40                interpret_ir_data
 .text.nunchuk_handshake
                0x8000b108      0x31c C:\devkitPro/libogc/lib/wii\libwiiuse.a(nunchuk.o)
                0x8000b108                nunchuk_handshake
 .text.nunchuk_disconnected
                0x8000b424        0xc C:\devkitPro/libogc/lib/wii\libwiiuse.a(nunchuk.o)
                0x8000b424                nunchuk_disconnected
 .text.nunchuk_event
                0x8000b430       0xe8 C:\devkitPro/libogc/lib/wii\libwiiuse.a(nunchuk.o)
                0x8000b430                nunchuk_event
 .text.wii_board_handshake
                0x8000b518      0x284 C:\devkitPro/libogc/lib/wii\libwiiuse.a(wiiboard.o)
                0x8000b518                wii_board_handshake
 .text.wii_board_disconnected
                0x8000b79c        0xc C:\devkitPro/libogc/lib/wii\libwiiuse.a(wiiboard.o)
                0x8000b79c                wii_board_disconnected
 .text.wii_board_event
                0x8000b7a8       0x24 C:\devkitPro/libogc/lib/wii\libwiiuse.a(wiiboard.o)
                0x8000b7a8                wii_board_event
 .text.wiiuse_send_next_command
                0x8000b7cc       0x58 C:\devkitPro/libogc/lib/wii\libwiiuse.a(wiiuse.o)
                0x8000b7cc                wiiuse_send_next_command
 .text.wiiuse_init
                0x8000b824      0x208 C:\devkitPro/libogc/lib/wii\libwiiuse.a(wiiuse.o)
                0x8000b824                wiiuse_init
 .text.wiiuse_set_flags
                0x8000ba2c       0x28 C:\devkitPro/libogc/lib/wii\libwiiuse.a(wiiuse.o)
                0x8000ba2c                wiiuse_set_flags
 .text.wiiuse_read_data
                0x8000ba54      0x154 C:\devkitPro/libogc/lib/wii\libwiiuse.a(wiiuse.o)
                0x8000ba54                wiiuse_read_data
 .text.wiiuse_write_data
                0x8000bba8      0x18c C:\devkitPro/libogc/lib/wii\libwiiuse.a(wiiuse.o)
                0x8000bba8                wiiuse_write_data
 .text.wiiuse_sendcmd
                0x8000bd34      0x144 C:\devkitPro/libogc/lib/wii\libwiiuse.a(wiiuse.o)
                0x8000bd34                wiiuse_sendcmd
 .text.wiiuse_set_leds
                0x8000be78       0x50 C:\devkitPro/libogc/lib/wii\libwiiuse.a(wiiuse.o)
                0x8000be78                wiiuse_set_leds
 .text.wiiuse_set_report_type
                0x8000bec8       0xb0 C:\devkitPro/libogc/lib/wii\libwiiuse.a(wiiuse.o)
                0x8000bec8                wiiuse_set_report_type
 .text.wiiuse_status
                0x8000bf78       0x4c C:\devkitPro/libogc/lib/wii\libwiiuse.a(wiiuse.o)
                0x8000bf78                wiiuse_status
 .text.wiiuse_motion_sensing
                0x8000bfc4       0x84 C:\devkitPro/libogc/lib/wii\libwiiuse.a(wiiuse.o)
                0x8000bfc4                wiiuse_motion_sensing
 .text.wiiuse_set_speaker
                0x8000c048      0x24c C:\devkitPro/libogc/lib/wii\libwiiuse.a(speaker.o)
                0x8000c048                wiiuse_set_speaker
 .text.classic_ctrl_handshake
                0x8000c294      0x410 C:\devkitPro/libogc/lib/wii\libwiiuse.a(classic.o)
                0x8000c294                classic_ctrl_handshake
 .text.classic_ctrl_disconnected
                0x8000c6a4        0xc C:\devkitPro/libogc/lib/wii\libwiiuse.a(classic.o)
                0x8000c6a4                classic_ctrl_disconnected
 .text.classic_ctrl_event
                0x8000c6b0      0x15c C:\devkitPro/libogc/lib/wii\libwiiuse.a(classic.o)
                0x8000c6b0                classic_ctrl_event
 .text.handle_expansion
                0x8000c80c       0x54 C:\devkitPro/libogc/lib/wii\libwiiuse.a(events.o)
 .text.parse_event
                0x8000c860      0x730 C:\devkitPro/libogc/lib/wii\libwiiuse.a(events.o)
                0x8000c860                parse_event
 .text.guitar_hero_3_handshake
                0x8000cf90       0x5c C:\devkitPro/libogc/lib/wii\libwiiuse.a(guitar_hero_3.o)
                0x8000cf90                guitar_hero_3_handshake
 .text.guitar_hero_3_disconnected
                0x8000cfec        0xc C:\devkitPro/libogc/lib/wii\libwiiuse.a(guitar_hero_3.o)
                0x8000cfec                guitar_hero_3_disconnected
 .text.guitar_hero_3_event
                0x8000cff8       0x60 C:\devkitPro/libogc/lib/wii\libwiiuse.a(guitar_hero_3.o)
                0x8000cff8                guitar_hero_3_event
 .text.acl_wlp_completed
                0x8000d058        0x8 C:\devkitPro/libogc/lib/wii\libbte.a(bte.o)
                0x8000d058                acl_wlp_completed
 .text.bt_alarmhandler
                0x8000d060       0x58 C:\devkitPro/libogc/lib/wii\libbte.a(bte.o)
 .text.__bte_send_pending_request
                0x8000d0b8      0x108 C:\devkitPro/libogc/lib/wii\libbte.a(bte.o)
 .text.acl_conn_complete
                0x8000d1c0       0x2c C:\devkitPro/libogc/lib/wii\libbte.a(bte.o)
                0x8000d1c0                acl_conn_complete
 .text.l2cap_accepted
                0x8000d1ec      0x11c C:\devkitPro/libogc/lib/wii\libbte.a(bte.o)
                0x8000d1ec                l2cap_accepted
 .text.l2cap_disconnect_cfm
                0x8000d308      0x190 C:\devkitPro/libogc/lib/wii\libbte.a(bte.o)
                0x8000d308                l2cap_disconnect_cfm
 .text.bte_process_input
                0x8000d498      0x11c C:\devkitPro/libogc/lib/wii\libbte.a(bte.o)
 .text.l2cap_disconnected_ind
                0x8000d5b4      0x194 C:\devkitPro/libogc/lib/wii\libbte.a(bte.o)
                0x8000d5b4                l2cap_disconnected_ind
 .text.__bte_shutdown_finished
                0x8000d748       0xdc C:\devkitPro/libogc/lib/wii\libbte.a(bte.o)
 .text.bte_hci_apply_patch_complete
                0x8000d824      0x164 C:\devkitPro/libogc/lib/wii\libbte.a(bte.o)
                0x8000d824                bte_hci_apply_patch_complete
 .text.bte_hci_patch_complete
                0x8000d988      0x370 C:\devkitPro/libogc/lib/wii\libbte.a(bte.o)
                0x8000d988                bte_hci_patch_complete
 .text.bte_hci_initcore_complete
                0x8000dcf8      0x258 C:\devkitPro/libogc/lib/wii\libbte.a(bte.o)
                0x8000dcf8                bte_hci_initcore_complete
 .text.bte_read_stored_link_key_complete
                0x8000df50      0x268 C:\devkitPro/libogc/lib/wii\libbte.a(bte.o)
                0x8000df50                bte_read_stored_link_key_complete
 .text.bte_hci_initcore_complete2
                0x8000e1b8      0x228 C:\devkitPro/libogc/lib/wii\libbte.a(bte.o)
 .text.bte_hci_initsub_complete
                0x8000e3e0      0x278 C:\devkitPro/libogc/lib/wii\libbte.a(bte.o)
                0x8000e3e0                bte_hci_initsub_complete
 .text.BTE_Init
                0x8000e658      0x138 C:\devkitPro/libogc/lib/wii\libbte.a(bte.o)
                0x8000e658                BTE_Init
 .text.BTE_Shutdown
                0x8000e790      0x100 C:\devkitPro/libogc/lib/wii\libbte.a(bte.o)
                0x8000e790                BTE_Shutdown
 .text.BTE_InitCore
                0x8000e890       0x8c C:\devkitPro/libogc/lib/wii\libbte.a(bte.o)
                0x8000e890                BTE_InitCore
 .text.BTE_ApplyPatch
                0x8000e91c       0xa4 C:\devkitPro/libogc/lib/wii\libbte.a(bte.o)
                0x8000e91c                BTE_ApplyPatch
 .text.BTE_InitSub
                0x8000e9c0       0x90 C:\devkitPro/libogc/lib/wii\libbte.a(bte.o)
                0x8000e9c0                BTE_InitSub
 .text.BTE_ReadStoredLinkKey
                0x8000ea50       0x90 C:\devkitPro/libogc/lib/wii\libbte.a(bte.o)
                0x8000ea50                BTE_ReadStoredLinkKey
 .text.BTE_SetDisconnectCallback
                0x8000eae0        0x4 C:\devkitPro/libogc/lib/wii\libbte.a(bte.o)
                0x8000eae0                BTE_SetDisconnectCallback
 .text.bte_new  0x8000eae4       0x54 C:\devkitPro/libogc/lib/wii\libbte.a(bte.o)
                0x8000eae4                bte_new
 .text.bte_registerdeviceasync
                0x8000eb38      0x158 C:\devkitPro/libogc/lib/wii\libbte.a(bte.o)
                0x8000eb38                bte_registerdeviceasync
 .text.bte_disconnect
                0x8000ec90       0xd8 C:\devkitPro/libogc/lib/wii\libbte.a(bte.o)
                0x8000ec90                bte_disconnect
 .text.bte_senddata
                0x8000ed68      0x104 C:\devkitPro/libogc/lib/wii\libbte.a(bte.o)
                0x8000ed68                bte_senddata
 .text.bte_arg  0x8000ee6c       0x38 C:\devkitPro/libogc/lib/wii\libbte.a(bte.o)
                0x8000ee6c                bte_arg
 .text.bte_received
                0x8000eea4       0x38 C:\devkitPro/libogc/lib/wii\libbte.a(bte.o)
                0x8000eea4                bte_received
 .text.bte_disconnected
                0x8000eedc       0x38 C:\devkitPro/libogc/lib/wii\libbte.a(bte.o)
                0x8000eedc                bte_disconnected
 .text.hci_get_link
                0x8000ef14       0x84 C:\devkitPro/libogc/lib/wii\libbte.a(hci.o)
 .text.hci_init
                0x8000ef98       0x7c C:\devkitPro/libogc/lib/wii\libbte.a(hci.o)
                0x8000ef98                hci_init
 .text.hci_close
                0x8000f014       0xd0 C:\devkitPro/libogc/lib/wii\libbte.a(hci.o)
                0x8000f014                hci_close
 .text.hci_reset_all
                0x8000f0e4       0xa8 C:\devkitPro/libogc/lib/wii\libbte.a(hci.o)
                0x8000f0e4                hci_reset_all
 .text.hci_arg  0x8000f18c        0xc C:\devkitPro/libogc/lib/wii\libbte.a(hci.o)
                0x8000f18c                hci_arg
 .text.hci_cmd_complete
                0x8000f198        0xc C:\devkitPro/libogc/lib/wii\libbte.a(hci.o)
                0x8000f198                hci_cmd_complete
 .text.hci_connection_complete
                0x8000f1a4        0xc C:\devkitPro/libogc/lib/wii\libbte.a(hci.o)
                0x8000f1a4                hci_connection_complete
 .text.hci_wlp_complete
                0x8000f1b0        0xc C:\devkitPro/libogc/lib/wii\libbte.a(hci.o)
                0x8000f1b0                hci_wlp_complete
 .text.hci_reset
                0x8000f1bc       0xa8 C:\devkitPro/libogc/lib/wii\libbte.a(hci.o)
                0x8000f1bc                hci_reset
 .text.hci_read_buffer_size
                0x8000f264       0xa8 C:\devkitPro/libogc/lib/wii\libbte.a(hci.o)
                0x8000f264                hci_read_buffer_size
 .text.hci_read_bd_addr
                0x8000f30c       0xa8 C:\devkitPro/libogc/lib/wii\libbte.a(hci.o)
                0x8000f30c                hci_read_bd_addr
 .text.hci_read_local_version
                0x8000f3b4       0xa4 C:\devkitPro/libogc/lib/wii\libbte.a(hci.o)
                0x8000f3b4                hci_read_local_version
 .text.hci_read_local_features
                0x8000f458       0xa8 C:\devkitPro/libogc/lib/wii\libbte.a(hci.o)
                0x8000f458                hci_read_local_features
 .text.hci_read_stored_link_key
                0x8000f500       0xf8 C:\devkitPro/libogc/lib/wii\libbte.a(hci.o)
                0x8000f500                hci_read_stored_link_key
 .text.hci_write_page_timeout
                0x8000f5f8       0xcc C:\devkitPro/libogc/lib/wii\libbte.a(hci.o)
                0x8000f5f8                hci_write_page_timeout
 .text.hci_write_scan_enable
                0x8000f6c4       0xb8 C:\devkitPro/libogc/lib/wii\libbte.a(hci.o)
                0x8000f6c4                hci_write_scan_enable
 .text.hci_accecpt_conn_request
                0x8000f77c       0xdc C:\devkitPro/libogc/lib/wii\libbte.a(hci.o)
                0x8000f77c                hci_accecpt_conn_request
 .text.hci_write_local_name
                0x8000f858       0xd4 C:\devkitPro/libogc/lib/wii\libbte.a(hci.o)
                0x8000f858                hci_write_local_name
 .text.hci_write_pin_type
                0x8000f92c       0xb8 C:\devkitPro/libogc/lib/wii\libbte.a(hci.o)
                0x8000f92c                hci_write_pin_type
 .text.hci_write_inquiry_mode
                0x8000f9e4       0xb8 C:\devkitPro/libogc/lib/wii\libbte.a(hci.o)
                0x8000f9e4                hci_write_inquiry_mode
 .text.hci_write_page_scan_type
                0x8000fa9c       0xb8 C:\devkitPro/libogc/lib/wii\libbte.a(hci.o)
                0x8000fa9c                hci_write_page_scan_type
 .text.hci_write_inquiry_scan_type
                0x8000fb54       0xb8 C:\devkitPro/libogc/lib/wii\libbte.a(hci.o)
                0x8000fb54                hci_write_inquiry_scan_type
 .text.hci_vendor_specific_command
                0x8000fc0c       0xe4 C:\devkitPro/libogc/lib/wii\libbte.a(hci.o)
                0x8000fc0c                hci_vendor_specific_command
 .text.hci_write_link_policy_settings
                0x8000fcf0      0x100 C:\devkitPro/libogc/lib/wii\libbte.a(hci.o)
                0x8000fcf0                hci_write_link_policy_settings
 .text.hci_pin_code_request_neg_reply
                0x8000fdf0       0xc8 C:\devkitPro/libogc/lib/wii\libbte.a(hci.o)
                0x8000fdf0                hci_pin_code_request_neg_reply
 .text.hci_link_key_req_neg_reply
                0x8000feb8       0xc8 C:\devkitPro/libogc/lib/wii\libbte.a(hci.o)
                0x8000feb8                hci_link_key_req_neg_reply
 .text.hci_disconnect
                0x8000ff80       0xf8 C:\devkitPro/libogc/lib/wii\libbte.a(hci.o)
                0x8000ff80                hci_disconnect
 .text.hci_write_cod
                0x80010078       0xc8 C:\devkitPro/libogc/lib/wii\libbte.a(hci.o)
                0x80010078                hci_write_cod
 .text.hci_host_buffer_size
                0x80010140      0x108 C:\devkitPro/libogc/lib/wii\libbte.a(hci.o)
                0x80010140                hci_host_buffer_size
 .text.hci_host_num_comp_packets
                0x80010248      0x104 C:\devkitPro/libogc/lib/wii\libbte.a(hci.o)
                0x80010248                hci_host_num_comp_packets
 .text.lp_pdu_maxsize
                0x8001034c        0xc C:\devkitPro/libogc/lib/wii\libbte.a(hci.o)
                0x8001034c                lp_pdu_maxsize
 .text.lp_acl_write
                0x80010358      0x154 C:\devkitPro/libogc/lib/wii\libbte.a(hci.o)
                0x80010358                lp_acl_write
 .text.lp_write_flush_timeout
                0x800104ac      0x100 C:\devkitPro/libogc/lib/wii\libbte.a(hci.o)
                0x800104ac                lp_write_flush_timeout
 .text.hci_event_handler
                0x800105ac      0xc78 C:\devkitPro/libogc/lib/wii\libbte.a(hci.o)
                0x800105ac                hci_event_handler
 .text.hci_acldata_handler
                0x80011224      0x118 C:\devkitPro/libogc/lib/wii\libbte.a(hci.o)
                0x80011224                hci_acldata_handler
 .text.l2cap_init
                0x8001133c       0x60 C:\devkitPro/libogc/lib/wii\libbte.a(l2cap.o)
                0x8001133c                l2cap_init
 .text.l2cap_write
                0x8001139c      0x1a0 C:\devkitPro/libogc/lib/wii\libbte.a(l2cap.o)
                0x8001139c                l2cap_write
 .text.l2cap_new
                0x8001153c       0x60 C:\devkitPro/libogc/lib/wii\libbte.a(l2cap.o)
                0x8001153c                l2cap_new
 .text.l2cap_close
                0x8001159c      0x1c0 C:\devkitPro/libogc/lib/wii\libbte.a(l2cap.o)
                0x8001159c                l2cap_close
 .text.l2cap_reset_all
                0x8001175c      0x148 C:\devkitPro/libogc/lib/wii\libbte.a(l2cap.o)
                0x8001175c                l2cap_reset_all
 .text.l2cap_signal
                0x800118a4      0x204 C:\devkitPro/libogc/lib/wii\libbte.a(l2cap.o)
                0x800118a4                l2cap_signal
 .text.l2ca_config_req
                0x80011aa8      0x154 C:\devkitPro/libogc/lib/wii\libbte.a(l2cap.o)
                0x80011aa8                l2ca_config_req
 .text.l2ca_disconnect_req
                0x80011bfc       0xcc C:\devkitPro/libogc/lib/wii\libbte.a(l2cap.o)
                0x80011bfc                l2ca_disconnect_req
 .text.l2cap_tmr
                0x80011cc8      0x260 C:\devkitPro/libogc/lib/wii\libbte.a(l2cap.o)
                0x80011cc8                l2cap_tmr
 .text.l2cap_process_sig
                0x80011f28     0x1318 C:\devkitPro/libogc/lib/wii\libbte.a(l2cap.o)
                0x80011f28                l2cap_process_sig
 .text.l2cap_input
                0x80013240      0x584 C:\devkitPro/libogc/lib/wii\libbte.a(l2cap.o)
                0x80013240                l2cap_input
 .text.l2ca_datawrite
                0x800137c4      0x128 C:\devkitPro/libogc/lib/wii\libbte.a(l2cap.o)
                0x800137c4                l2ca_datawrite
 .text.lp_connect_cfm
                0x800138ec      0x184 C:\devkitPro/libogc/lib/wii\libbte.a(l2cap.o)
                0x800138ec                lp_connect_cfm
 .text.lp_connect_ind
                0x80013a70        0x4 C:\devkitPro/libogc/lib/wii\libbte.a(l2cap.o)
                0x80013a70                lp_connect_ind
 .text.lp_disconnect_ind
                0x80013a74      0x124 C:\devkitPro/libogc/lib/wii\libbte.a(l2cap.o)
                0x80013a74                lp_disconnect_ind
 .text.l2cap_disconnect_bb
                0x80013b98       0x10 C:\devkitPro/libogc/lib/wii\libbte.a(l2cap.o)
                0x80013b98                l2cap_disconnect_bb
 .text.l2cap_arg
                0x80013ba8        0x8 C:\devkitPro/libogc/lib/wii\libbte.a(l2cap.o)
                0x80013ba8                l2cap_arg
 .text.l2cap_connect_ind
                0x80013bb0      0x100 C:\devkitPro/libogc/lib/wii\libbte.a(l2cap.o)
                0x80013bb0                l2cap_connect_ind
 .text.l2cap_disconnect_ind
                0x80013cb0        0x8 C:\devkitPro/libogc/lib/wii\libbte.a(l2cap.o)
                0x80013cb0                l2cap_disconnect_ind
 .text.l2cap_recv
                0x80013cb8        0x8 C:\devkitPro/libogc/lib/wii\libbte.a(l2cap.o)
                0x80013cb8                l2cap_recv
 .text.btmemb_init
                0x80013cc0       0x24 C:\devkitPro/libogc/lib/wii\libbte.a(btmemb.o)
                0x80013cc0                btmemb_init
 .text.btmemb_alloc
                0x80013ce4       0x98 C:\devkitPro/libogc/lib/wii\libbte.a(btmemb.o)
                0x80013ce4                btmemb_alloc
 .text.btmemb_free
                0x80013d7c       0xe0 C:\devkitPro/libogc/lib/wii\libbte.a(btmemb.o)
                0x80013d7c                btmemb_free
 .text.plug_holes
                0x80013e5c       0xac C:\devkitPro/libogc/lib/wii\libbte.a(btmemr.o)
 .text.btmemr_init
                0x80013f08       0xa4 C:\devkitPro/libogc/lib/wii\libbte.a(btmemr.o)
                0x80013f08                btmemr_init
 .text.btmemr_malloc
                0x80013fac      0x180 C:\devkitPro/libogc/lib/wii\libbte.a(btmemr.o)
                0x80013fac                btmemr_malloc
 .text.btmemr_free
                0x8001412c       0x98 C:\devkitPro/libogc/lib/wii\libbte.a(btmemr.o)
                0x8001412c                btmemr_free
 .text.btmemr_realloc
                0x800141c4      0x108 C:\devkitPro/libogc/lib/wii\libbte.a(btmemr.o)
                0x800141c4                btmemr_realloc
 .text.btpbuf_init
                0x800142cc       0x28 C:\devkitPro/libogc/lib/wii\libbte.a(btpbuf.o)
                0x800142cc                btpbuf_init
 .text.btpbuf_free
                0x800142f4      0x104 C:\devkitPro/libogc/lib/wii\libbte.a(btpbuf.o)
                0x800142f4                btpbuf_free
 .text.btpbuf_alloc
                0x800143f8      0x224 C:\devkitPro/libogc/lib/wii\libbte.a(btpbuf.o)
                0x800143f8                btpbuf_alloc
 .text.btpbuf_realloc
                0x8001461c      0x110 C:\devkitPro/libogc/lib/wii\libbte.a(btpbuf.o)
                0x8001461c                btpbuf_realloc
 .text.btpbuf_header
                0x8001472c       0x84 C:\devkitPro/libogc/lib/wii\libbte.a(btpbuf.o)
                0x8001472c                btpbuf_header
 .text.btpbuf_ref
                0x800147b0       0x48 C:\devkitPro/libogc/lib/wii\libbte.a(btpbuf.o)
                0x800147b0                btpbuf_ref
 .text.btpbuf_chain
                0x800147f8       0x9c C:\devkitPro/libogc/lib/wii\libbte.a(btpbuf.o)
                0x800147f8                btpbuf_chain
 .text.btpbuf_dechain
                0x80014894       0x7c C:\devkitPro/libogc/lib/wii\libbte.a(btpbuf.o)
                0x80014894                btpbuf_dechain
 .text.btpbuf_take
                0x80014910      0x13c C:\devkitPro/libogc/lib/wii\libbte.a(btpbuf.o)
                0x80014910                btpbuf_take
 .text.__usb_closeCB
                0x80014a4c       0x10 C:\devkitPro/libogc/lib/wii\libbte.a(physbusif.o)
 .text.__writebulkmsgCB
                0x80014a5c       0x3c C:\devkitPro/libogc/lib/wii\libbte.a(physbusif.o)
 .text.__writectrlmsgCB
                0x80014a98       0x3c C:\devkitPro/libogc/lib/wii\libbte.a(physbusif.o)
 .text.__issue_intrread.part.0
                0x80014ad4       0x80 C:\devkitPro/libogc/lib/wii\libbte.a(physbusif.o)
 .text.__readintrdataCB
                0x80014b54      0x148 C:\devkitPro/libogc/lib/wii\libbte.a(physbusif.o)
 .text.__issue_bulkread.part.0
                0x80014c9c       0x80 C:\devkitPro/libogc/lib/wii\libbte.a(physbusif.o)
 .text.__readbulkdataCB
                0x80014d1c      0x148 C:\devkitPro/libogc/lib/wii\libbte.a(physbusif.o)
 .text.physbusif_init
                0x80014e64      0x1ec C:\devkitPro/libogc/lib/wii\libbte.a(physbusif.o)
                0x80014e64                physbusif_init
 .text.physbusif_close
                0x80015050       0x20 C:\devkitPro/libogc/lib/wii\libbte.a(physbusif.o)
                0x80015050                physbusif_close
 .text.physbusif_shutdown
                0x80015070       0x24 C:\devkitPro/libogc/lib/wii\libbte.a(physbusif.o)
                0x80015070                physbusif_shutdown
 .text.physbusif_reset_all
                0x80015094        0x4 C:\devkitPro/libogc/lib/wii\libbte.a(physbusif.o)
                0x80015094                physbusif_reset_all
 .text.physbusif_output
                0x80015098      0x1e8 C:\devkitPro/libogc/lib/wii\libbte.a(physbusif.o)
                0x80015098                physbusif_output
 .text.__console_clear_line
                0x80015280       0xb8 C:\devkitPro/libogc/lib/wii\libogc.a(console.o)
 .text.__console_clear
                0x80015338       0xbc C:\devkitPro/libogc/lib/wii\libogc.a(console.o)
 .text.__console_write
                0x800153f4      0x830 C:\devkitPro/libogc/lib/wii\libogc.a(console.o)
                0x800153f4                __console_write
 .text.__console_init
                0x80015c24      0x120 C:\devkitPro/libogc/lib/wii\libogc.a(console.o)
                0x80015c24                __console_init
 .text.CON_Init
                0x80015d44        0x4 C:\devkitPro/libogc/lib/wii\libogc.a(console.o)
                0x80015d44                CON_Init
 .text.CON_EnableGecko
                0x80015d48      0x100 C:\devkitPro/libogc/lib/wii\libogc.a(console.o)
                0x80015d48                CON_EnableGecko
 .text.__lwp_queue_initialize
                0x80015e48       0x98 C:\devkitPro/libogc/lib/wii\libogc.a(lwp_queue.o)
                0x80015e48                __lwp_queue_initialize
 .text.__lwp_queue_get
                0x80015ee0       0x74 C:\devkitPro/libogc/lib/wii\libogc.a(lwp_queue.o)
                0x80015ee0                __lwp_queue_get
 .text.__lwp_queue_append
                0x80015f54       0x4c C:\devkitPro/libogc/lib/wii\libogc.a(lwp_queue.o)
                0x80015f54                __lwp_queue_append
 .text.__syscall_getreent
                0x80015fa0       0x24 C:\devkitPro/libogc/lib/wii\libogc.a(lwp_threads.o)
                0x80015fa0                __syscall_getreent
 .text.__lwp_isr_in_progress
                0x80015fc4        0x8 C:\devkitPro/libogc/lib/wii\libogc.a(lwp_threads.o)
                0x80015fc4                __lwp_isr_in_progress
 .text.__thread_dispatch_fp
                0x80015fcc       0x88 C:\devkitPro/libogc/lib/wii\libogc.a(lwp_threads.o)
                0x80015fcc                __thread_dispatch_fp
 .text.__thread_dispatch
                0x80016054       0xf4 C:\devkitPro/libogc/lib/wii\libogc.a(lwp_threads.o)
                0x80016054                __thread_dispatch
 .text.__lwp_thread_resettimeslice
                0x80016148       0xb4 C:\devkitPro/libogc/lib/wii\libogc.a(lwp_threads.o)
                0x80016148                __lwp_thread_resettimeslice
 .text.__lwp_thread_tickle_timeslice
                0x800161fc       0xc8 C:\devkitPro/libogc/lib/wii\libogc.a(lwp_threads.o)
                0x800161fc                __lwp_thread_tickle_timeslice
 .text.__lwp_thread_setstate
                0x800162c4      0x16c C:\devkitPro/libogc/lib/wii\libogc.a(lwp_threads.o)
                0x800162c4                __lwp_thread_setstate
 .text.__lwp_thread_clearstate
                0x80016430       0xe4 C:\devkitPro/libogc/lib/wii\libogc.a(lwp_threads.o)
                0x80016430                __lwp_thread_clearstate
 .text.__lwp_thread_delayended
                0x80016514       0x48 C:\devkitPro/libogc/lib/wii\libogc.a(lwp_threads.o)
                0x80016514                __lwp_thread_delayended
 .text.__lwp_thread_settransient
                0x8001655c       0xb4 C:\devkitPro/libogc/lib/wii\libogc.a(lwp_threads.o)
                0x8001655c                __lwp_thread_settransient
 .text.__lwp_thread_changepriority
                0x80016610      0x1f8 C:\devkitPro/libogc/lib/wii\libogc.a(lwp_threads.o)
                0x80016610                __lwp_thread_changepriority
 .text.__lwp_thread_ready
                0x80016808       0xf0 C:\devkitPro/libogc/lib/wii\libogc.a(lwp_threads.o)
                0x80016808                __lwp_thread_ready
 .text.__lwp_thread_init
                0x800168f8      0x160 C:\devkitPro/libogc/lib/wii\libogc.a(lwp_threads.o)
                0x800168f8                __lwp_thread_init
 .text.__lwp_thread_close
                0x80016a58      0x144 C:\devkitPro/libogc/lib/wii\libogc.a(lwp_threads.o)
                0x80016a58                __lwp_thread_close
 .text.__lwp_thread_handler
                0x80016b9c       0xc0 C:\devkitPro/libogc/lib/wii\libogc.a(lwp_threads.o)
 .text.__lwp_thread_closeall
                0x80016c5c       0xb0 C:\devkitPro/libogc/lib/wii\libogc.a(lwp_threads.o)
                0x80016c5c                __lwp_thread_closeall
 .text.__lwp_thread_start
                0x80016d0c      0x150 C:\devkitPro/libogc/lib/wii\libogc.a(lwp_threads.o)
                0x80016d0c                __lwp_thread_start
 .text.__lwp_thread_startmultitasking
                0x80016e5c       0xac C:\devkitPro/libogc/lib/wii\libogc.a(lwp_threads.o)
                0x80016e5c                __lwp_thread_startmultitasking
 .text.__lwp_thread_stopmultitasking
                0x80016f08       0x58 C:\devkitPro/libogc/lib/wii\libogc.a(lwp_threads.o)
                0x80016f08                __lwp_thread_stopmultitasking
 .text.__lwp_thread_coreinit
                0x80016f60       0xc4 C:\devkitPro/libogc/lib/wii\libogc.a(lwp_threads.o)
                0x80016f60                __lwp_thread_coreinit
 .text.idle_func
                0x80017024        0x4 C:\devkitPro/libogc/lib/wii\libogc.a(lwp.o)
 .text.__lwp_sysinit
                0x80017028      0x114 C:\devkitPro/libogc/lib/wii\libogc.a(lwp.o)
                0x80017028                __lwp_sysinit
 .text.LWP_InitQueue
                0x8001713c      0x148 C:\devkitPro/libogc/lib/wii\libogc.a(lwp.o)
                0x8001713c                LWP_InitQueue
 .text.LWP_CloseQueue
                0x80017284       0xd4 C:\devkitPro/libogc/lib/wii\libogc.a(lwp.o)
                0x80017284                LWP_CloseQueue
 .text.LWP_ThreadSleep
                0x80017358       0xf8 C:\devkitPro/libogc/lib/wii\libogc.a(lwp.o)
                0x80017358                LWP_ThreadSleep
 .text.LWP_ThreadBroadcast
                0x80017450       0x88 C:\devkitPro/libogc/lib/wii\libogc.a(lwp.o)
                0x80017450                LWP_ThreadBroadcast
 .text.LWP_ThreadSignal
                0x800174d8       0x74 C:\devkitPro/libogc/lib/wii\libogc.a(lwp.o)
                0x800174d8                LWP_ThreadSignal
 .text.__lwp_stack_allocate
                0x8001754c       0x60 C:\devkitPro/libogc/lib/wii\libogc.a(lwp_stack.o)
                0x8001754c                __lwp_stack_allocate
 .text.__lwp_stack_free
                0x800175ac       0x1c C:\devkitPro/libogc/lib/wii\libogc.a(lwp_stack.o)
                0x800175ac                __lwp_stack_free
 .text.__lwp_wd_settimer
                0x800175c8       0xdc C:\devkitPro/libogc/lib/wii\libogc.a(lwp_watchdog.o)
 .text.__lwp_watchdog_init
                0x800176a4       0x2c C:\devkitPro/libogc/lib/wii\libogc.a(lwp_watchdog.o)
                0x800176a4                __lwp_watchdog_init
 .text.__lwp_wd_insert
                0x800176d0      0x19c C:\devkitPro/libogc/lib/wii\libogc.a(lwp_watchdog.o)
                0x800176d0                __lwp_wd_insert
 .text.__lwp_wd_remove
                0x8001786c      0x138 C:\devkitPro/libogc/lib/wii\libogc.a(lwp_watchdog.o)
                0x8001786c                __lwp_wd_remove
 .text.__lwp_wd_tickle
                0x800179a4      0x120 C:\devkitPro/libogc/lib/wii\libogc.a(lwp_watchdog.o)
                0x800179a4                __lwp_wd_tickle
 .text.__lwp_wkspace_init
                0x80017ac4       0xc0 C:\devkitPro/libogc/lib/wii\libogc.a(lwp_wkspace.o)
                0x80017ac4                __lwp_wkspace_init
 .text.__lwp_objmgr_initinfo
                0x80017b84      0x1a0 C:\devkitPro/libogc/lib/wii\libogc.a(lwp_objmgr.o)
                0x80017b84                __lwp_objmgr_initinfo
 .text.__lwp_objmgr_getisrdisable
                0x80017d24       0x60 C:\devkitPro/libogc/lib/wii\libogc.a(lwp_objmgr.o)
                0x80017d24                __lwp_objmgr_getisrdisable
 .text.__lwp_objmgr_getnoprotection
                0x80017d84       0x24 C:\devkitPro/libogc/lib/wii\libogc.a(lwp_objmgr.o)
                0x80017d84                __lwp_objmgr_getnoprotection
 .text.__lwp_objmgr_get
                0x80017da8       0x6c C:\devkitPro/libogc/lib/wii\libogc.a(lwp_objmgr.o)
                0x80017da8                __lwp_objmgr_get
 .text.__lwp_objmgr_allocate
                0x80017e14       0x88 C:\devkitPro/libogc/lib/wii\libogc.a(lwp_objmgr.o)
                0x80017e14                __lwp_objmgr_allocate
 .text.__lwp_objmgr_free
                0x80017e9c       0x60 C:\devkitPro/libogc/lib/wii\libogc.a(lwp_objmgr.o)
                0x80017e9c                __lwp_objmgr_free
 .text.__lwp_heap_init
                0x80017efc       0xa4 C:\devkitPro/libogc/lib/wii\libogc.a(lwp_heap.o)
                0x80017efc                __lwp_heap_init
 .text.__lwp_heap_allocate
                0x80017fa0      0x160 C:\devkitPro/libogc/lib/wii\libogc.a(lwp_heap.o)
                0x80017fa0                __lwp_heap_allocate
 .text.__lwp_heap_free
                0x80018100      0x188 C:\devkitPro/libogc/lib/wii\libogc.a(lwp_heap.o)
                0x80018100                __lwp_heap_free
 .text.__SetInterrupts
                0x80018288      0x268 C:\devkitPro/libogc/lib/wii\libogc.a(irq.o)
 .text.c_irqdispatcher
                0x800184f0      0x268 C:\devkitPro/libogc/lib/wii\libogc.a(irq.o)
                0x800184f0                c_irqdispatcher
 .text.__UnmaskIrq
                0x80018758       0x84 C:\devkitPro/libogc/lib/wii\libogc.a(irq.o)
                0x80018758                __UnmaskIrq
 .text.__MaskIrq
                0x800187dc       0x84 C:\devkitPro/libogc/lib/wii\libogc.a(irq.o)
                0x800187dc                __MaskIrq
 .text.__irq_init
                0x80018860       0x84 C:\devkitPro/libogc/lib/wii\libogc.a(irq.o)
                0x80018860                __irq_init
 .text.IRQ_Request
                0x800188e4       0x50 C:\devkitPro/libogc/lib/wii\libogc.a(irq.o)
                0x800188e4                IRQ_Request
 .text.IRQ_GetHandler
                0x80018934       0x44 C:\devkitPro/libogc/lib/wii\libogc.a(irq.o)
                0x80018934                IRQ_GetHandler
 .text.IRQ_Disable
                0x80018978       0x1c C:\devkitPro/libogc/lib/wii\libogc.a(irq.o)
                0x80018978                IRQ_Disable
 .text.IRQ_Restore
                0x80018994       0x1c C:\devkitPro/libogc/lib/wii\libogc.a(irq.o)
                0x80018994                IRQ_Restore
 .text.__VISendI2CData.constprop.0.isra.0
                0x800189b0      0x428 C:\devkitPro/libogc/lib/wii\libogc.a(video.o)
 .text.__setFbbRegs.constprop.0
                0x80018dd8      0x190 C:\devkitPro/libogc/lib/wii\libogc.a(video.o)
 .text.__VISetYUVSEL
                0x80018f68       0xb8 C:\devkitPro/libogc/lib/wii\libogc.a(video.o)
 .text.VIDEO_Configure
                0x80019020      0x600 C:\devkitPro/libogc/lib/wii\libogc.a(video.o)
                0x80019020                VIDEO_Configure
 .text.VIDEO_WaitVSync
                0x80019620       0x74 C:\devkitPro/libogc/lib/wii\libogc.a(video.o)
                0x80019620                VIDEO_WaitVSync
 .text.VIDEO_SetFramebuffer
                0x80019694       0xd0 C:\devkitPro/libogc/lib/wii\libogc.a(video.o)
                0x80019694                VIDEO_SetFramebuffer
 .text.VIDEO_SetNextFramebuffer
                0x80019764       0x70 C:\devkitPro/libogc/lib/wii\libogc.a(video.o)
                0x80019764                VIDEO_SetNextFramebuffer
 .text.VIDEO_Flush
                0x800197d4       0xf4 C:\devkitPro/libogc/lib/wii\libogc.a(video.o)
                0x800197d4                VIDEO_Flush
 .text.VIDEO_SetBlack
                0x800198c8      0x15c C:\devkitPro/libogc/lib/wii\libogc.a(video.o)
                0x800198c8                VIDEO_SetBlack
 .text.VIDEO_GetCurrentTvMode
                0x80019a24       0x78 C:\devkitPro/libogc/lib/wii\libogc.a(video.o)
                0x80019a24                VIDEO_GetCurrentTvMode
 .text.__VIRetraceHandler
                0x80019a9c      0x284 C:\devkitPro/libogc/lib/wii\libogc.a(video.o)
 .text.__VISetupEncoder
                0x80019d20      0x288 C:\devkitPro/libogc/lib/wii\libogc.a(video.o)
 .text.VIDEO_Init
                0x80019fa8      0x3cc C:\devkitPro/libogc/lib/wii\libogc.a(video.o)
                0x80019fa8                VIDEO_Init
 .text.VIDEO_GetPreferredMode
                0x8001a374      0x108 C:\devkitPro/libogc/lib/wii\libogc.a(video.o)
                0x8001a374                VIDEO_GetPreferredMode
 .text.VIDEO_GetCurrentLine
                0x8001a47c       0xa0 C:\devkitPro/libogc/lib/wii\libogc.a(video.o)
                0x8001a47c                VIDEO_GetCurrentLine
 .text.VIDEO_GetFrameBufferSize
                0x8001a51c       0x34 C:\devkitPro/libogc/lib/wii\libogc.a(video.o)
                0x8001a51c                VIDEO_GetFrameBufferSize
 .text.__call_resetfuncs
                0x8001a550       0xbc C:\devkitPro/libogc/lib/wii\libogc.a(system.o)
 .text.__MEMInterruptHandler
                0x8001a60c       0x14 C:\devkitPro/libogc/lib/wii\libogc.a(system.o)
 .text.__RSWDefaultHandler
                0x8001a620        0x4 C:\devkitPro/libogc/lib/wii\libogc.a(system.o)
 .text.__POWDefaultHandler
                0x8001a624        0x4 C:\devkitPro/libogc/lib/wii\libogc.a(system.o)
 .text.__STMEventHandler
                0x8001a628      0x104 C:\devkitPro/libogc/lib/wii\libogc.a(system.o)
 .text.__getrtc
                0x8001a72c      0x13c C:\devkitPro/libogc/lib/wii\libogc.a(system.o)
 .text.__sram_write
                0x8001a868      0x130 C:\devkitPro/libogc/lib/wii\libogc.a(system.o)
 .text.__sram_writecallback
                0x8001a998       0x54 C:\devkitPro/libogc/lib/wii\libogc.a(system.o)
 .text.__mem_onreset
                0x8001a9ec       0x48 C:\devkitPro/libogc/lib/wii\libogc.a(system.o)
 .text.__unlocksram
                0x8001aa34      0x174 C:\devkitPro/libogc/lib/wii\libogc.a(system.o)
 .text.__sys_alarmhandler
                0x8001aba8      0x154 C:\devkitPro/libogc/lib/wii\libogc.a(system.o)
 .text.__syscall_malloc_lock
                0x8001acfc        0x4 C:\devkitPro/libogc/lib/wii\libogc.a(system.o)
                0x8001acfc                __syscall_malloc_lock
 .text.__syscall_malloc_unlock
                0x8001ad00        0x4 C:\devkitPro/libogc/lib/wii\libogc.a(system.o)
                0x8001ad00                __syscall_malloc_unlock
 .text.__syscall_nanosleep
                0x8001ad04        0x4 C:\devkitPro/libogc/lib/wii\libogc.a(system.o)
                0x8001ad04                __syscall_nanosleep
 .text.__SYS_GetRTC
                0x8001ad08       0x98 C:\devkitPro/libogc/lib/wii\libogc.a(system.o)
                0x8001ad08                __SYS_GetRTC
 .text.__SYS_SetBootTime
                0x8001ada0      0x108 C:\devkitPro/libogc/lib/wii\libogc.a(system.o)
                0x8001ada0                __SYS_SetBootTime
 .text.__SYS_GetIPCBufferLo
                0x8001aea8        0x8 C:\devkitPro/libogc/lib/wii\libogc.a(system.o)
                0x8001aea8                __SYS_GetIPCBufferLo
 .text.__SYS_GetIPCBufferHi
                0x8001aeb0        0x8 C:\devkitPro/libogc/lib/wii\libogc.a(system.o)
                0x8001aeb0                __SYS_GetIPCBufferHi
 .text.__SYS_DoPowerCB
                0x8001aeb8       0x74 C:\devkitPro/libogc/lib/wii\libogc.a(system.o)
                0x8001aeb8                __SYS_DoPowerCB
 .text.__SYS_PreInit
                0x8001af2c        0x4 C:\devkitPro/libogc/lib/wii\libogc.a(system.o)
                0x8001af2c                __SYS_PreInit
 .text.SYS_PreMain
                0x8001af30       0x7c C:\devkitPro/libogc/lib/wii\libogc.a(system.o)
                0x8001af30                SYS_PreMain
 .text.SYS_ResetButtonDown
                0x8001afac       0x18 C:\devkitPro/libogc/lib/wii\libogc.a(system.o)
                0x8001afac                SYS_ResetButtonDown
 .text.SYS_ResetSystem
                0x8001afc4      0x1f8 C:\devkitPro/libogc/lib/wii\libogc.a(system.o)
                0x8001afc4                SYS_ResetSystem
 .text.__reload
                0x8001b1bc       0x84 C:\devkitPro/libogc/lib/wii\libogc.a(system.o)
                0x8001b1bc                __reload
 .text.__syscall_exit
                0x8001b240       0x8c C:\devkitPro/libogc/lib/wii\libogc.a(system.o)
                0x8001b240                __syscall_exit
 .text.SYS_RegisterResetFunc
                0x8001b2cc       0x78 C:\devkitPro/libogc/lib/wii\libogc.a(system.o)
                0x8001b2cc                SYS_RegisterResetFunc
 .text.SYS_SetArena1Lo
                0x8001b344       0x38 C:\devkitPro/libogc/lib/wii\libogc.a(system.o)
                0x8001b344                SYS_SetArena1Lo
 .text.SYS_GetArena1Lo
                0x8001b37c       0x38 C:\devkitPro/libogc/lib/wii\libogc.a(system.o)
                0x8001b37c                SYS_GetArena1Lo
 .text.SYS_GetArena1Hi
                0x8001b3b4       0x38 C:\devkitPro/libogc/lib/wii\libogc.a(system.o)
                0x8001b3b4                SYS_GetArena1Hi
 .text.SYS_SetArena2Lo
                0x8001b3ec       0x38 C:\devkitPro/libogc/lib/wii\libogc.a(system.o)
                0x8001b3ec                SYS_SetArena2Lo
 .text.SYS_GetArena2Lo
                0x8001b424       0x38 C:\devkitPro/libogc/lib/wii\libogc.a(system.o)
                0x8001b424                SYS_GetArena2Lo
 .text.SYS_SetArena2Hi
                0x8001b45c       0x38 C:\devkitPro/libogc/lib/wii\libogc.a(system.o)
                0x8001b45c                SYS_SetArena2Hi
 .text.SYS_GetArena2Hi
                0x8001b494       0x38 C:\devkitPro/libogc/lib/wii\libogc.a(system.o)
                0x8001b494                SYS_GetArena2Hi
 .text.SYS_AllocateFramebuffer
                0x8001b4cc       0x28 C:\devkitPro/libogc/lib/wii\libogc.a(system.o)
                0x8001b4cc                SYS_AllocateFramebuffer
 .text.SYS_CreateAlarm
                0x8001b4f4      0x104 C:\devkitPro/libogc/lib/wii\libogc.a(system.o)
                0x8001b4f4                SYS_CreateAlarm
 .text.SYS_SetAlarm
                0x8001b5f8      0x1e0 C:\devkitPro/libogc/lib/wii\libogc.a(system.o)
                0x8001b5f8                SYS_SetAlarm
 .text.SYS_SetPeriodicAlarm
                0x8001b7d8      0x270 C:\devkitPro/libogc/lib/wii\libogc.a(system.o)
                0x8001b7d8                SYS_SetPeriodicAlarm
 .text.SYS_RemoveAlarm
                0x8001ba48      0x10c C:\devkitPro/libogc/lib/wii\libogc.a(system.o)
                0x8001ba48                SYS_RemoveAlarm
 .text.SYS_CancelAlarm
                0x8001bb54       0xbc C:\devkitPro/libogc/lib/wii\libogc.a(system.o)
                0x8001bb54                SYS_CancelAlarm
 .text.SYS_GetWirelessID
                0x8001bc10       0x90 C:\devkitPro/libogc/lib/wii\libogc.a(system.o)
                0x8001bc10                SYS_GetWirelessID
 .text.SYS_SetWirelessID
                0x8001bca0       0x90 C:\devkitPro/libogc/lib/wii\libogc.a(system.o)
                0x8001bca0                SYS_SetWirelessID
 .text.SYS_SetGBSMode
                0x8001bd30       0xa8 C:\devkitPro/libogc/lib/wii\libogc.a(system.o)
                0x8001bd30                SYS_SetGBSMode
 .text.__sram_init
                0x8001bdd8      0x1b8 C:\devkitPro/libogc/lib/wii\libogc.a(system.o)
                0x8001bdd8                __sram_init
 .text.SYS_Init
                0x8001bf90      0x5b4 C:\devkitPro/libogc/lib/wii\libogc.a(system.o)
                0x8001bf90                SYS_Init
 .text.SYS_GetHollywoodRevision
                0x8001c544       0x3c C:\devkitPro/libogc/lib/wii\libogc.a(system.o)
                0x8001c544                SYS_GetHollywoodRevision
 .text.SYS_Time
                0x8001c580       0x78 C:\devkitPro/libogc/lib/wii\libogc.a(system.o)
                0x8001c580                SYS_Time
 .text.__lwp_cond_init
                0x8001c5f8       0x14 C:\devkitPro/libogc/lib/wii\libogc.a(cond.o)
                0x8001c5f8                __lwp_cond_init
 .text.__decrementer_init
                0x8001c60c        0x4 C:\devkitPro/libogc/lib/wii\libogc.a(decrementer.o)
                0x8001c60c                __decrementer_init
 .text.c_decrementer_handler
                0x8001c610        0xc C:\devkitPro/libogc/lib/wii\libogc.a(decrementer.o)
                0x8001c610                c_decrementer_handler
 .text.__lwp_mqbox_init
                0x8001c61c       0x14 C:\devkitPro/libogc/lib/wii\libogc.a(message.o)
                0x8001c61c                __lwp_mqbox_init
 .text.__si_transfer
                0x8001c630      0x194 C:\devkitPro/libogc/lib/wii\libogc.a(si.o)
 .text.__si_alarmhandler
                0x8001c7c4       0xdc C:\devkitPro/libogc/lib/wii\libogc.a(si.o)
 .text.__si_completetransfer
                0x8001c8a0      0x1fc C:\devkitPro/libogc/lib/wii\libogc.a(si.o)
 .text.__si_transfernext
                0x8001ca9c       0xe0 C:\devkitPro/libogc/lib/wii\libogc.a(si.o)
 .text.SI_Busy  0x8001cb7c       0x18 C:\devkitPro/libogc/lib/wii\libogc.a(si.o)
                0x8001cb7c                SI_Busy
 .text.SI_IsChanBusy
                0x8001cb94       0x38 C:\devkitPro/libogc/lib/wii\libogc.a(si.o)
                0x8001cb94                SI_IsChanBusy
 .text.SI_SetXY
                0x8001cbcc       0x64 C:\devkitPro/libogc/lib/wii\libogc.a(si.o)
                0x8001cbcc                SI_SetXY
 .text.SI_EnablePolling
                0x8001cc30       0x78 C:\devkitPro/libogc/lib/wii\libogc.a(si.o)
                0x8001cc30                SI_EnablePolling
 .text.SI_DisablePolling
                0x8001cca8       0x58 C:\devkitPro/libogc/lib/wii\libogc.a(si.o)
                0x8001cca8                SI_DisablePolling
 .text.SI_SetSamplingRate
                0x8001cd00       0xd8 C:\devkitPro/libogc/lib/wii\libogc.a(si.o)
                0x8001cd00                SI_SetSamplingRate
 .text.SI_RefreshSamplingRate
                0x8001cdd8        0x8 C:\devkitPro/libogc/lib/wii\libogc.a(si.o)
                0x8001cdd8                SI_RefreshSamplingRate
 .text.SI_GetStatus
                0x8001cde0       0x78 C:\devkitPro/libogc/lib/wii\libogc.a(si.o)
                0x8001cde0                SI_GetStatus
 .text.SI_GetResponseRaw
                0x8001ce58       0xe8 C:\devkitPro/libogc/lib/wii\libogc.a(si.o)
                0x8001ce58                SI_GetResponseRaw
 .text.SI_GetResponse
                0x8001cf40       0xb8 C:\devkitPro/libogc/lib/wii\libogc.a(si.o)
                0x8001cf40                SI_GetResponse
 .text.SI_SetCommand
                0x8001cff8       0x10 C:\devkitPro/libogc/lib/wii\libogc.a(si.o)
                0x8001cff8                SI_SetCommand
 .text.SI_Transfer
                0x8001d008      0x268 C:\devkitPro/libogc/lib/wii\libogc.a(si.o)
                0x8001d008                SI_Transfer
 .text.__si_gettypecallback
                0x8001d270      0x2c0 C:\devkitPro/libogc/lib/wii\libogc.a(si.o)
 .text.__si_interrupthandler
                0x8001d530      0x268 C:\devkitPro/libogc/lib/wii\libogc.a(si.o)
 .text.SI_GetType
                0x8001d798      0x214 C:\devkitPro/libogc/lib/wii\libogc.a(si.o)
                0x8001d798                SI_GetType
 .text.SI_GetTypeAsync
                0x8001d9ac      0x138 C:\devkitPro/libogc/lib/wii\libogc.a(si.o)
                0x8001d9ac                SI_GetTypeAsync
 .text.SI_EnablePollingInterrupt
                0x8001dae4       0x8c C:\devkitPro/libogc/lib/wii\libogc.a(si.o)
                0x8001dae4                SI_EnablePollingInterrupt
 .text.SI_UnregisterPollingHandler
                0x8001db70       0xe0 C:\devkitPro/libogc/lib/wii\libogc.a(si.o)
                0x8001db70                SI_UnregisterPollingHandler
 .text.__si_init
                0x8001dc50       0xe0 C:\devkitPro/libogc/lib/wii\libogc.a(si.o)
                0x8001dc50                __si_init
 .text.__ipc_sendrequest.part.0
                0x8001dd30       0xdc C:\devkitPro/libogc/lib/wii\libogc.a(ipc.o)
 .text.__ipc_syncrequest
                0x8001de0c       0xec C:\devkitPro/libogc/lib/wii\libogc.a(ipc.o)
 .text.__ioctlvfmtCB
                0x8001def8      0x158 C:\devkitPro/libogc/lib/wii\libogc.a(ipc.o)
 .text.__ios_ioctlvformat_parse
                0x8001e050      0x820 C:\devkitPro/libogc/lib/wii\libogc.a(ipc.o)
 .text.__ipc_asyncrequest
                0x8001e870      0x148 C:\devkitPro/libogc/lib/wii\libogc.a(ipc.o)
 .text.__ipc_interrupthandler
                0x8001e9b8      0x34c C:\devkitPro/libogc/lib/wii\libogc.a(ipc.o)
 .text.iosCreateHeap
                0x8001ed04      0x138 C:\devkitPro/libogc/lib/wii\libogc.a(ipc.o)
                0x8001ed04                iosCreateHeap
 .text.iosAlloc
                0x8001ee3c       0x30 C:\devkitPro/libogc/lib/wii\libogc.a(ipc.o)
                0x8001ee3c                iosAlloc
 .text.iosFree  0x8001ee6c       0x28 C:\devkitPro/libogc/lib/wii\libogc.a(ipc.o)
                0x8001ee6c                iosFree
 .text.__IPC_ClntInit
                0x8001ee94       0xc8 C:\devkitPro/libogc/lib/wii\libogc.a(ipc.o)
                0x8001ee94                __IPC_ClntInit
 .text.IOS_Open
                0x8001ef5c      0x110 C:\devkitPro/libogc/lib/wii\libogc.a(ipc.o)
                0x8001ef5c                IOS_Open
 .text.IOS_Close
                0x8001f06c       0xf0 C:\devkitPro/libogc/lib/wii\libogc.a(ipc.o)
                0x8001f06c                IOS_Close
 .text.IOS_CloseAsync
                0x8001f15c       0xb4 C:\devkitPro/libogc/lib/wii\libogc.a(ipc.o)
                0x8001f15c                IOS_CloseAsync
 .text.IOS_Read
                0x8001f210      0x10c C:\devkitPro/libogc/lib/wii\libogc.a(ipc.o)
                0x8001f210                IOS_Read
 .text.IOS_Write
                0x8001f31c      0x10c C:\devkitPro/libogc/lib/wii\libogc.a(ipc.o)
                0x8001f31c                IOS_Write
 .text.IOS_Ioctl
                0x8001f428      0x158 C:\devkitPro/libogc/lib/wii\libogc.a(ipc.o)
                0x8001f428                IOS_Ioctl
 .text.IOS_IoctlAsync
                0x8001f580      0x148 C:\devkitPro/libogc/lib/wii\libogc.a(ipc.o)
                0x8001f580                IOS_IoctlAsync
 .text.IOS_Ioctlv
                0x8001f6c8      0x1f0 C:\devkitPro/libogc/lib/wii\libogc.a(ipc.o)
                0x8001f6c8                IOS_Ioctlv
 .text.IOS_IoctlvAsync
                0x8001f8b8      0x1d4 C:\devkitPro/libogc/lib/wii\libogc.a(ipc.o)
                0x8001f8b8                IOS_IoctlvAsync
 .text.IOS_IoctlvFormat
                0x8001fa8c      0x16c C:\devkitPro/libogc/lib/wii\libogc.a(ipc.o)
                0x8001fa8c                IOS_IoctlvFormat
 .text.IOS_IoctlvReboot
                0x8001fbf8      0x1f4 C:\devkitPro/libogc/lib/wii\libogc.a(ipc.o)
                0x8001fbf8                IOS_IoctlvReboot
 .text.gettick  0x8001fdec        0x8 C:\devkitPro/libogc/lib/wii\libogc.a(timesupp.o)
                0x8001fdec                gettick
 .text.gettime  0x8001fdf4       0x18 C:\devkitPro/libogc/lib/wii\libogc.a(timesupp.o)
                0x8001fdf4                gettime
 .text.settime  0x8001fe0c       0x14 C:\devkitPro/libogc/lib/wii\libogc.a(timesupp.o)
                0x8001fe0c                settime
 .text.diff_usec
                0x8001fe20       0x88 C:\devkitPro/libogc/lib/wii\libogc.a(timesupp.o)
                0x8001fe20                diff_usec
 .text.__timesystem_init
                0x8001fea8       0x1c C:\devkitPro/libogc/lib/wii\libogc.a(timesupp.o)
                0x8001fea8                __timesystem_init
 .text.udelay   0x8001fec4       0xac C:\devkitPro/libogc/lib/wii\libogc.a(timesupp.o)
                0x8001fec4                udelay
 .text.__libogc_nanosleep
                0x8001ff70      0x144 C:\devkitPro/libogc/lib/wii\libogc.a(timesupp.o)
                0x8001ff70                __libogc_nanosleep
 .text.__syscall_lock_init
                0x800200b4       0x6c C:\devkitPro/libogc/lib/wii\libogc.a(lock_supp.o)
                0x800200b4                __syscall_lock_init
 .text.__syscall_lock_init_recursive
                0x80020120       0x6c C:\devkitPro/libogc/lib/wii\libogc.a(lock_supp.o)
                0x80020120                __syscall_lock_init_recursive
 .text.__syscall_lock_close
                0x8002018c       0x68 C:\devkitPro/libogc/lib/wii\libogc.a(lock_supp.o)
                0x8002018c                __syscall_lock_close
 .text.__syscall_lock_acquire
                0x800201f4       0x18 C:\devkitPro/libogc/lib/wii\libogc.a(lock_supp.o)
                0x800201f4                __syscall_lock_acquire
 .text.__syscall_lock_release
                0x8002020c       0x18 C:\devkitPro/libogc/lib/wii\libogc.a(lock_supp.o)
                0x8002020c                __syscall_lock_release
 .text.__usbgecko_exi_unlock
                0x80020224       0x34 C:\devkitPro/libogc/lib/wii\libogc.a(usbgecko.o)
 .text.usb_isgeckoalive
                0x80020258      0x1bc C:\devkitPro/libogc/lib/wii\libogc.a(usbgecko.o)
                0x80020258                usb_isgeckoalive
 .text.usb_sendbuffer_ex
                0x80020414      0x214 C:\devkitPro/libogc/lib/wii\libogc.a(usbgecko.o)
                0x80020414                usb_sendbuffer_ex
 .text.usb_sendbuffer
                0x80020628        0x8 C:\devkitPro/libogc/lib/wii\libogc.a(usbgecko.o)
                0x80020628                usb_sendbuffer
 .text.usb_sendbuffer_safe_ex
                0x80020630      0x2ac C:\devkitPro/libogc/lib/wii\libogc.a(usbgecko.o)
                0x80020630                usb_sendbuffer_safe_ex
 .text.usb_sendbuffer_safe
                0x800208dc        0x8 C:\devkitPro/libogc/lib/wii\libogc.a(usbgecko.o)
                0x800208dc                usb_sendbuffer_safe
 .text._sbrk_r  0x800208e4      0x28c C:\devkitPro/libogc/lib/wii\libogc.a(sbrk.o)
                0x800208e4                _sbrk_r
 .text.__memlock_init
                0x80020b70       0x7c C:\devkitPro/libogc/lib/wii\libogc.a(malloc_lock.o)
                0x80020b70                __memlock_init
 .text.__libogc_malloc_lock
                0x80020bec      0x1fc C:\devkitPro/libogc/lib/wii\libogc.a(malloc_lock.o)
                0x80020bec                __libogc_malloc_lock
 .text.__libogc_malloc_unlock
                0x80020de8       0x64 C:\devkitPro/libogc/lib/wii\libogc.a(malloc_lock.o)
                0x80020de8                __libogc_malloc_unlock
 .text.__STM_SetEventHook
                0x80020e4c       0xb0 C:\devkitPro/libogc/lib/wii\libogc.a(stm.o)
                0x80020e4c                __STM_SetEventHook
 .text.__STM_Init
                0x80020efc       0x8c C:\devkitPro/libogc/lib/wii\libogc.a(stm.o)
                0x80020efc                __STM_Init
 .text.__STMEventHandler
                0x80020f88       0x64 C:\devkitPro/libogc/lib/wii\libogc.a(stm.o)
 .text.__STM_ReleaseEventHook
                0x80020fec       0x80 C:\devkitPro/libogc/lib/wii\libogc.a(stm.o)
                0x80020fec                __STM_ReleaseEventHook
 .text.__STM_Close
                0x8002106c       0xac C:\devkitPro/libogc/lib/wii\libogc.a(stm.o)
                0x8002106c                __STM_Close
 .text.STM_RegisterEventHandler
                0x80021118       0x10 C:\devkitPro/libogc/lib/wii\libogc.a(stm.o)
                0x80021118                STM_RegisterEventHandler
 .text.STM_ShutdownToStandby
                0x80021128       0x50 C:\devkitPro/libogc/lib/wii\libogc.a(stm.o)
                0x80021128                STM_ShutdownToStandby
 .text.STM_ShutdownToIdle
                0x80021178       0x70 C:\devkitPro/libogc/lib/wii\libogc.a(stm.o)
                0x80021178                STM_ShutdownToIdle
 .text.STM_SetLedMode
                0x800211e8       0x40 C:\devkitPro/libogc/lib/wii\libogc.a(stm.o)
                0x800211e8                STM_SetLedMode
 .text.STM_RebootSystem
                0x80021228       0x50 C:\devkitPro/libogc/lib/wii\libogc.a(stm.o)
                0x80021228                STM_RebootSystem
 .text.__IOS_InitializeSubsystems
                0x80021278       0x44 C:\devkitPro/libogc/lib/wii\libogc.a(ios.o)
                0x80021278                __IOS_InitializeSubsystems
 .text.__IOS_ShutdownSubsystems
                0x800212bc       0x44 C:\devkitPro/libogc/lib/wii\libogc.a(ios.o)
                0x800212bc                __IOS_ShutdownSubsystems
 .text.__IOS_LoadStartupIOS
                0x80021300        0x8 C:\devkitPro/libogc/lib/wii\libogc.a(ios.o)
                0x80021300                __IOS_LoadStartupIOS
 .text._ES_fstat_r
                0x80021308      0x120 C:\devkitPro/libogc/lib/wii\libogc.a(es.o)
 .text._ES_seek_r
                0x80021428       0xdc C:\devkitPro/libogc/lib/wii\libogc.a(es.o)
 .text._ES_close_r
                0x80021504       0xac C:\devkitPro/libogc/lib/wii\libogc.a(es.o)
 .text.__ES_Init
                0x800215b0       0x78 C:\devkitPro/libogc/lib/wii\libogc.a(es.o)
                0x800215b0                __ES_Init
 .text.__ES_Close
                0x80021628       0x54 C:\devkitPro/libogc/lib/wii\libogc.a(es.o)
                0x80021628                __ES_Close
 .text.ES_GetTitleID
                0x8002167c       0x94 C:\devkitPro/libogc/lib/wii\libogc.a(es.o)
                0x8002167c                ES_GetTitleID
 .text.ES_LaunchTitle
                0x80021710       0xa4 C:\devkitPro/libogc/lib/wii\libogc.a(es.o)
                0x80021710                ES_LaunchTitle
 .text.ES_GetNumTicketViews
                0x800217b4       0x98 C:\devkitPro/libogc/lib/wii\libogc.a(es.o)
                0x800217b4                ES_GetNumTicketViews
 .text.ES_GetTicketViews
                0x8002184c       0x8c C:\devkitPro/libogc/lib/wii\libogc.a(es.o)
                0x8002184c                ES_GetTicketViews
 .text.ES_GetStoredTMD
                0x800218d8       0x90 C:\devkitPro/libogc/lib/wii\libogc.a(es.o)
                0x800218d8                ES_GetStoredTMD
 .text._ES_decodepath
                0x80021968      0x440 C:\devkitPro/libogc/lib/wii\libogc.a(es.o)
 .text._ES_stat_r
                0x80021da8       0xec C:\devkitPro/libogc/lib/wii\libogc.a(es.o)
 .text._ES_open_r
                0x80021e94      0x1d0 C:\devkitPro/libogc/lib/wii\libogc.a(es.o)
 .text.ES_ReadContent
                0x80022064       0x6c C:\devkitPro/libogc/lib/wii\libogc.a(es.o)
                0x80022064                ES_ReadContent
 .text._ES_read_r
                0x800220d0      0x1a0 C:\devkitPro/libogc/lib/wii\libogc.a(es.o)
 .text.__usbv5_devicechangeCB
                0x80022270      0x180 C:\devkitPro/libogc/lib/wii\libogc.a(usb.o)
 .text.__usbv5_attachfinishCB
                0x800223f0       0xcc C:\devkitPro/libogc/lib/wii\libogc.a(usb.o)
 .text.__usbv5_messageCB
                0x800224bc       0x5c C:\devkitPro/libogc/lib/wii\libogc.a(usb.o)
 .text.__usb_control_message
                0x80022518      0x458 C:\devkitPro/libogc/lib/wii\libogc.a(usb.o)
 .text.__usb_interrupt_bulk_message
                0x80022970      0x2c0 C:\devkitPro/libogc/lib/wii\libogc.a(usb.o)
 .text.__usbv0_messageCB
                0x80022c30       0xa8 C:\devkitPro/libogc/lib/wii\libogc.a(usb.o)
 .text.USB_FreeDescriptors.part.0
                0x80022cd8       0xfc C:\devkitPro/libogc/lib/wii\libogc.a(usb.o)
 .text.USB_GetDescriptors.part.0
                0x80022dd4      0x708 C:\devkitPro/libogc/lib/wii\libogc.a(usb.o)
 .text.USBV5_SuspendResume
                0x800234dc      0x138 C:\devkitPro/libogc/lib/wii\libogc.a(usb.o)
 .text.USBV5_GetDescriptors
                0x80023614      0x524 C:\devkitPro/libogc/lib/wii\libogc.a(usb.o)
 .text.USB_Deinitialize
                0x80023b38       0xc8 C:\devkitPro/libogc/lib/wii\libogc.a(usb.o)
                0x80023b38                USB_Deinitialize
 .text.USB_Initialize
                0x80023c00      0x2f8 C:\devkitPro/libogc/lib/wii\libogc.a(usb.o)
                0x80023c00                USB_Initialize
 .text.USB_OpenDevice
                0x80023ef8      0x2b8 C:\devkitPro/libogc/lib/wii\libogc.a(usb.o)
                0x80023ef8                USB_OpenDevice
 .text.USBV5_CloseDevice
                0x800241b0      0x128 C:\devkitPro/libogc/lib/wii\libogc.a(usb.o)
                0x800241b0                USBV5_CloseDevice
 .text.USB_CloseDeviceAsync
                0x800242d8       0xd0 C:\devkitPro/libogc/lib/wii\libogc.a(usb.o)
                0x800242d8                USB_CloseDeviceAsync
 .text.USB_ReadIntrMsgAsync
                0x800243a8       0x28 C:\devkitPro/libogc/lib/wii\libogc.a(usb.o)
                0x800243a8                USB_ReadIntrMsgAsync
 .text.USB_ReadBlkMsgAsync
                0x800243d0       0x28 C:\devkitPro/libogc/lib/wii\libogc.a(usb.o)
                0x800243d0                USB_ReadBlkMsgAsync
 .text.USB_WriteBlkMsgAsync
                0x800243f8       0x28 C:\devkitPro/libogc/lib/wii\libogc.a(usb.o)
                0x800243f8                USB_WriteBlkMsgAsync
 .text.USB_WriteCtrlMsgAsync
                0x80024420        0x4 C:\devkitPro/libogc/lib/wii\libogc.a(usb.o)
                0x80024420                USB_WriteCtrlMsgAsync
 .text.__CheckARGV
                0x80024424       0x80 C:\devkitPro/libogc/lib/wii\libogc.a(argv.o)
                0x80024424                __CheckARGV
 .text.CONF_Init
                0x800244a4      0x180 C:\devkitPro/libogc/lib/wii\libogc.a(conf.o)
                0x800244a4                CONF_Init
 .text.__CONF_GetTxt
                0x80024624      0x208 C:\devkitPro/libogc/lib/wii\libogc.a(conf.o)
                0x80024624                __CONF_GetTxt
 .text.__CONF_Find
                0x8002482c       0xfc C:\devkitPro/libogc/lib/wii\libogc.a(conf.o)
                0x8002482c                __CONF_Find
 .text.CONF_GetLength
                0x80024928      0x12c C:\devkitPro/libogc/lib/wii\libogc.a(conf.o)
                0x80024928                CONF_GetLength
 .text.CONF_Get
                0x80024a54      0x140 C:\devkitPro/libogc/lib/wii\libogc.a(conf.o)
                0x80024a54                CONF_Get
 .text.CONF_GetShutdownMode
                0x80024b94       0x54 C:\devkitPro/libogc/lib/wii\libogc.a(conf.o)
                0x80024b94                CONF_GetShutdownMode
 .text.CONF_GetIdleLedMode
                0x80024be8       0x54 C:\devkitPro/libogc/lib/wii\libogc.a(conf.o)
                0x80024be8                CONF_GetIdleLedMode
 .text.CONF_GetProgressiveScan
                0x80024c3c       0x54 C:\devkitPro/libogc/lib/wii\libogc.a(conf.o)
                0x80024c3c                CONF_GetProgressiveScan
 .text.CONF_GetEuRGB60
                0x80024c90       0x54 C:\devkitPro/libogc/lib/wii\libogc.a(conf.o)
                0x80024c90                CONF_GetEuRGB60
 .text.CONF_GetIRSensitivity
                0x80024ce4       0x54 C:\devkitPro/libogc/lib/wii\libogc.a(conf.o)
                0x80024ce4                CONF_GetIRSensitivity
 .text.CONF_GetSensorBarPosition
                0x80024d38       0x54 C:\devkitPro/libogc/lib/wii\libogc.a(conf.o)
                0x80024d38                CONF_GetSensorBarPosition
 .text.CONF_GetCounterBias
                0x80024d8c       0x4c C:\devkitPro/libogc/lib/wii\libogc.a(conf.o)
                0x80024d8c                CONF_GetCounterBias
 .text.CONF_GetDisplayOffsetH
                0x80024dd8       0x4c C:\devkitPro/libogc/lib/wii\libogc.a(conf.o)
                0x80024dd8                CONF_GetDisplayOffsetH
 .text.CONF_GetPadDevices
                0x80024e24       0x4c C:\devkitPro/libogc/lib/wii\libogc.a(conf.o)
                0x80024e24                CONF_GetPadDevices
 .text.CONF_GetVideo
                0x80024e70       0x88 C:\devkitPro/libogc/lib/wii\libogc.a(conf.o)
                0x80024e70                CONF_GetVideo
 .text.__WII_WriteNANDBootInfo.isra.0
                0x80024ef8       0xbc C:\devkitPro/libogc/lib/wii\libogc.a(wiilaunch.o)
 .text.__WII_WriteStateFlags.isra.0
                0x80024fb4       0x94 C:\devkitPro/libogc/lib/wii\libogc.a(wiilaunch.o)
 .text.WII_Initialize
                0x80025048      0x188 C:\devkitPro/libogc/lib/wii\libogc.a(wiilaunch.o)
                0x80025048                WII_Initialize
 .text.WII_LaunchTitle
                0x800251d0      0x1ac C:\devkitPro/libogc/lib/wii\libogc.a(wiilaunch.o)
                0x800251d0                WII_LaunchTitle
 .text.WII_ReturnToMenu
                0x8002537c       0x58 C:\devkitPro/libogc/lib/wii\libogc.a(wiilaunch.o)
                0x8002537c                WII_ReturnToMenu
 .text.__lwp_priority_init
                0x800253d4       0x1c C:\devkitPro/libogc/lib/wii\libogc.a(lwp_priority.o)
                0x800253d4                __lwp_priority_init
 .text.__lwp_threadqueue_enqueuefifo
                0x800253f0      0x12c C:\devkitPro/libogc/lib/wii\libogc.a(lwp_threadq.o)
                0x800253f0                __lwp_threadqueue_enqueuefifo
 .text.__lwp_threadqueue_dequeuefifo
                0x8002551c      0x140 C:\devkitPro/libogc/lib/wii\libogc.a(lwp_threadq.o)
                0x8002551c                __lwp_threadqueue_dequeuefifo
 .text.__lwp_threadqueue_enqueuepriority
                0x8002565c      0x338 C:\devkitPro/libogc/lib/wii\libogc.a(lwp_threadq.o)
                0x8002565c                __lwp_threadqueue_enqueuepriority
 .text.__lwp_threadqueue_dequeuepriority
                0x80025994      0x1d8 C:\devkitPro/libogc/lib/wii\libogc.a(lwp_threadq.o)
                0x80025994                __lwp_threadqueue_dequeuepriority
 .text.__lwp_threadqueue_init
                0x80025b6c       0x64 C:\devkitPro/libogc/lib/wii\libogc.a(lwp_threadq.o)
                0x80025b6c                __lwp_threadqueue_init
 .text.__lwp_threadqueue_enqueue
                0x80025bd0      0x138 C:\devkitPro/libogc/lib/wii\libogc.a(lwp_threadq.o)
                0x80025bd0                __lwp_threadqueue_enqueue
 .text.__lwp_threadqueue_dequeue
                0x80025d08       0x24 C:\devkitPro/libogc/lib/wii\libogc.a(lwp_threadq.o)
                0x80025d08                __lwp_threadqueue_dequeue
 .text.__lwp_threadqueue_flush
                0x80025d2c       0x68 C:\devkitPro/libogc/lib/wii\libogc.a(lwp_threadq.o)
                0x80025d2c                __lwp_threadqueue_flush
 .text.__lwp_threadqueue_extractfifo
                0x80025d94       0xe8 C:\devkitPro/libogc/lib/wii\libogc.a(lwp_threadq.o)
                0x80025d94                __lwp_threadqueue_extractfifo
 .text.__lwp_threadqueue_extractpriority
                0x80025e7c      0x148 C:\devkitPro/libogc/lib/wii\libogc.a(lwp_threadq.o)
                0x80025e7c                __lwp_threadqueue_extractpriority
 .text.__lwp_threadqueue_timeout
                0x80025fc4       0xd0 C:\devkitPro/libogc/lib/wii\libogc.a(lwp_threadq.o)
 .text.__lwp_threadqueue_extractproxy
                0x80026094       0x64 C:\devkitPro/libogc/lib/wii\libogc.a(lwp_threadq.o)
                0x80026094                __lwp_threadqueue_extractproxy
 .text.__lwp_mutex_initialize
                0x800260f8       0xa4 C:\devkitPro/libogc/lib/wii\libogc.a(lwp_mutex.o)
                0x800260f8                __lwp_mutex_initialize
 .text.__lwp_mutex_surrender
                0x8002619c      0x14c C:\devkitPro/libogc/lib/wii\libogc.a(lwp_mutex.o)
                0x8002619c                __lwp_mutex_surrender
 .text.__lwp_mutex_seize_irq_blocking
                0x800262e8       0xf8 C:\devkitPro/libogc/lib/wii\libogc.a(lwp_mutex.o)
                0x800262e8                __lwp_mutex_seize_irq_blocking
 .text.__lwp_mutex_flush
                0x800263e0        0x4 C:\devkitPro/libogc/lib/wii\libogc.a(lwp_mutex.o)
                0x800263e0                __lwp_mutex_flush
 .text.__systemcall_init
                0x800263e4       0x6c C:\devkitPro/libogc/lib/wii\libogc.a(exception.o)
                0x800263e4                __systemcall_init
 .text.__exception_init
                0x80026450      0x120 C:\devkitPro/libogc/lib/wii\libogc.a(exception.o)
                0x80026450                __exception_init
 .text.__exception_close
                0x80026570       0xac C:\devkitPro/libogc/lib/wii\libogc.a(exception.o)
                0x80026570                __exception_close
 .text.__exception_closeall
                0x8002661c       0x80 C:\devkitPro/libogc/lib/wii\libogc.a(exception.o)
                0x8002661c                __exception_closeall
 .text.c_default_exceptionhandler
                0x8002669c      0x474 C:\devkitPro/libogc/lib/wii\libogc.a(exception.o)
                0x8002669c                c_default_exceptionhandler
 .text.__lwp_sema_init
                0x80026b10       0x14 C:\devkitPro/libogc/lib/wii\libogc.a(semaphore.o)
                0x80026b10                __lwp_sema_init
 .text.SPEC1_MakeStatus
                0x80026b24      0x104 C:\devkitPro/libogc/lib/wii\libogc.a(pad.o)
 .text.__pad_samplinghandler
                0x80026c28        0x4 C:\devkitPro/libogc/lib/wii\libogc.a(pad.o)
 .text.__pad_doreset
                0x80026c2c       0x50 C:\devkitPro/libogc/lib/wii\libogc.a(pad.o)
 .text.__pad_updateorigin
                0x80026c7c       0xa4 C:\devkitPro/libogc/lib/wii\libogc.a(pad.o)
 .text.__pad_disable
                0x80026d20       0xbc C:\devkitPro/libogc/lib/wii\libogc.a(pad.o)
 .text.__pad_receivecheckcallback
                0x80026ddc       0x84 C:\devkitPro/libogc/lib/wii\libogc.a(pad.o)
 .text.__pad_typeandstatuscallback
                0x80026e60      0x1ac C:\devkitPro/libogc/lib/wii\libogc.a(pad.o)
 .text.__pad_originupdatecallback
                0x8002700c       0x2c C:\devkitPro/libogc/lib/wii\libogc.a(pad.o)
 .text.SPEC2_MakeStatus
                0x80027038      0x214 C:\devkitPro/libogc/lib/wii\libogc.a(pad.o)
 .text.__pad_onreset
                0x8002724c      0x108 C:\devkitPro/libogc/lib/wii\libogc.a(pad.o)
 .text.__pad_origincallback
                0x80027354       0x74 C:\devkitPro/libogc/lib/wii\libogc.a(pad.o)
 .text.__pad_probecallback
                0x800273c8       0x88 C:\devkitPro/libogc/lib/wii\libogc.a(pad.o)
 .text.__PADDisableRecalibration
                0x80027450       0x60 C:\devkitPro/libogc/lib/wii\libogc.a(pad.o)
                0x80027450                __PADDisableRecalibration
 .text.PAD_Reset
                0x800274b0       0xf0 C:\devkitPro/libogc/lib/wii\libogc.a(pad.o)
                0x800274b0                PAD_Reset
 .text.PAD_Read
                0x800275a0      0x2d4 C:\devkitPro/libogc/lib/wii\libogc.a(pad.o)
                0x800275a0                PAD_Read
 .text.PAD_Init
                0x80027874      0x100 C:\devkitPro/libogc/lib/wii\libogc.a(pad.o)
                0x80027874                PAD_Init
 .text.PAD_ScanPads
                0x80027974      0x14c C:\devkitPro/libogc/lib/wii\libogc.a(pad.o)
                0x80027974                PAD_ScanPads
 .text.PAD_ButtonsDown
                0x80027ac0       0x40 C:\devkitPro/libogc/lib/wii\libogc.a(pad.o)
                0x80027ac0                PAD_ButtonsDown
 .text.__exi_irq_handler
                0x80027b00       0x58 C:\devkitPro/libogc/lib/wii\libogc.a(exi.o)
 .text.__ext_irq_handler
                0x80027b58       0xc8 C:\devkitPro/libogc/lib/wii\libogc.a(exi.o)
 .text.__tc_irq_handler
                0x80027c20      0x178 C:\devkitPro/libogc/lib/wii\libogc.a(exi.o)
 .text.__exi_probe
                0x80027d98      0x214 C:\devkitPro/libogc/lib/wii\libogc.a(exi.o)
 .text.__exi_attach
                0x80027fac      0x104 C:\devkitPro/libogc/lib/wii\libogc.a(exi.o)
 .text.EXI_Lock
                0x800280b0      0x218 C:\devkitPro/libogc/lib/wii\libogc.a(exi.o)
                0x800280b0                EXI_Lock
 .text.EXI_Unlock
                0x800282c8      0x224 C:\devkitPro/libogc/lib/wii\libogc.a(exi.o)
                0x800282c8                EXI_Unlock
 .text.EXI_Select
                0x800284ec      0x21c C:\devkitPro/libogc/lib/wii\libogc.a(exi.o)
                0x800284ec                EXI_Select
 .text.EXI_Deselect
                0x80028708      0x174 C:\devkitPro/libogc/lib/wii\libogc.a(exi.o)
                0x80028708                EXI_Deselect
 .text.EXI_Sync
                0x8002887c      0x108 C:\devkitPro/libogc/lib/wii\libogc.a(exi.o)
                0x8002887c                EXI_Sync
 .text.EXI_Imm  0x80028984      0x1f8 C:\devkitPro/libogc/lib/wii\libogc.a(exi.o)
                0x80028984                EXI_Imm
 .text.EXI_ImmEx
                0x80028b7c       0xd0 C:\devkitPro/libogc/lib/wii\libogc.a(exi.o)
                0x80028b7c                EXI_ImmEx
 .text.EXI_Dma  0x80028c4c      0x16c C:\devkitPro/libogc/lib/wii\libogc.a(exi.o)
                0x80028c4c                EXI_Dma
 .text.EXI_Detach
                0x80028db8       0xac C:\devkitPro/libogc/lib/wii\libogc.a(exi.o)
                0x80028db8                EXI_Detach
 .text.EXI_GetID
                0x80028e64      0x354 C:\devkitPro/libogc/lib/wii\libogc.a(exi.o)
                0x80028e64                EXI_GetID
 .text.__unlocked_handler
                0x800291b8       0x28 C:\devkitPro/libogc/lib/wii\libogc.a(exi.o)
 .text.EXI_ProbeReset
                0x800291e0       0x70 C:\devkitPro/libogc/lib/wii\libogc.a(exi.o)
                0x800291e0                EXI_ProbeReset
 .text.__exi_init
                0x80029250      0x178 C:\devkitPro/libogc/lib/wii\libogc.a(exi.o)
                0x80029250                __exi_init
 .text.__lwp_mutex_locksupp.constprop.0
                0x800293c8      0x2a8 C:\devkitPro/libogc/lib/wii\libogc.a(mutex.o)
 .text.__lwp_mutex_init
                0x80029670       0x14 C:\devkitPro/libogc/lib/wii\libogc.a(mutex.o)
                0x80029670                __lwp_mutex_init
 .text.LWP_MutexInit
                0x80029684       0xf8 C:\devkitPro/libogc/lib/wii\libogc.a(mutex.o)
                0x80029684                LWP_MutexInit
 .text.LWP_MutexDestroy
                0x8002977c      0x104 C:\devkitPro/libogc/lib/wii\libogc.a(mutex.o)
                0x8002977c                LWP_MutexDestroy
 .text.LWP_MutexLock
                0x80029880        0x8 C:\devkitPro/libogc/lib/wii\libogc.a(mutex.o)
                0x80029880                LWP_MutexLock
 .text.LWP_MutexUnlock
                0x80029888       0x9c C:\devkitPro/libogc/lib/wii\libogc.a(mutex.o)
                0x80029888                LWP_MutexUnlock
 .text.__GX_InitRevBits
                0x80029924       0x98 C:\devkitPro/libogc/lib/wii\libogc.a(gx.o)
 .text.GX_AbortFrame
                0x800299bc      0x374 C:\devkitPro/libogc/lib/wii\libogc.a(gx.o)
                0x800299bc                GX_AbortFrame
 .text.number   0x80029d30      0x410 C:\devkitPro/libogc/lib/wii\libogc.a(kprintf.o)
 .text.kvsprintf
                0x8002a140      0x900 C:\devkitPro/libogc/lib/wii\libogc.a(kprintf.o)
                0x8002a140                kvsprintf
 .text.kprintf  0x8002aa40       0xac C:\devkitPro/libogc/lib/wii\libogc.a(kprintf.o)
                0x8002aa40                kprintf
 .text.net_wc24cleanup
                0x8002aaec       0x64 C:\devkitPro/libogc/lib/wii\libogc.a(network_wii.o)
                0x8002aaec                net_wc24cleanup
 .text.atanf    0x8002ab50      0x290 C:/devkitPro/devkitPPC/bin/../lib/gcc/powerpc-eabi/14.2.0/../../../../powerpc-eabi/lib\libm.a(libm_a-sf_atan.o)
                0x8002ab50                atanf
 .text.atan2    0x8002ade0        0x4 C:/devkitPro/devkitPPC/bin/../lib/gcc/powerpc-eabi/14.2.0/../../../../powerpc-eabi/lib\libm.a(libm_a-w_atan2.o)
                0x8002ade0                atan2
 .text.fabsf    0x8002ade4       0x20 C:/devkitPro/devkitPPC/bin/../lib/gcc/powerpc-eabi/14.2.0/../../../../powerpc-eabi/lib\libm.a(libm_a-sf_fabs.o)
                0x8002ade4                fabsf
 .text.cosf     0x8002ae04       0xd4 C:/devkitPro/devkitPPC/bin/../lib/gcc/powerpc-eabi/14.2.0/../../../../powerpc-eabi/lib\libm.a(libm_a-sf_cos.o)
                0x8002ae04                cosf
 .text.sqrtf    0x8002aed8       0x74 C:/devkitPro/devkitPPC/bin/../lib/gcc/powerpc-eabi/14.2.0/../../../../powerpc-eabi/lib\libm.a(libm_a-wf_sqrt.o)
                0x8002aed8                sqrtf
 .text.hypotf   0x8002af4c       0x8c C:/devkitPro/devkitPPC/bin/../lib/gcc/powerpc-eabi/14.2.0/../../../../powerpc-eabi/lib\libm.a(libm_a-wf_hypot.o)
                0x8002af4c                hypotf
 .text.atan2f   0x8002afd8        0x4 C:/devkitPro/devkitPPC/bin/../lib/gcc/powerpc-eabi/14.2.0/../../../../powerpc-eabi/lib\libm.a(libm_a-wf_atan2.o)
                0x8002afd8                atan2f
 .text.__ieee754_hypotf
                0x8002afdc      0x214 C:/devkitPro/devkitPPC/bin/../lib/gcc/powerpc-eabi/14.2.0/../../../../powerpc-eabi/lib\libm.a(libm_a-ef_hypot.o)
                0x8002afdc                __ieee754_hypotf
 .text.__kernel_cosf
                0x8002b1f0      0x188 C:/devkitPro/devkitPPC/bin/../lib/gcc/powerpc-eabi/14.2.0/../../../../powerpc-eabi/lib\libm.a(libm_a-kf_cos.o)
                0x8002b1f0                __kernel_cosf
 .text.sincos   0x8002b378       0x58 C:/devkitPro/devkitPPC/bin/../lib/gcc/powerpc-eabi/14.2.0/../../../../powerpc-eabi/lib\libm.a(libm_a-w_sincos.o)
                0x8002b378                sincos
 .text.__ieee754_atan2
                0x8002b3d0      0x2b4 C:/devkitPro/devkitPPC/bin/../lib/gcc/powerpc-eabi/14.2.0/../../../../powerpc-eabi/lib\libm.a(libm_a-e_atan2.o)
                0x8002b3d0                __ieee754_atan2