Archive member included to satisfy reference by file (symbol)

C:\devkitPro/libogc/lib/wii\libwiiuse.a(wpad.o)
                              main.o (WPAD_Init)
C:\devkitPro/libogc/lib/wii\libwiiuse.a(motion_plus.o)
                              C:\devkitPro/libogc/lib/wii\libwiiuse.a(wpad.o) (wiiuse_set_motion_plus)
C:\devkitPro/libogc/lib/wii\libwiiuse.a(dynamics.o)
                              C:\devkitPro/libogc/lib/wii\libwiiuse.a(wpad.o) (calculate_gforce)
C:\devkitPro/libogc/lib/wii\libwiiuse.a(io.o)
                              C:\devkitPro/libogc/lib/wii\libwiiuse.a(motion_plus.o) (wiiuse_disable_expansion)
C:\devkitPro/libogc/lib/wii\libwiiuse.a(io_wii.o)
                              C:\devkitPro/libogc/lib/wii\libwiiuse.a(wpad.o) (__wiiuse_sensorbar_enable)
C:\devkitPro/libogc/lib/wii\libwiiuse.a(ir.o)
                              C:\devkitPro/libogc/lib/wii\libwiiuse.a(motion_plus.o) (wiiuse_set_ir_mode)
C:\devkitPro/libogc/lib/wii\libwiiuse.a(nunchuk.o)
                              C:\devkitPro/libogc/lib/wii\libwiiuse.a(io.o) (nunchuk_handshake)
C:\devkitPro/libogc/lib/wii\libwiiuse.a(wiiboard.o)
                              C:\devkitPro/libogc/lib/wii\libwiiuse.a(io.o) (wii_board_handshake)
C:\devkitPro/libogc/lib/wii\libwiiuse.a(wiiuse.o)
                              C:\devkitPro/libogc/lib/wii\libwiiuse.a(wpad.o) (wiiuse_init)
C:\devkitPro/libogc/lib/wii\libwiiuse.a(speaker.o)
                              C:\devkitPro/libogc/lib/wii\libwiiuse.a(wpad.o) (wencdata)
C:\devkitPro/libogc/lib/wii\libwiiuse.a(classic.o)
                              C:\devkitPro/libogc/lib/wii\libwiiuse.a(io.o) (classic_ctrl_handshake)
C:\devkitPro/libogc/lib/wii\libwiiuse.a(events.o)
                              C:\devkitPro/libogc/lib/wii\libwiiuse.a(io_wii.o) (parse_event)
C:\devkitPro/libogc/lib/wii\libwiiuse.a(guitar_hero_3.o)
                              C:\devkitPro/libogc/lib/wii\libwiiuse.a(io.o) (guitar_hero_3_handshake)
C:\devkitPro/libogc/lib/wii\libbte.a(bte.o)
                              C:\devkitPro/libogc/lib/wii\libwiiuse.a(wpad.o) (BTE_Init)
C:\devkitPro/libogc/lib/wii\libbte.a(hci.o)
                              C:\devkitPro/libogc/lib/wii\libbte.a(bte.o) (hci_init)
C:\devkitPro/libogc/lib/wii\libbte.a(l2cap.o)
                              C:\devkitPro/libogc/lib/wii\libbte.a(bte.o) (l2cap_init)
C:\devkitPro/libogc/lib/wii\libbte.a(btmemb.o)
                              C:\devkitPro/libogc/lib/wii\libbte.a(bte.o) (btmemb_init)
C:\devkitPro/libogc/lib/wii\libbte.a(btmemr.o)
                              C:\devkitPro/libogc/lib/wii\libbte.a(hci.o) (btmemr_init)
C:\devkitPro/libogc/lib/wii\libbte.a(btpbuf.o)
                              C:\devkitPro/libogc/lib/wii\libbte.a(hci.o) (btpbuf_init)
C:\devkitPro/libogc/lib/wii\libbte.a(physbusif.o)
                              C:\devkitPro/libogc/lib/wii\libbte.a(bte.o) (physbusif_init)
C:\devkitPro/libogc/lib/wii\libogc.a(console.o)
                              main.o (CON_Init)
C:\devkitPro/libogc/lib/wii\libogc.a(lwp_queue.o)
                              C:\devkitPro/libogc/lib/wii\libwiiuse.a(io_wii.o) (__lwp_queue_initialize)
C:\devkitPro/libogc/lib/wii\libogc.a(lwp_threads.o)
                              C:\devkitPro/libogc/lib/wii\libwiiuse.a(wpad.o) (_thread_dispatch_disable_level)
C:\devkitPro/libogc/lib/wii\libogc.a(lwp.o)
                              C:\devkitPro/libogc/lib/wii\libbte.a(bte.o) (LWP_InitQueue)
C:\devkitPro/libogc/lib/wii\libogc.a(lwp_handler.o)
                              C:\devkitPro/libogc/lib/wii\libogc.a(lwp_threads.o) (_cpu_context_save_fp)
C:\devkitPro/libogc/lib/wii\libogc.a(lwp_stack.o)
                              C:\devkitPro/libogc/lib/wii\libogc.a(lwp_threads.o) (__lwp_stack_allocate)
C:\devkitPro/libogc/lib/wii\libogc.a(lwp_watchdog.o)
                              C:\devkitPro/libogc/lib/wii\libogc.a(lwp_threads.o) (_wd_ticks_queue)
C:\devkitPro/libogc/lib/wii\libogc.a(lwp_wkspace.o)
                              C:\devkitPro/libogc/lib/wii\libwiiuse.a(motion_plus.o) (__wkspace_heap)
C:\devkitPro/libogc/lib/wii\libogc.a(lwp_objmgr.o)
                              C:\devkitPro/libogc/lib/wii\libogc.a(lwp.o) (__lwp_objmgr_initinfo)
C:\devkitPro/libogc/lib/wii\libogc.a(lwp_heap.o)
                              C:\devkitPro/libogc/lib/wii\libogc.a(lwp_wkspace.o) (__lwp_heap_init)
C:\devkitPro/libogc/lib/wii\libogc.a(sys_state.o)
                              C:\devkitPro/libogc/lib/wii\libogc.a(lwp_threads.o) (_sys_state_curr)
C:\devkitPro/libogc/lib/wii\libogc.a(irq.o)
                              C:\devkitPro/libogc/lib/wii\libwiiuse.a(io_wii.o) (IRQ_Disable)
C:\devkitPro/libogc/lib/wii\libogc.a(video.o)
                              C:\devkitPro/libogc/lib/wii\libogc.a(console.o) (VIDEO_GetCurrentFramebuffer)
C:\devkitPro/libogc/lib/wii\libogc.a(system.o)
                              C:\devkitPro/libogc/lib/wii\libwiiuse.a(wpad.o) (__SYS_DoPowerCB)
[...]
Memory Configuration

Name             Origin             Length             Attributes
*default*        0x00000000         0xffffffff

Linker script and memory map

                0x00003400                        . = 0x3400

.stub
 *(.stub)
                0x80004000                        . = 0x80004000

.init           0x80004000      0x194
 *crt0.o(*.init)
 .init          0x80004000      0x170 C:\devkitPro/libogc/lib/wii\libogc.a(ogc_crt0.o)
                0x80004000                _start
                0x80004140                _memset
 *(.init)
 .init          0x80004170        0xc C:/devkitPro/devkitPPC/bin/../lib/gcc/powerpc-eabi/14.2.0/ecrti.o
                0x80004170                __init
 .init          0x8000417c        0x4 C:/devkitPro/devkitPPC/bin/../lib/gcc/powerpc-eabi/14.2.0/crtbegin.o
 .init          0x80004180        0x4 C:/devkitPro/devkitPPC/bin/../lib/gcc/powerpc-eabi/14.2.0/crtend.o
 .init          0x80004184       0x10 C:/devkitPro/devkitPPC/bin/../lib/gcc/powerpc-eabi/14.2.0/ecrtn.o

.rela.dyn       0x80004194        0x0
 .rela.iplt     0x80004194        0x0 C:/devkitPro/devkitPPC/bin/../lib/gcc/powerpc-eabi/14.2.0/crtbegin.o

.plt
 *(.plt)

.interp
 *(.interp)

.hash
 *(.hash)

.dynsym
 *(.dynsym)

.dynstr
 *(.dynstr)

.gnu.version
 *(.gnu.version)

.gnu.version_d
 *(.gnu.version_d)

.gnu.version_r
 *(.gnu.version_r)

.rel.init
 *(.rel.init)

.rela.init
 *(.rela.init)

.rel.text
 *(.rel.text .rel.text.* .rel.gnu.linkonce.t.*)

.rela.text      0x80004194        0x0
 *(.rela.text .rela.text.* .rela.gnu.linkonce.t.*)
 .rela.text.__do_global_dtors_aux
                0x80004194        0x0 C:/devkitPro/devkitPPC/bin/../lib/gcc/powerpc-eabi/14.2.0/crtbegin.o
 .rela.text.frame_dummy
                0x80004194        0x0 C:/devkitPro/devkitPPC/bin/../lib/gcc/powerpc-eabi/14.2.0/crtbegin.o
 .rela.text.unlikely.abort
                0x80004194        0x0 C:/devkitPro/devkitPPC/bin/../lib/gcc/powerpc-eabi/14.2.0/crtbegin.o
 .rela.text.__assert_func
                0x80004194        0x0 C:/devkitPro/devkitPPC/bin/../lib/gcc/powerpc-eabi/14.2.0/crtbegin.o

.rel.fini
 *(.rel.fini)

.rela.fini
 *(.rela.fini)

.rel.rodata
 *(.rel.rodata .rel.rodata.* .rel.gnu.linkonce.r.*)

.rela.rodata
 *(.rela.rodata .rela.rodata.* .rela.gnu.linkonce.r.*)

.rel.data
 *(.rel.data .rel.data.* .rel.gnu.linkonce.d.*)

.rela.data
 *(.rela.data .rela.data.* .rela.gnu.linkonce.d.*)

.rel.tdata
 *(.rel.tdata .rel.tdata.* .rel.gnu.linkonce.td.*)

.rela.tdata
 *(.rela.tdata .rela.tdata.* .rela.gnu.linkonce.td.*)

.rel.tbss
 *(.rel.tbss .rel.tbss.* .rel.gnu.linkonce.tb.*)

.rela.tbss
 *(.rela.tbss .rela.tbss.* .rela.gnu.linkonce.tb.*)

.rel.ctors
 *(.rel.ctors)

.rela.ctors
 *(.rela.ctors)

.rel.dtors
 *(.rel.dtors)

.rela.dtors
 *(.rela.dtors)

.rel.got
 *(.rel.got)

.rela.got
 *(.rela.got)

.rela.got1
 *(.rela.got1)

.rela.got2
 *(.rela.got2)

.rel.sdata
 *(.rel.sdata .rel.sdata.* .rel.gnu.linkonce.s.*)

.rela.sdata
 *(.rela.sdata .rela.sdata.* .rela.gnu.linkonce.s.*)

.rel.sbss
 *(.rel.sbss .rel.sbss.* .rel.gnu.linkonce.sb.*)

.rela.sbss
 *(.rela.sbss .rela.sbss.* .rel.gnu.linkonce.sb.*)

.rel.sdata2
 *(.rel.sdata2 .rel.sdata2.* .rel.gnu.linkonce.s2.*)

.rela.sdata2
 *(.rela.sdata2 .rela.sdata2.* .rela.gnu.linkonce.s2.*)

.rel.sbss2
 *(.rel.sbss2 .rel.sbss2.* .rel.gnu.linkonce.sb2.*)

.rela.sbss2
 *(.rela.sbss2 .rela.sbss2.* .rela.gnu.linkonce.sb2.*)

.rel.bss
 *(.rel.bss .rel.bss.* .rel.gnu.linkonce.b.*)

.rela.bss
 *(.rela.bss .rela.bss.* .rela.gnu.linkonce.b.*)

.rel.plt
 *(.rel.plt)

.rela.plt
 *(.rela.plt)

.text           0x800041a0    0x38ae0
 *(.text)
 .text          0x800041a0      0x44c C:\devkitPro/libogc/lib/wii\libogc.a(lwp_handler.o)
                0x800041a0                _cpu_context_save_fp
                0x800042e0                _cpu_context_restore_fp
                0x80004420                _cpu_context_switch
                0x80004500                _cpu_context_save
                0x80004580                _cpu_context_restore
 .text          0x800045ec      0x4a0 C:\devkitPro/libogc/lib/wii\libogc.a(system_asm.o)
                0x800045ec                __realmode
                0x80004604                __configBATS
                0x80004734                __InitFPRS
                0x80004860                __InitPS
                0x800048bc                __InitCache
                0x80004914                __InitSystem
                0x8000499c                __flush_cache
                0x800049d0                __reset
                0x80004a40                __InitBATS
                0x80004a5c                SYS_SwitchFiber
 .text          0x80004a8c      0x1ac C:\devkitPro/libogc/lib/wii\libogc.a(irq_handler.o)
                0x80004a8c                irq_exceptionhandler
 .text          0x80004c38      0x4f4 C:\devkitPro/libogc/lib/wii\libogc.a(cache_asm.o)
                0x80004c38                DCFlashInvalidate
                0x80004c4c                DCEnable
                0x80004c60                DCDisable
                0x80004c74                DCFreeze
                0x80004c88                DCUnfreeze
                0x80004c9c                DCTouchLoad
                0x80004ca4                DCBlockZero
                0x80004cac                DCBlockStore
                0x80004cb4                DCBlockFlush
                0x80004cbc                DCBlockInvalidate
                0x80004cc4                DCInvalidateRange
                0x80004cf4                DCFlushRange
                0x80004d28                DCStoreRange
                0x80004d5c                DCFlushRangeNoSync
                0x80004d8c                DCStoreRangeNoSync
                0x80004dbc                DCZeroRange
                0x80004dec                DCTouchRange
                0x80004e1c                ICInvalidateRange
                0x80004e54                ICFlashInvalidate
                0x80004e68                ICEnable
                0x80004e7c                ICDisable
                0x80004e90                ICFreeze
                0x80004ea4                ICUnfreeze
                0x80004eb8                ICBlockInvalidate
                0x80004ec0                ICSync
                0x80004ec8                L2Init
                0x80004f10                L2Enable
                0x80004f2c                L2Disable
                0x80004f44                L2GlobalInvalidate
                0x80004f9c                __LCEnable
                0x80005068                LCDisable
                0x80005090                LCAllocOneTag
                0x800050a4                LCAllocTags
                0x800050e4                LCLoadBlocks
                0x80005108                LCStoreBlocks
 .text          0x8000512c      0x1ac C:\devkitPro/libogc/lib/wii\libogc.a(decrementer_handler.o)
                0x8000512c                dec_exceptionhandler
 .text          0x800052d8      0x35c C:\devkitPro/libogc/lib/wii\libogc.a(exception_handler.o)
                0x800052d8                exceptionhandler_start
                0x80005354                exceptionhandler_patch
                0x80005388                exceptionhandler_end
                0x8000538c                default_exceptionhandler
                0x800054bc                fpu_exceptionhandler
                0x80005604                systemcallhandler_start
                0x80005630                systemcallhandler_end
 .text          0x80005634       0x48 C:/devkitPro/devkitPPC/bin/../lib/gcc/powerpc-eabi/14.2.0\libgcc.a(eabi.o)
                0x80005634                __eabi
 .text          0x8000567c       0x58 C:/devkitPro/devkitPPC/bin/../lib/gcc/powerpc-eabi/14.2.0\libgcc.a(crtresxfpr.o)
                0x8000567c                _restfpr_14_x
                0x80005680                _restfpr_15_x
                0x80005684                _restfpr_16_x
                0x80005688                _restfpr_17_x
                0x8000568c                _restfpr_18_x
                0x80005690                _restfpr_19_x
                0x80005694                _restfpr_20_x
                0x80005698                _restfpr_21_x
                0x8000569c                _restfpr_22_x
                0x800056a0                _restfpr_23_x
                0x800056a4                _restfpr_24_x
                0x800056a8                _restfpr_25_x
                0x800056ac                _restfpr_26_x
                0x800056b0                _restfpr_27_x
                0x800056b4                _restfpr_28_x
                0x800056b8                _restfpr_29_x
                0x800056bc                _restfpr_30_x
                0x800056c0                _restfpr_31_x
 .text          0x800056d4       0x58 C:/devkitPro/devkitPPC/bin/../lib/gcc/powerpc-eabi/14.2.0\libgcc.a(crtresxgpr.o)
                0x800056d4                _restgpr_14_x
                0x800056d8                _restgpr_15_x
                0x800056dc                _restgpr_16_x
                0x800056e0                _restgpr_17_x
                0x800056e4                _restgpr_18_x
                0x800056e8                _restgpr_19_x
                0x800056ec                _restgpr_20_x
                0x800056f0                _restgpr_21_x
                0x800056f4                _restgpr_22_x
                0x800056f8                _restgpr_23_x
                0x800056fc                _restgpr_24_x
                0x80005700                _restgpr_25_x
                0x80005704                _restgpr_26_x
                0x80005708                _restgpr_27_x
                0x8000570c                _restgpr_28_x
                0x80005710                _restgpr_29_x
                0x80005714                _restgpr_30_x
                0x80005718                _restgpr_31_x
 *(.text.*)
 .text.__do_global_dtors_aux
                0x8000572c       0xcc C:/devkitPro/devkitPPC/bin/../lib/gcc/powerpc-eabi/14.2.0/crtbegin.o
 .text.frame_dummy
                0x800057f8       0x24 C:/devkitPro/devkitPPC/bin/../lib/gcc/powerpc-eabi/14.2.0/crtbegin.o
 .text.__crtmain
                0x8000581c       0x40 C:/devkitPro/devkitPPC/bin/../lib/gcc/powerpc-eabi/14.2.0/../../../../powerpc-eabi/lib/crtmain.o
                0x80005820                __crtmain
 .text.vibrate_weak
                0x8000585c       0x58 main.o
                0x8000585c                vibrate_weak
 .text.show_main_menu
                0x800058b4       0xe0 main.o
                0x800058b4                show_main_menu
 .text.show_submenu
                0x80005994      0x204 main.o
                0x80005994                show_submenu
 .text.startup.main
                0x80005b98      0x2c0 main.o
                0x80005b98                main
 .text.__wpad_assign_slot
                0x80005e58      0x228 C:\devkitPro/libogc/lib/wii\libwiiuse.a(wpad.o)
                0x80005e58                __wpad_assign_slot
 .text.__wpad_def_powcb
                0x80006080        0x4 C:\devkitPro/libogc/lib/wii\libwiiuse.a(wpad.o)
 .text.__readlinkkey_finished
                0x80006084       0x34 C:\devkitPro/libogc/lib/wii\libwiiuse.a(wpad.o)
 .text.__wpad_patch_finished
                0x800060b8       0x2c C:\devkitPro/libogc/lib/wii\libwiiuse.a(wpad.o)
 .text.__wpad_setfmt
                0x800060e4      0x14c C:\devkitPro/libogc/lib/wii\libwiiuse.a(wpad.o)
 .text.__wpad_eventCB
                0x80006230      0xac4 C:\devkitPro/libogc/lib/wii\libwiiuse.a(wpad.o)
 .text.__wpad_disconnectCB
                0x80006cf4       0xd4 C:\devkitPro/libogc/lib/wii\libwiiuse.a(wpad.o)
                0x80006cf4                __wpad_disconnectCB
 .text.__wpad_timeouthandler
                0x80006dc8       0xa8 C:\devkitPro/libogc/lib/wii\libwiiuse.a(wpad.o)
 .text.__initcore_finished
                0x80006e70       0x48 C:\devkitPro/libogc/lib/wii\libwiiuse.a(wpad.o)
 .text.__wpad_init_finished
                0x80006eb8      0x194 C:\devkitPro/libogc/lib/wii\libwiiuse.a(wpad.o)
 .text.WPAD_ReadEvent
                0x8000704c      0x688 C:\devkitPro/libogc/lib/wii\libwiiuse.a(wpad.o)
                0x8000704c                WPAD_ReadEvent
 .text.WPAD_ReadPending
                0x800076d4      0x1a0 C:\devkitPro/libogc/lib/wii\libwiiuse.a(wpad.o)
                0x800076d4                WPAD_ReadPending
 .text.WPAD_Shutdown
                0x80007874      0x108 C:\devkitPro/libogc/lib/wii\libwiiuse.a(wpad.o)
                0x80007874                WPAD_Shutdown
 .text.WPAD_Init
                0x8000797c      0x2c4 C:\devkitPro/libogc/lib/wii\libwiiuse.a(wpad.o)
                0x8000797c                WPAD_Init
 .text.__wpad_onreset
                0x80007c40       0x34 C:\devkitPro/libogc/lib/wii\libwiiuse.a(wpad.o)
 .text.WPAD_ScanPads
                0x80007c74       0x90 C:\devkitPro/libogc/lib/wii\libwiiuse.a(wpad.o)
                0x80007c74                WPAD_ScanPads
 .text.WPAD_Rumble
                0x80007d04      0x148 C:\devkitPro/libogc/lib/wii\libwiiuse.a(wpad.o)
                0x80007d04                WPAD_Rumble
 .text.WPAD_ButtonsDown
                0x80007e4c       0x28 C:\devkitPro/libogc/lib/wii\libwiiuse.a(wpad.o)
                0x80007e4c                WPAD_ButtonsDown
 .text.motion_plus_disconnected
                0x80007e74       0x10 C:\devkitPro/libogc/lib/wii\libwiiuse.a(motion_plus.o)
                0x80007e74                motion_plus_disconnected
 .text.motion_plus_event
                0x80007e84       0x64 C:\devkitPro/libogc/lib/wii\libwiiuse.a(motion_plus.o)
                0x80007e84                motion_plus_event
 .text.calculate_gforce
                0x80007ee8      0x114 C:\devkitPro/libogc/lib/wii\libwiiuse.a(dynamics.o)
                0x80007ee8                calculate_gforce
 .text.calc_joystick_state
                0x80007ffc      0x210 C:\devkitPro/libogc/lib/wii\libwiiuse.a(dynamics.o)
                0x80007ffc                calc_joystick_state
 .text.apply_smoothing
                0x8000820c      0x110 C:\devkitPro/libogc/lib/wii\libwiiuse.a(dynamics.o)
                0x8000820c                apply_smoothing
 .text.calculate_orientation
                0x8000831c      0x374 C:\devkitPro/libogc/lib/wii\libwiiuse.a(dynamics.o)
                0x8000831c                calculate_orientation
 .text.calc_balanceboard_state
                0x80008690      0x3a4 C:\devkitPro/libogc/lib/wii\libwiiuse.a(dynamics.o)
                0x80008690                calc_balanceboard_state
 .text.wiiuse_handshake
                0x80008a34      0x27c C:\devkitPro/libogc/lib/wii\libwiiuse.a(io.o)
                0x80008a34                wiiuse_handshake
 .text.wiiuse_handshake_expansion
                0x80008cb0      0x1f0 C:\devkitPro/libogc/lib/wii\libwiiuse.a(io.o)
                0x80008cb0                wiiuse_handshake_expansion
 .text.wiiuse_handshake_expansion_start
                0x80008ea0       0x5c C:\devkitPro/libogc/lib/wii\libwiiuse.a(io.o)
                0x80008ea0                wiiuse_handshake_expansion_start
 .text.wiiuse_disable_expansion
                0x80008efc      0x1b0 C:\devkitPro/libogc/lib/wii\libwiiuse.a(io.o)
                0x80008efc                wiiuse_disable_expansion
 .text.__wiiuse_connected
                0x800090ac       0x9c C:\devkitPro/libogc/lib/wii\libwiiuse.a(io_wii.o)
 .text.__wiiuse_disconnected
                0x80009148       0xb4 C:\devkitPro/libogc/lib/wii\libwiiuse.a(io_wii.o)
 .text.__wiiuse_receive
                0x800091fc       0xd0 C:\devkitPro/libogc/lib/wii\libwiiuse.a(io_wii.o)
 .text.__wiiuse_sensorbar_enable
                0x800092cc       0x74 C:\devkitPro/libogc/lib/wii\libwiiuse.a(io_wii.o)
                0x800092cc                __wiiuse_sensorbar_enable
 .text.wiiuse_register
                0x80009340       0xf0 C:\devkitPro/libogc/lib/wii\libwiiuse.a(io_wii.o)
                0x80009340                wiiuse_register
 .text.wiiuse_disconnect
                0x80009430       0x24 C:\devkitPro/libogc/lib/wii\libwiiuse.a(io_wii.o)
                0x80009430                wiiuse_disconnect
 .text.wiiuse_init_cmd_queue
                0x80009454       0x9c C:\devkitPro/libogc/lib/wii\libwiiuse.a(io_wii.o)
                0x80009454                wiiuse_init_cmd_queue
 .text.wiiuse_io_write
                0x800094f0       0x1c C:\devkitPro/libogc/lib/wii\libwiiuse.a(io_wii.o)
                0x800094f0                wiiuse_io_write
 .text.rotate_dots
                0x8000950c      0x13c C:\devkitPro/libogc/lib/wii\libwiiuse.a(ir.o)
 .text.wiiuse_set_ir_mode
                0x80009648       0x5c C:\devkitPro/libogc/lib/wii\libwiiuse.a(ir.o)
                0x80009648                wiiuse_set_ir_mode
 .text.wiiuse_set_ir
                0x800096a4      0x270 C:\devkitPro/libogc/lib/wii\libwiiuse.a(ir.o)
                0x800096a4                wiiuse_set_ir
 .text.wiiuse_set_ir_position
                0x80009914       0x80 C:\devkitPro/libogc/lib/wii\libwiiuse.a(ir.o)
                0x80009914                wiiuse_set_ir_position
 .text.wiiuse_set_aspect_ratio
                0x80009994       0xac C:\devkitPro/libogc/lib/wii\libwiiuse.a(ir.o)
                0x80009994                wiiuse_set_aspect_ratio
 .text.wiiuse_set_ir_sensitivity
                0x80009a40      0x180 C:\devkitPro/libogc/lib/wii\libwiiuse.a(ir.o)
                0x80009a40                wiiuse_set_ir_sensitivity
 .text.calculate_basic_ir
                0x80009bc0       0xe8 C:\devkitPro/libogc/lib/wii\libwiiuse.a(ir.o)
                0x80009bc0                calculate_basic_ir
 .text.calculate_extended_ir
                0x80009ca8       0x64 C:\devkitPro/libogc/lib/wii\libwiiuse.a(ir.o)
                0x80009ca8                calculate_extended_ir
 .text.find_sensorbar
                0x80009d0c      0xaa0 C:\devkitPro/libogc/lib/wii\libwiiuse.a(ir.o)
                0x80009d0c                find_sensorbar
 .text.apply_ir_smoothing
                0x8000a7ac      0x124 C:\devkitPro/libogc/lib/wii\libwiiuse.a(ir.o)
                0x8000a7ac                apply_ir_smoothing
 .text.interpret_ir_data
                0x8000a8d0      0x3c8 C:\devkitPro/libogc/lib/wii\libwiiuse.a(ir.o)
                0x8000a8d0                interpret_ir_data
 .text.nunchuk_handshake
                0x8000ac98      0x31c C:\devkitPro/libogc/lib/wii\libwiiuse.a(nunchuk.o)
                0x8000ac98                nunchuk_handshake
 .text.nunchuk_disconnected
                0x8000afb4        0xc C:\devkitPro/libogc/lib/wii\libwiiuse.a(nunchuk.o)
                0x8000afb4                nunchuk_disconnected
 .text.nunchuk_event
                0x8000afc0       0xe8 C:\devkitPro/libogc/lib/wii\libwiiuse.a(nunchuk.o)
                0x8000afc0                nunchuk_event
 .text.wii_board_handshake
                0x8000b0a8      0x284 C:\devkitPro/libogc/lib/wii\libwiiuse.a(wiiboard.o)
                0x8000b0a8                wii_board_handshake
 .text.wii_board_disconnected
                0x8000b32c        0xc C:\devkitPro/libogc/lib/wii\libwiiuse.a(wiiboard.o)
                0x8000b32c                wii_board_disconnected
 .text.wii_board_event
                0x8000b338       0x24 C:\devkitPro/libogc/lib/wii\libwiiuse.a(wiiboard.o)
                0x8000b338                wii_board_event
 .text.wiiuse_send_next_command
                0x8000b35c       0x58 C:\devkitPro/libogc/lib/wii\libwiiuse.a(wiiuse.o)
                0x8000b35c                wiiuse_send_next_command
 .text.wiiuse_init
                0x8000b3b4      0x208 C:\devkitPro/libogc/lib/wii\libwiiuse.a(wiiuse.o)
                0x8000b3b4                wiiuse_init
 .text.wiiuse_set_flags
                0x8000b5bc       0x28 C:\devkitPro/libogc/lib/wii\libwiiuse.a(wiiuse.o)
                0x8000b5bc                wiiuse_set_flags
 .text.wiiuse_read_data
                0x8000b5e4      0x154 C:\devkitPro/libogc/lib/wii\libwiiuse.a(wiiuse.o)
                0x8000b5e4                wiiuse_read_data
 .text.wiiuse_write_data
                0x8000b738      0x18c C:\devkitPro/libogc/lib/wii\libwiiuse.a(wiiuse.o)
                0x8000b738                wiiuse_write_data
 .text.wiiuse_sendcmd
                0x8000b8c4      0x144 C:\devkitPro/libogc/lib/wii\libwiiuse.a(wiiuse.o)
                0x8000b8c4                wiiuse_sendcmd
 .text.wiiuse_set_leds
                0x8000ba08       0x50 C:\devkitPro/libogc/lib/wii\libwiiuse.a(wiiuse.o)
                0x8000ba08                wiiuse_set_leds
 .text.wiiuse_set_report_type
                0x8000ba58       0xb0 C:\devkitPro/libogc/lib/wii\libwiiuse.a(wiiuse.o)
                0x8000ba58                wiiuse_set_report_type
 .text.wiiuse_status
                0x8000bb08       0x4c C:\devkitPro/libogc/lib/wii\libwiiuse.a(wiiuse.o)
                0x8000bb08                wiiuse_status
 .text.wiiuse_motion_sensing
                0x8000bb54       0x84 C:\devkitPro/libogc/lib/wii\libwiiuse.a(wiiuse.o)
                0x8000bb54                wiiuse_motion_sensing
 .text.wiiuse_rumble
                0x8000bbd8       0x8c C:\devkitPro/libogc/lib/wii\libwiiuse.a(wiiuse.o)
                0x8000bbd8                wiiuse_rumble
 .text.wiiuse_set_speaker
                0x8000bc64      0x24c C:\devkitPro/libogc/lib/wii\libwiiuse.a(speaker.o)
                0x8000bc64                wiiuse_set_speaker
 .text.classic_ctrl_handshake
                0x8000beb0      0x410 C:\devkitPro/libogc/lib/wii\libwiiuse.a(classic.o)
                0x8000beb0                classic_ctrl_handshake
 .text.classic_ctrl_disconnected
                0x8000c2c0        0xc C:\devkitPro/libogc/lib/wii\libwiiuse.a(classic.o)
                0x8000c2c0                classic_ctrl_disconnected
 .text.classic_ctrl_event
                0x8000c2cc      0x15c C:\devkitPro/libogc/lib/wii\libwiiuse.a(classic.o)
                0x8000c2cc                classic_ctrl_event
 .text.handle_expansion
                0x8000c428       0x54 C:\devkitPro/libogc/lib/wii\libwiiuse.a(events.o)
 .text.parse_event
                0x8000c47c      0x730 C:\devkitPro/libogc/lib/wii\libwiiuse.a(events.o)
                0x8000c47c                parse_event
 .text.guitar_hero_3_handshake
                0x8000cbac       0x5c C:\devkitPro/libogc/lib/wii\libwiiuse.a(guitar_hero_3.o)
                0x8000cbac                guitar_hero_3_handshake
 .text.guitar_hero_3_disconnected
                0x8000cc08        0xc C:\devkitPro/libogc/lib/wii\libwiiuse.a(guitar_hero_3.o)
                0x8000cc08                guitar_hero_3_disconnected
 .text.guitar_hero_3_event
                0x8000cc14       0x60 C:\devkitPro/libogc/lib/wii\libwiiuse.a(guitar_hero_3.o)
                0x8000cc14                guitar_hero_3_event
 .text.acl_wlp_completed
                0x8000cc74        0x8 C:\devkitPro/libogc/lib/wii\libbte.a(bte.o)
                0x8000cc74                acl_wlp_completed
 .text.bt_alarmhandler
                0x8000cc7c       0x58 C:\devkitPro/libogc/lib/wii\libbte.a(bte.o)
 .text.__bte_send_pending_request
                0x8000ccd4      0x108 C:\devkitPro/libogc/lib/wii\libbte.a(bte.o)
 .text.acl_conn_complete
                0x8000cddc       0x2c C:\devkitPro/libogc/lib/wii\libbte.a(bte.o)
                0x8000cddc                acl_conn_complete
 .text.l2cap_accepted
                0x8000ce08      0x11c C:\devkitPro/libogc/lib/wii\libbte.a(bte.o)
                0x8000ce08                l2cap_accepted
 .text.l2cap_disconnect_cfm
                0x8000cf24      0x190 C:\devkitPro/libogc/lib/wii\libbte.a(bte.o)
                0x8000cf24                l2cap_disconnect_cfm
 .text.bte_process_input
                0x8000d0b4      0x11c C:\devkitPro/libogc/lib/wii\libbte.a(bte.o)
 .text.l2cap_disconnected_ind
                0x8000d1d0      0x194 C:\devkitPro/libogc/lib/wii\libbte.a(bte.o)
                0x8000d1d0                l2cap_disconnected_ind
 .text.__bte_shutdown_finished
                0x8000d364       0xdc C:\devkitPro/libogc/lib/wii\libbte.a(bte.o)
 .text.bte_hci_apply_patch_complete
                0x8000d440      0x164 C:\devkitPro/libogc/lib/wii\libbte.a(bte.o)
                0x8000d440                bte_hci_apply_patch_complete
 .text.bte_hci_patch_complete
                0x8000d5a4      0x370 C:\devkitPro/libogc/lib/wii\libbte.a(bte.o)
                0x8000d5a4                bte_hci_patch_complete
 .text.bte_hci_initcore_complete
                0x8000d914      0x258 C:\devkitPro/libogc/lib/wii\libbte.a(bte.o)
                0x8000d914                bte_hci_initcore_complete
 .text.bte_read_stored_link_key_complete
                0x8000db6c      0x268 C:\devkitPro/libogc/lib/wii\libbte.a(bte.o)
                0x8000db6c                bte_read_stored_link_key_complete
 .text.bte_hci_initcore_complete2
                0x8000ddd4      0x228 C:\devkitPro/libogc/lib/wii\libbte.a(bte.o)
 .text.bte_hci_initsub_complete
                0x8000dffc      0x278 C:\devkitPro/libogc/lib/wii\libbte.a(bte.o)
                0x8000dffc                bte_hci_initsub_complete
 .text.BTE_Init
                0x8000e274      0x138 C:\devkitPro/libogc/lib/wii\libbte.a(bte.o)
                0x8000e274                BTE_Init
 .text.BTE_Shutdown
                0x8000e3ac      0x100 C:\devkitPro/libogc/lib/wii\libbte.a(bte.o)
                0x8000e3ac                BTE_Shutdown
 .text.BTE_InitCore
                0x8000e4ac       0x8c C:\devkitPro/libogc/lib/wii\libbte.a(bte.o)
                0x8000e4ac                BTE_InitCore
 .text.BTE_ApplyPatch
                0x8000e538       0xa4 C:\devkitPro/libogc/lib/wii\libbte.a(bte.o)
                0x8000e538                BTE_ApplyPatch
 .text.BTE_InitSub
                0x8000e5dc       0x90 C:\devkitPro/libogc/lib/wii\libbte.a(bte.o)
                0x8000e5dc                BTE_InitSub
 .text.BTE_ReadStoredLinkKey
                0x8000e66c       0x90 C:\devkitPro/libogc/lib/wii\libbte.a(bte.o)
                0x8000e66c                BTE_ReadStoredLinkKey
 .text.BTE_SetDisconnectCallback
                0x8000e6fc        0x4 C:\devkitPro/libogc/lib/wii\libbte.a(bte.o)
                0x8000e6fc                BTE_SetDisconnectCallback
 .text.bte_new  0x8000e700       0x54 C:\devkitPro/libogc/lib/wii\libbte.a(bte.o)
                0x8000e700                bte_new
 .text.bte_registerdeviceasync
                0x8000e754      0x158 C:\devkitPro/libogc/lib/wii\libbte.a(bte.o)
                0x8000e754                bte_registerdeviceasync
 .text.bte_disconnect
                0x8000e8ac       0xd8 C:\devkitPro/libogc/lib/wii\libbte.a(bte.o)
                0x8000e8ac                bte_disconnect
 .text.bte_senddata
                0x8000e984      0x104 C:\devkitPro/libogc/lib/wii\libbte.a(bte.o)
                0x8000e984                bte_senddata
 .text.bte_arg  0x8000ea88       0x38 C:\devkitPro/libogc/lib/wii\libbte.a(bte.o)
                0x8000ea88                bte_arg
 .text.bte_received
                0x8000eac0       0x38 C:\devkitPro/libogc/lib/wii\libbte.a(bte.o)
                0x8000eac0                bte_received
 .text.bte_disconnected
                0x8000eaf8       0x38 C:\devkitPro/libogc/lib/wii\libbte.a(bte.o)
                0x8000eaf8                bte_disconnected
 .text.hci_get_link
                0x8000eb30       0x84 C:\devkitPro/libogc/lib/wii\libbte.a(hci.o)
 .text.hci_init
                0x8000ebb4       0x7c C:\devkitPro/libogc/lib/wii\libbte.a(hci.o)
                0x8000ebb4                hci_init
 .text.hci_close
                0x8000ec30       0xd0 C:\devkitPro/libogc/lib/wii\libbte.a(hci.o)
                0x8000ec30                hci_close
 .text.hci_reset_all
                0x8000ed00       0xa8 C:\devkitPro/libogc/lib/wii\libbte.a(hci.o)
                0x8000ed00                hci_reset_all
 .text.hci_arg  0x8000eda8        0xc C:\devkitPro/libogc/lib/wii\libbte.a(hci.o)
                0x8000eda8                hci_arg
 .text.hci_cmd_complete
                0x8000edb4        0xc C:\devkitPro/libogc/lib/wii\libbte.a(hci.o)
                0x8000edb4                hci_cmd_complete
 .text.hci_connection_complete
                0x8000edc0        0xc C:\devkitPro/libogc/lib/wii\libbte.a(hci.o)
                0x8000edc0                hci_connection_complete
 .text.hci_wlp_complete
                0x8000edcc        0xc C:\devkitPro/libogc/lib/wii\libbte.a(hci.o)
                0x8000edcc                hci_wlp_complete
 .text.hci_reset
                0x8000edd8       0xa8 C:\devkitPro/libogc/lib/wii\libbte.a(hci.o)
                0x8000edd8                hci_reset
 .text.hci_read_buffer_size
                0x8000ee80       0xa8 C:\devkitPro/libogc/lib/wii\libbte.a(hci.o)
                0x8000ee80                hci_read_buffer_size
 .text.hci_read_bd_addr
                0x8000ef28       0xa8 C:\devkitPro/libogc/lib/wii\libbte.a(hci.o)
                0x8000ef28                hci_read_bd_addr
 .text.hci_read_local_version
                0x8000efd0       0xa4 C:\devkitPro/libogc/lib/wii\libbte.a(hci.o)
                0x8000efd0                hci_read_local_version
 .text.hci_read_local_features
                0x8000f074       0xa8 C:\devkitPro/libogc/lib/wii\libbte.a(hci.o)
                0x8000f074                hci_read_local_features
 .text.hci_read_stored_link_key
                0x8000f11c       0xf8 C:\devkitPro/libogc/lib/wii\libbte.a(hci.o)
                0x8000f11c                hci_read_stored_link_key
 .text.hci_write_page_timeout
                0x8000f214       0xcc C:\devkitPro/libogc/lib/wii\libbte.a(hci.o)
                0x8000f214                hci_write_page_timeout
 .text.hci_write_scan_enable
                0x8000f2e0       0xb8 C:\devkitPro/libogc/lib/wii\libbte.a(hci.o)
                0x8000f2e0                hci_write_scan_enable
 .text.hci_accecpt_conn_request
                0x8000f398       0xdc C:\devkitPro/libogc/lib/wii\libbte.a(hci.o)
                0x8000f398                hci_accecpt_conn_request
 .text.hci_write_local_name
                0x8000f474       0xd4 C:\devkitPro/libogc/lib/wii\libbte.a(hci.o)
                0x8000f474                hci_write_local_name
 .text.hci_write_pin_type
                0x8000f548       0xb8 C:\devkitPro/libogc/lib/wii\libbte.a(hci.o)
                0x8000f548                hci_write_pin_type
 .text.hci_write_inquiry_mode
                0x8000f600       0xb8 C:\devkitPro/libogc/lib/wii\libbte.a(hci.o)
                0x8000f600                hci_write_inquiry_mode
 .text.hci_write_page_scan_type
                0x8000f6b8       0xb8 C:\devkitPro/libogc/lib/wii\libbte.a(hci.o)
                0x8000f6b8                hci_write_page_scan_type
 .text.hci_write_inquiry_scan_type
                0x8000f770       0xb8 C:\devkitPro/libogc/lib/wii\libbte.a(hci.o)
                0x8000f770                hci_write_inquiry_scan_type
 .text.hci_vendor_specific_command
                0x8000f828       0xe4 C:\devkitPro/libogc/lib/wii\libbte.a(hci.o)
                0x8000f828                hci_vendor_specific_command
 .text.hci_write_link_policy_settings
                0x8000f90c      0x100 C:\devkitPro/libogc/lib/wii\libbte.a(hci.o)
                0x8000f90c                hci_write_link_policy_settings
 .text.hci_pin_code_request_neg_reply
                0x8000fa0c       0xc8 C:\devkitPro/libogc/lib/wii\libbte.a(hci.o)
                0x8000fa0c                hci_pin_code_request_neg_reply
 .text.hci_link_key_req_neg_reply
                0x8000fad4       0xc8 C:\devkitPro/libogc/lib/wii\libbte.a(hci.o)
                0x8000fad4                hci_link_key_req_neg_reply
 .text.hci_disconnect
                0x8000fb9c       0xf8 C:\devkitPro/libogc/lib/wii\libbte.a(hci.o)
                0x8000fb9c                hci_disconnect
 .text.hci_write_cod
                0x8000fc94       0xc8 C:\devkitPro/libogc/lib/wii\libbte.a(hci.o)
                0x8000fc94                hci_write_cod
 .text.hci_host_buffer_size
                0x8000fd5c      0x108 C:\devkitPro/libogc/lib/wii\libbte.a(hci.o)
                0x8000fd5c                hci_host_buffer_size
 .text.hci_host_num_comp_packets
                0x8000fe64      0x104 C:\devkitPro/libogc/lib/wii\libbte.a(hci.o)
                0x8000fe64                hci_host_num_comp_packets
 .text.lp_pdu_maxsize
                0x8000ff68        0xc C:\devkitPro/libogc/lib/wii\libbte.a(hci.o)
                0x8000ff68                lp_pdu_maxsize
 .text.lp_acl_write
                0x8000ff74      0x154 C:\devkitPro/libogc/lib/wii\libbte.a(hci.o)
                0x8000ff74                lp_acl_write
 .text.lp_write_flush_timeout
                0x800100c8      0x100 C:\devkitPro/libogc/lib/wii\libbte.a(hci.o)
                0x800100c8                lp_write_flush_timeout
 .text.hci_event_handler
                0x800101c8      0xc78 C:\devkitPro/libogc/lib/wii\libbte.a(hci.o)
                0x800101c8                hci_event_handler
 .text.hci_acldata_handler
                0x80010e40      0x118 C:\devkitPro/libogc/lib/wii\libbte.a(hci.o)
                0x80010e40                hci_acldata_handler
 .text.l2cap_init
                0x80010f58       0x60 C:\devkitPro/libogc/lib/wii\libbte.a(l2cap.o)
                0x80010f58                l2cap_init
 .text.l2cap_write
                0x80010fb8      0x1a0 C:\devkitPro/libogc/lib/wii\libbte.a(l2cap.o)
                0x80010fb8                l2cap_write
 .text.l2cap_new
                0x80011158       0x60 C:\devkitPro/libogc/lib/wii\libbte.a(l2cap.o)
                0x80011158                l2cap_new
 .text.l2cap_close
                0x800111b8      0x1c0 C:\devkitPro/libogc/lib/wii\libbte.a(l2cap.o)
                0x800111b8                l2cap_close
 .text.l2cap_reset_all
                0x80011378      0x148 C:\devkitPro/libogc/lib/wii\libbte.a(l2cap.o)
                0x80011378                l2cap_reset_all
 .text.l2cap_signal
                0x800114c0      0x204 C:\devkitPro/libogc/lib/wii\libbte.a(l2cap.o)
                0x800114c0                l2cap_signal
 .text.l2ca_config_req
                0x800116c4      0x154 C:\devkitPro/libogc/lib/wii\libbte.a(l2cap.o)
                0x800116c4                l2ca_config_req
 .text.l2ca_disconnect_req
                0x80011818       0xcc C:\devkitPro/libogc/lib/wii\libbte.a(l2cap.o)
                0x80011818                l2ca_disconnect_req
 .text.l2cap_tmr
                0x800118e4      0x260 C:\devkitPro/libogc/lib/wii\libbte.a(l2cap.o)
                0x800118e4                l2cap_tmr
 .text.l2cap_process_sig
                0x80011b44     0x1318 C:\devkitPro/libogc/lib/wii\libbte.a(l2cap.o)
                0x80011b44                l2cap_process_sig
 .text.l2cap_input
                0x80012e5c      0x584 C:\devkitPro/libogc/lib/wii\libbte.a(l2cap.o)
                0x80012e5c                l2cap_input
 .text.l2ca_datawrite
                0x800133e0      0x128 C:\devkitPro/libogc/lib/wii\libbte.a(l2cap.o)
                0x800133e0                l2ca_datawrite
 .text.lp_connect_cfm
                0x80013508      0x184 C:\devkitPro/libogc/lib/wii\libbte.a(l2cap.o)
                0x80013508                lp_connect_cfm
 .text.lp_connect_ind
                0x8001368c        0x4 C:\devkitPro/libogc/lib/wii\libbte.a(l2cap.o)
                0x8001368c                lp_connect_ind
 .text.lp_disconnect_ind
                0x80013690      0x124 C:\devkitPro/libogc/lib/wii\libbte.a(l2cap.o)
                0x80013690                lp_disconnect_ind
 .text.l2cap_disconnect_bb
                0x800137b4       0x10 C:\devkitPro/libogc/lib/wii\libbte.a(l2cap.o)
                0x800137b4                l2cap_disconnect_bb
 .text.l2cap_arg
                0x800137c4        0x8 C:\devkitPro/libogc/lib/wii\libbte.a(l2cap.o)
                0x800137c4                l2cap_arg
 .text.l2cap_connect_ind
                0x800137cc      0x100 C:\devkitPro/libogc/lib/wii\libbte.a(l2cap.o)
                0x800137cc                l2cap_connect_ind
 .text.l2cap_disconnect_ind
                0x800138cc        0x8 C:\devkitPro/libogc/lib/wii\libbte.a(l2cap.o)
                0x800138cc                l2cap_disconnect_ind
 .text.l2cap_recv
                0x800138d4        0x8 C:\devkitPro/libogc/lib/wii\libbte.a(l2cap.o)
                0x800138d4                l2cap_recv
 .text.btmemb_init
                0x800138dc       0x24 C:\devkitPro/libogc/lib/wii\libbte.a(btmemb.o)
                0x800138dc                btmemb_init
 .text.btmemb_alloc
                0x80013900       0x98 C:\devkitPro/libogc/lib/wii\libbte.a(btmemb.o)
                0x80013900                btmemb_alloc
 .text.btmemb_free
                0x80013998       0xe0 C:\devkitPro/libogc/lib/wii\libbte.a(btmemb.o)
                0x80013998                btmemb_free
 .text.plug_holes
                0x80013a78       0xac C:\devkitPro/libogc/lib/wii\libbte.a(btmemr.o)
 .text.btmemr_init
                0x80013b24       0xa4 C:\devkitPro/libogc/lib/wii\libbte.a(btmemr.o)
                0x80013b24                btmemr_init
 .text.btmemr_malloc
                0x80013bc8      0x180 C:\devkitPro/libogc/lib/wii\libbte.a(btmemr.o)
                0x80013bc8                btmemr_malloc
 .text.btmemr_free
                0x80013d48       0x98 C:\devkitPro/libogc/lib/wii\libbte.a(btmemr.o)
                0x80013d48                btmemr_free
 .text.btmemr_realloc
                0x80013de0      0x108 C:\devkitPro/libogc/lib/wii\libbte.a(btmemr.o)
                0x80013de0                btmemr_realloc
 .text.btpbuf_init
                0x80013ee8       0x28 C:\devkitPro/libogc/lib/wii\libbte.a(btpbuf.o)
                0x80013ee8                btpbuf_init
 .text.btpbuf_free
                0x80013f10      0x104 C:\devkitPro/libogc/lib/wii\libbte.a(btpbuf.o)
                0x80013f10                btpbuf_free
 .text.btpbuf_alloc
                0x80014014      0x224 C:\devkitPro/libogc/lib/wii\libbte.a(btpbuf.o)
                0x80014014                btpbuf_alloc
 .text.btpbuf_realloc
                0x80014238      0x110 C:\devkitPro/libogc/lib/wii\libbte.a(btpbuf.o)
                0x80014238                btpbuf_realloc
 .text.btpbuf_header
                0x80014348       0x84 C:\devkitPro/libogc/lib/wii\libbte.a(btpbuf.o)
                0x80014348                btpbuf_header
 .text.btpbuf_ref
                0x800143cc       0x48 C:\devkitPro/libogc/lib/wii\libbte.a(btpbuf.o)
                0x800143cc                btpbuf_ref
 .text.btpbuf_chain
                0x80014414       0x9c C:\devkitPro/libogc/lib/wii\libbte.a(btpbuf.o)
                0x80014414                btpbuf_chain
 .text.btpbuf_dechain
                0x800144b0       0x7c C:\devkitPro/libogc/lib/wii\libbte.a(btpbuf.o)
                0x800144b0                btpbuf_dechain
 .text.btpbuf_take
                0x8001452c      0x13c C:\devkitPro/libogc/lib/wii\libbte.a(btpbuf.o)
                0x8001452c                btpbuf_take
 .text.__usb_closeCB
                0x80014668       0x10 C:\devkitPro/libogc/lib/wii\libbte.a(physbusif.o)
 .text.__writebulkmsgCB
                0x80014678       0x3c C:\devkitPro/libogc/lib/wii\libbte.a(physbusif.o)
 .text.__writectrlmsgCB
                0x800146b4       0x3c C:\devkitPro/libogc/lib/wii\libbte.a(physbusif.o)
 .text.__issue_intrread.part.0
                0x800146f0       0x80 C:\devkitPro/libogc/lib/wii\libbte.a(physbusif.o)
 .text.__readintrdataCB
                0x80014770      0x148 C:\devkitPro/libogc/lib/wii\libbte.a(physbusif.o)
 .text.__issue_bulkread.part.0
                0x800148b8       0x80 C:\devkitPro/libogc/lib/wii\libbte.a(physbusif.o)
 .text.__readbulkdataCB
                0x80014938      0x148 C:\devkitPro/libogc/lib/wii\libbte.a(physbusif.o)
 .text.physbusif_init
                0x80014a80      0x1ec C:\devkitPro/libogc/lib/wii\libbte.a(physbusif.o)
                0x80014a80                physbusif_init
 .text.physbusif_close
                0x80014c6c       0x20 C:\devkitPro/libogc/lib/wii\libbte.a(physbusif.o)
                0x80014c6c                physbusif_close
 .text.physbusif_shutdown
                0x80014c8c       0x24 C:\devkitPro/libogc/lib/wii\libbte.a(physbusif.o)
                0x80014c8c                physbusif_shutdown
 .text.physbusif_reset_all
                0x80014cb0        0x4 C:\devkitPro/libogc/lib/wii\libbte.a(physbusif.o)
                0x80014cb0                physbusif_reset_all
 .text.physbusif_output
                0x80014cb4      0x1e8 C:\devkitPro/libogc/lib/wii\libbte.a(physbusif.o)
                0x80014cb4                physbusif_output
 .text.__console_clear_line
                0x80014e9c       0xb8 C:\devkitPro/libogc/lib/wii\libogc.a(console.o)
 .text.__console_clear
                0x80014f54       0xbc C:\devkitPro/libogc/lib/wii\libogc.a(console.o)
 .text.__console_write
                0x80015010      0x830 C:\devkitPro/libogc/lib/wii\libogc.a(console.o)
                0x80015010                __console_write
 .text.__console_init
                0x80015840      0x120 C:\devkitPro/libogc/lib/wii\libogc.a(console.o)
                0x80015840                __console_init
 .text.CON_Init
                0x80015960        0x4 C:\devkitPro/libogc/lib/wii\libogc.a(console.o)
                0x80015960                CON_Init
 .text.CON_EnableGecko
                0x80015964      0x100 C:\devkitPro/libogc/lib/wii\libogc.a(console.o)
                0x80015964                CON_EnableGecko
 .text.__lwp_queue_initialize
                0x80015a64       0x98 C:\devkitPro/libogc/lib/wii\libogc.a(lwp_queue.o)
                0x80015a64                __lwp_queue_initialize
 .text.__lwp_queue_get
                0x80015afc       0x74 C:\devkitPro/libogc/lib/wii\libogc.a(lwp_queue.o)
                0x80015afc                __lwp_queue_get
 .text.__lwp_queue_append
                0x80015b70       0x4c C:\devkitPro/libogc/lib/wii\libogc.a(lwp_queue.o)
                0x80015b70                __lwp_queue_append
 .text.__syscall_getreent
                0x80015bbc       0x24 C:\devkitPro/libogc/lib/wii\libogc.a(lwp_threads.o)
                0x80015bbc                __syscall_getreent
 .text.__lwp_isr_in_progress
                0x80015be0        0x8 C:\devkitPro/libogc/lib/wii\libogc.a(lwp_threads.o)
                0x80015be0                __lwp_isr_in_progress
 .text.__thread_dispatch_fp
                0x80015be8       0x88 C:\devkitPro/libogc/lib/wii\libogc.a(lwp_threads.o)
                0x80015be8                __thread_dispatch_fp
 .text.__thread_dispatch
                0x80015c70       0xf4 C:\devkitPro/libogc/lib/wii\libogc.a(lwp_threads.o)
                0x80015c70                __thread_dispatch
 .text.__lwp_thread_resettimeslice
                0x80015d64       0xb4 C:\devkitPro/libogc/lib/wii\libogc.a(lwp_threads.o)
                0x80015d64                __lwp_thread_resettimeslice
 .text.__lwp_thread_tickle_timeslice
                0x80015e18       0xc8 C:\devkitPro/libogc/lib/wii\libogc.a(lwp_threads.o)
                0x80015e18                __lwp_thread_tickle_timeslice
 .text.__lwp_thread_setstate
                0x80015ee0      0x16c C:\devkitPro/libogc/lib/wii\libogc.a(lwp_threads.o)
                0x80015ee0                __lwp_thread_setstate
 .text.__lwp_thread_clearstate
                0x8001604c       0xe4 C:\devkitPro/libogc/lib/wii\libogc.a(lwp_threads.o)
                0x8001604c                __lwp_thread_clearstate
 .text.__lwp_thread_delayended
                0x80016130       0x48 C:\devkitPro/libogc/lib/wii\libogc.a(lwp_threads.o)
                0x80016130                __lwp_thread_delayended
 .text.__lwp_thread_settransient
                0x80016178       0xb4 C:\devkitPro/libogc/lib/wii\libogc.a(lwp_threads.o)
                0x80016178                __lwp_thread_settransient
 .text.__lwp_thread_changepriority
                0x8001622c      0x1f8 C:\devkitPro/libogc/lib/wii\libogc.a(lwp_threads.o)
                0x8001622c                __lwp_thread_changepriority
 .text.__lwp_thread_ready
                0x80016424       0xf0 C:\devkitPro/libogc/lib/wii\libogc.a(lwp_threads.o)
                0x80016424                __lwp_thread_ready
 .text.__lwp_thread_init
                0x80016514      0x160 C:\devkitPro/libogc/lib/wii\libogc.a(lwp_threads.o)
                0x80016514                __lwp_thread_init
 .text.__lwp_thread_close
                0x80016674      0x144 C:\devkitPro/libogc/lib/wii\libogc.a(lwp_threads.o)
                0x80016674                __lwp_thread_close
 .text.__lwp_thread_handler
                0x800167b8       0xc0 C:\devkitPro/libogc/lib/wii\libogc.a(lwp_threads.o)
 .text.__lwp_thread_closeall
                0x80016878       0xb0 C:\devkitPro/libogc/lib/wii\libogc.a(lwp_threads.o)
                0x80016878                __lwp_thread_closeall
 .text.__lwp_thread_start
                0x80016928      0x150 C:\devkitPro/libogc/lib/wii\libogc.a(lwp_threads.o)
                0x80016928                __lwp_thread_start
 .text.__lwp_thread_startmultitasking
                0x80016a78       0xac C:\devkitPro/libogc/lib/wii\libogc.a(lwp_threads.o)
                0x80016a78                __lwp_thread_startmultitasking
 .text.__lwp_thread_stopmultitasking
                0x80016b24       0x58 C:\devkitPro/libogc/lib/wii\libogc.a(lwp_threads.o)
                0x80016b24                __lwp_thread_stopmultitasking
 .text.__lwp_thread_coreinit
                0x80016b7c       0xc4 C:\devkitPro/libogc/lib/wii\libogc.a(lwp_threads.o)
                0x80016b7c                __lwp_thread_coreinit
 .text.idle_func
                0x80016c40        0x4 C:\devkitPro/libogc/lib/wii\libogc.a(lwp.o)
 .text.__lwp_sysinit
                0x80016c44      0x114 C:\devkitPro/libogc/lib/wii\libogc.a(lwp.o)
                0x80016c44                __lwp_sysinit
 .text.LWP_InitQueue
                0x80016d58      0x148 C:\devkitPro/libogc/lib/wii\libogc.a(lwp.o)
                0x80016d58                LWP_InitQueue
 .text.LWP_CloseQueue
                0x80016ea0       0xd4 C:\devkitPro/libogc/lib/wii\libogc.a(lwp.o)
                0x80016ea0                LWP_CloseQueue
 .text.LWP_ThreadSleep
                0x80016f74       0xf8 C:\devkitPro/libogc/lib/wii\libogc.a(lwp.o)
                0x80016f74                LWP_ThreadSleep
 .text.LWP_ThreadBroadcast
                0x8001706c       0x88 C:\devkitPro/libogc/lib/wii\libogc.a(lwp.o)
                0x8001706c                LWP_ThreadBroadcast
 .text.LWP_ThreadSignal
                0x800170f4       0x74 C:\devkitPro/libogc/lib/wii\libogc.a(lwp.o)
                0x800170f4                LWP_ThreadSignal
 .text.__lwp_stack_allocate
                0x80017168       0x60 C:\devkitPro/libogc/lib/wii\libogc.a(lwp_stack.o)
                0x80017168                __lwp_stack_allocate
 .text.__lwp_stack_free
                0x800171c8       0x1c C:\devkitPro/libogc/lib/wii\libogc.a(lwp_stack.o)
                0x800171c8                __lwp_stack_free
 .text.__lwp_wd_settimer
                0x800171e4       0xdc C:\devkitPro/libogc/lib/wii\libogc.a(lwp_watchdog.o)
 .text.__lwp_watchdog_init
                0x800172c0       0x2c C:\devkitPro/libogc/lib/wii\libogc.a(lwp_watchdog.o)
                0x800172c0                __lwp_watchdog_init
 .text.__lwp_wd_insert
                0x800172ec      0x19c C:\devkitPro/libogc/lib/wii\libogc.a(lwp_watchdog.o)
                0x800172ec                __lwp_wd_insert
 .text.__lwp_wd_remove
                0x80017488      0x138 C:\devkitPro/libogc/lib/wii\libogc.a(lwp_watchdog.o)
                0x80017488                __lwp_wd_remove
 .text.__lwp_wd_tickle
                0x800175c0      0x120 C:\devkitPro/libogc/lib/wii\libogc.a(lwp_watchdog.o)
                0x800175c0                __lwp_wd_tickle
 .text.__lwp_wkspace_init
                0x800176e0       0xc0 C:\devkitPro/libogc/lib/wii\libogc.a(lwp_wkspace.o)
                0x800176e0                __lwp_wkspace_init
 .text.__lwp_objmgr_initinfo
                0x800177a0      0x1a0 C:\devkitPro/libogc/lib/wii\libogc.a(lwp_objmgr.o)
                0x800177a0                __lwp_objmgr_initinfo
 .text.__lwp_objmgr_getisrdisable
                0x80017940       0x60 C:\devkitPro/libogc/lib/wii\libogc.a(lwp_objmgr.o)
                0x80017940                __lwp_objmgr_getisrdisable
 .text.__lwp_objmgr_getnoprotection
                0x800179a0       0x24 C:\devkitPro/libogc/lib/wii\libogc.a(lwp_objmgr.o)
                0x800179a0                __lwp_objmgr_getnoprotection
 .text.__lwp_objmgr_get
                0x800179c4       0x6c C:\devkitPro/libogc/lib/wii\libogc.a(lwp_objmgr.o)
                0x800179c4                __lwp_objmgr_get
 .text.__lwp_objmgr_allocate
                0x80017a30       0x88 C:\devkitPro/libogc/lib/wii\libogc.a(lwp_objmgr.o)
                0x80017a30                __lwp_objmgr_allocate
 .text.__lwp_objmgr_free
                0x80017ab8       0x60 C:\devkitPro/libogc/lib/wii\libogc.a(lwp_objmgr.o)
                0x80017ab8                __lwp_objmgr_free
 .text.__lwp_heap_init
                0x80017b18       0xa4 C:\devkitPro/libogc/lib/wii\libogc.a(lwp_heap.o)
                0x80017b18                __lwp_heap_init
 .text.__lwp_heap_allocate
                0x80017bbc      0x160 C:\devkitPro/libogc/lib/wii\libogc.a(lwp_heap.o)
                0x80017bbc                __lwp_heap_allocate
 .text.__lwp_heap_free
                0x80017d1c      0x188 C:\devkitPro/libogc/lib/wii\libogc.a(lwp_heap.o)
                0x80017d1c                __lwp_heap_free
 .text.__SetInterrupts
                0x80017ea4      0x268 C:\devkitPro/libogc/lib/wii\libogc.a(irq.o)
 .text.c_irqdispatcher
                0x8001810c      0x268 C:\devkitPro/libogc/lib/wii\libogc.a(irq.o)
                0x8001810c                c_irqdispatcher
 .text.__UnmaskIrq
                0x80018374       0x84 C:\devkitPro/libogc/lib/wii\libogc.a(irq.o)
                0x80018374                __UnmaskIrq
 .text.__MaskIrq
                0x800183f8       0x84 C:\devkitPro/libogc/lib/wii\libogc.a(irq.o)
                0x800183f8                __MaskIrq
 .text.__irq_init
                0x8001847c       0x84 C:\devkitPro/libogc/lib/wii\libogc.a(irq.o)
                0x8001847c                __irq_init
 .text.IRQ_Request
                0x80018500       0x50 C:\devkitPro/libogc/lib/wii\libogc.a(irq.o)
                0x80018500                IRQ_Request
 .text.IRQ_GetHandler
                0x80018550       0x44 C:\devkitPro/libogc/lib/wii\libogc.a(irq.o)
                0x80018550                IRQ_GetHandler
 .text.IRQ_Disable
                0x80018594       0x1c C:\devkitPro/libogc/lib/wii\libogc.a(irq.o)
                0x80018594                IRQ_Disable
 .text.IRQ_Restore
                0x800185b0       0x1c C:\devkitPro/libogc/lib/wii\libogc.a(irq.o)
                0x800185b0                IRQ_Restore
 .text.__VISendI2CData.constprop.0.isra.0
                0x800185cc      0x428 C:\devkitPro/libogc/lib/wii\libogc.a(video.o)
 .text.__setFbbRegs.constprop.0
                0x800189f4      0x190 C:\devkitPro/libogc/lib/wii\libogc.a(video.o)
 .text.__VISetYUVSEL
                0x80018b84       0xb8 C:\devkitPro/libogc/lib/wii\libogc.a(video.o)
 .text.VIDEO_Configure
                0x80018c3c      0x600 C:\devkitPro/libogc/lib/wii\libogc.a(video.o)
                0x80018c3c                VIDEO_Configure
 .text.VIDEO_WaitVSync
                0x8001923c       0x74 C:\devkitPro/libogc/lib/wii\libogc.a(video.o)
                0x8001923c                VIDEO_WaitVSync
 .text.VIDEO_SetFramebuffer
                0x800192b0       0xd0 C:\devkitPro/libogc/lib/wii\libogc.a(video.o)
                0x800192b0                VIDEO_SetFramebuffer
 .text.VIDEO_SetNextFramebuffer
                0x80019380       0x70 C:\devkitPro/libogc/lib/wii\libogc.a(video.o)
                0x80019380                VIDEO_SetNextFramebuffer
 .text.VIDEO_Flush
                0x800193f0       0xf4 C:\devkitPro/libogc/lib/wii\libogc.a(video.o)
                0x800193f0                VIDEO_Flush
 .text.VIDEO_SetBlack
                0x800194e4      0x15c C:\devkitPro/libogc/lib/wii\libogc.a(video.o)
                0x800194e4                VIDEO_SetBlack
 .text.VIDEO_GetCurrentTvMode
                0x80019640       0x78 C:\devkitPro/libogc/lib/wii\libogc.a(video.o)
                0x80019640                VIDEO_GetCurrentTvMode
 .text.__VIRetraceHandler
                0x800196b8      0x284 C:\devkitPro/libogc/lib/wii\libogc.a(video.o)
 .text.__VISetupEncoder
                0x8001993c      0x288 C:\devkitPro/libogc/lib/wii\libogc.a(video.o)
 .text.VIDEO_Init
                0x80019bc4      0x3cc C:\devkitPro/libogc/lib/wii\libogc.a(video.o)
                0x80019bc4                VIDEO_Init
 .text.VIDEO_GetPreferredMode
                0x80019f90      0x108 C:\devkitPro/libogc/lib/wii\libogc.a(video.o)
                0x80019f90                VIDEO_GetPreferredMode
 .text.VIDEO_GetCurrentLine
                0x8001a098       0xa0 C:\devkitPro/libogc/lib/wii\libogc.a(video.o)
                0x8001a098                VIDEO_GetCurrentLine
 .text.VIDEO_GetFrameBufferSize
                0x8001a138       0x34 C:\devkitPro/libogc/lib/wii\libogc.a(video.o)
                0x8001a138                VIDEO_GetFrameBufferSize
 .text.__call_resetfuncs
                0x8001a16c       0xbc C:\devkitPro/libogc/lib/wii\libogc.a(system.o)
 .text.__MEMInterruptHandler
                0x8001a228       0x14 C:\devkitPro/libogc/lib/wii\libogc.a(system.o)
 .text.__RSWDefaultHandler
                0x8001a23c        0x4 C:\devkitPro/libogc/lib/wii\libogc.a(system.o)
 .text.__POWDefaultHandler
                0x8001a240        0x4 C:\devkitPro/libogc/lib/wii\libogc.a(system.o)
 .text.__STMEventHandler
                0x8001a244      0x104 C:\devkitPro/libogc/lib/wii\libogc.a(system.o)
 .text.__getrtc
                0x8001a348      0x13c C:\devkitPro/libogc/lib/wii\libogc.a(system.o)
 .text.__sram_write
                0x8001a484      0x130 C:\devkitPro/libogc/lib/wii\libogc.a(system.o)
 .text.__sram_writecallback
                0x8001a5b4       0x54 C:\devkitPro/libogc/lib/wii\libogc.a(system.o)
 .text.__mem_onreset
                0x8001a608       0x48 C:\devkitPro/libogc/lib/wii\libogc.a(system.o)
 .text.__unlocksram
                0x8001a650      0x174 C:\devkitPro/libogc/lib/wii\libogc.a(system.o)
 .text.__sys_alarmhandler
                0x8001a7c4      0x154 C:\devkitPro/libogc/lib/wii\libogc.a(system.o)
 .text.__syscall_malloc_lock
                0x8001a918        0x4 C:\devkitPro/libogc/lib/wii\libogc.a(system.o)
                0x8001a918                __syscall_malloc_lock
 .text.__syscall_malloc_unlock
                0x8001a91c        0x4 C:\devkitPro/libogc/lib/wii\libogc.a(system.o)
                0x8001a91c                __syscall_malloc_unlock
 .text.__syscall_nanosleep
                0x8001a920        0x4 C:\devkitPro/libogc/lib/wii\libogc.a(system.o)
                0x8001a920                __syscall_nanosleep
 .text.__SYS_GetRTC
                0x8001a924       0x98 C:\devkitPro/libogc/lib/wii\libogc.a(system.o)
                0x8001a924                __SYS_GetRTC
 .text.__SYS_SetBootTime
                0x8001a9bc      0x108 C:\devkitPro/libogc/lib/wii\libogc.a(system.o)
                0x8001a9bc                __SYS_SetBootTime
 .text.__SYS_GetIPCBufferLo
                0x8001aac4        0x8 C:\devkitPro/libogc/lib/wii\libogc.a(system.o)
                0x8001aac4                __SYS_GetIPCBufferLo
 .text.__SYS_GetIPCBufferHi
                0x8001aacc        0x8 C:\devkitPro/libogc/lib/wii\libogc.a(system.o)
                0x8001aacc                __SYS_GetIPCBufferHi
 .text.__SYS_DoPowerCB
                0x8001aad4       0x74 C:\devkitPro/libogc/lib/wii\libogc.a(system.o)
                0x8001aad4                __SYS_DoPowerCB
 .text.__SYS_PreInit
                0x8001ab48        0x4 C:\devkitPro/libogc/lib/wii\libogc.a(system.o)
                0x8001ab48                __SYS_PreInit
 .text.SYS_PreMain
                0x8001ab4c       0x7c C:\devkitPro/libogc/lib/wii\libogc.a(system.o)
                0x8001ab4c                SYS_PreMain
 .text.SYS_ResetButtonDown
                0x8001abc8       0x18 C:\devkitPro/libogc/lib/wii\libogc.a(system.o)
                0x8001abc8                SYS_ResetButtonDown
 .text.SYS_ResetSystem
                0x8001abe0      0x1f8 C:\devkitPro/libogc/lib/wii\libogc.a(system.o)
                0x8001abe0                SYS_ResetSystem
 .text.__reload
                0x8001add8       0x84 C:\devkitPro/libogc/lib/wii\libogc.a(system.o)
                0x8001add8                __reload
 .text.__syscall_exit
                0x8001ae5c       0x8c C:\devkitPro/libogc/lib/wii\libogc.a(system.o)
                0x8001ae5c                __syscall_exit
 .text.SYS_RegisterResetFunc
                0x8001aee8       0x78 C:\devkitPro/libogc/lib/wii\libogc.a(system.o)
                0x8001aee8                SYS_RegisterResetFunc
 .text.SYS_SetArena1Lo
                0x8001af60       0x38 C:\devkitPro/libogc/lib/wii\libogc.a(system.o)
                0x8001af60                SYS_SetArena1Lo
 .text.SYS_GetArena1Lo
                0x8001af98       0x38 C:\devkitPro/libogc/lib/wii\libogc.a(system.o)
                0x8001af98                SYS_GetArena1Lo
 .text.SYS_GetArena1Hi
                0x8001afd0       0x38 C:\devkitPro/libogc/lib/wii\libogc.a(system.o)
                0x8001afd0                SYS_GetArena1Hi
 .text.SYS_SetArena2Lo
                0x8001b008       0x38 C:\devkitPro/libogc/lib/wii\libogc.a(system.o)
                0x8001b008                SYS_SetArena2Lo
 .text.SYS_GetArena2Lo
                0x8001b040       0x38 C:\devkitPro/libogc/lib/wii\libogc.a(system.o)
                0x8001b040                SYS_GetArena2Lo
 .text.SYS_SetArena2Hi
                0x8001b078       0x38 C:\devkitPro/libogc/lib/wii\libogc.a(system.o)
                0x8001b078                SYS_SetArena2Hi
 .text.SYS_GetArena2Hi
                0x8001b0b0       0x38 C:\devkitPro/libogc/lib/wii\libogc.a(system.o)
                0x8001b0b0                SYS_GetArena2Hi
 .text.SYS_AllocateFramebuffer
                0x8001b0e8       0x28 C:\devkitPro/libogc/lib/wii\libogc.a(system.o)
                0x8001b0e8                SYS_AllocateFramebuffer
 .text.SYS_CreateAlarm
                0x8001b110      0x104 C:\devkitPro/libogc/lib/wii\libogc.a(system.o)
                0x8001b110                SYS_CreateAlarm
 .text.SYS_SetAlarm
                0x8001b214      0x1e0 C:\devkitPro/libogc/lib/wii\libogc.a(system.o)
                0x8001b214                SYS_SetAlarm
 .text.SYS_SetPeriodicAlarm
                0x8001b3f4      0x270 C:\devkitPro/libogc/lib/wii\libogc.a(system.o)
                0x8001b3f4                SYS_SetPeriodicAlarm
 .text.SYS_RemoveAlarm
                0x8001b664      0x10c C:\devkitPro/libogc/lib/wii\libogc.a(system.o)
                0x8001b664                SYS_RemoveAlarm
 .text.SYS_CancelAlarm
                0x8001b770       0xbc C:\devkitPro/libogc/lib/wii\libogc.a(system.o)
                0x8001b770                SYS_CancelAlarm
 .text.SYS_GetWirelessID
                0x8001b82c       0x90 C:\devkitPro/libogc/lib/wii\libogc.a(system.o)
                0x8001b82c                SYS_GetWirelessID
 .text.SYS_SetWirelessID
                0x8001b8bc       0x90 C:\devkitPro/libogc/lib/wii\libogc.a(system.o)
                0x8001b8bc                SYS_SetWirelessID
 .text.SYS_SetGBSMode
                0x8001b94c       0xa8 C:\devkitPro/libogc/lib/wii\libogc.a(system.o)
                0x8001b94c                SYS_SetGBSMode
 .text.__sram_init
                0x8001b9f4      0x1b8 C:\devkitPro/libogc/lib/wii\libogc.a(system.o)
                0x8001b9f4                __sram_init
 .text.SYS_Init
                0x8001bbac      0x5b4 C:\devkitPro/libogc/lib/wii\libogc.a(system.o)
                0x8001bbac                SYS_Init
 .text.SYS_GetHollywoodRevision
                0x8001c160       0x3c C:\devkitPro/libogc/lib/wii\libogc.a(system.o)
                0x8001c160                SYS_GetHollywoodRevision
 .text.SYS_Time
                0x8001c19c       0x78 C:\devkitPro/libogc/lib/wii\libogc.a(system.o)
                0x8001c19c                SYS_Time
 .text.__lwp_cond_init
                0x8001c214       0x14 C:\devkitPro/libogc/lib/wii\libogc.a(cond.o)
                0x8001c214                __lwp_cond_init
 .text.__decrementer_init
                0x8001c228        0x4 C:\devkitPro/libogc/lib/wii\libogc.a(decrementer.o)
                0x8001c228                __decrementer_init
 .text.c_decrementer_handler
                0x8001c22c        0xc C:\devkitPro/libogc/lib/wii\libogc.a(decrementer.o)
                0x8001c22c                c_decrementer_handler
 .text.__lwp_mqbox_init
                0x8001c238       0x14 C:\devkitPro/libogc/lib/wii\libogc.a(message.o)
                0x8001c238                __lwp_mqbox_init
 .text.__si_transfer
                0x8001c24c      0x194 C:\devkitPro/libogc/lib/wii\libogc.a(si.o)
 .text.__si_alarmhandler
                0x8001c3e0       0xdc C:\devkitPro/libogc/lib/wii\libogc.a(si.o)
 .text.__si_completetransfer
                0x8001c4bc      0x1fc C:\devkitPro/libogc/lib/wii\libogc.a(si.o)
 .text.__si_transfernext
                0x8001c6b8       0xe0 C:\devkitPro/libogc/lib/wii\libogc.a(si.o)
 .text.SI_Busy  0x8001c798       0x18 C:\devkitPro/libogc/lib/wii\libogc.a(si.o)
                0x8001c798                SI_Busy
 .text.SI_IsChanBusy
                0x8001c7b0       0x38 C:\devkitPro/libogc/lib/wii\libogc.a(si.o)
                0x8001c7b0                SI_IsChanBusy
 .text.SI_SetXY
                0x8001c7e8       0x64 C:\devkitPro/libogc/lib/wii\libogc.a(si.o)
                0x8001c7e8                SI_SetXY
 .text.SI_EnablePolling
                0x8001c84c       0x78 C:\devkitPro/libogc/lib/wii\libogc.a(si.o)
                0x8001c84c                SI_EnablePolling
 .text.SI_DisablePolling
                0x8001c8c4       0x58 C:\devkitPro/libogc/lib/wii\libogc.a(si.o)
                0x8001c8c4                SI_DisablePolling
 .text.SI_SetSamplingRate
                0x8001c91c       0xd8 C:\devkitPro/libogc/lib/wii\libogc.a(si.o)
                0x8001c91c                SI_SetSamplingRate
 .text.SI_RefreshSamplingRate
                0x8001c9f4        0x8 C:\devkitPro/libogc/lib/wii\libogc.a(si.o)
                0x8001c9f4                SI_RefreshSamplingRate
 .text.SI_GetStatus
                0x8001c9fc       0x78 C:\devkitPro/libogc/lib/wii\libogc.a(si.o)
                0x8001c9fc                SI_GetStatus
 .text.SI_GetResponseRaw
                0x8001ca74       0xe8 C:\devkitPro/libogc/lib/wii\libogc.a(si.o)
                0x8001ca74                SI_GetResponseRaw
 .text.SI_GetResponse
                0x8001cb5c       0xb8 C:\devkitPro/libogc/lib/wii\libogc.a(si.o)
                0x8001cb5c                SI_GetResponse
 .text.SI_SetCommand
                0x8001cc14       0x10 C:\devkitPro/libogc/lib/wii\libogc.a(si.o)
                0x8001cc14                SI_SetCommand
 .text.SI_Transfer
                0x8001cc24      0x268 C:\devkitPro/libogc/lib/wii\libogc.a(si.o)
                0x8001cc24                SI_Transfer
 .text.__si_gettypecallback
                0x8001ce8c      0x2c0 C:\devkitPro/libogc/lib/wii\libogc.a(si.o)
 .text.__si_interrupthandler
                0x8001d14c      0x268 C:\devkitPro/libogc/lib/wii\libogc.a(si.o)
 .text.SI_GetType
                0x8001d3b4      0x214 C:\devkitPro/libogc/lib/wii\libogc.a(si.o)
                0x8001d3b4                SI_GetType
 .text.SI_GetTypeAsync
                0x8001d5c8      0x138 C:\devkitPro/libogc/lib/wii\libogc.a(si.o)
                0x8001d5c8                SI_GetTypeAsync
 .text.SI_EnablePollingInterrupt
                0x8001d700       0x8c C:\devkitPro/libogc/lib/wii\libogc.a(si.o)
                0x8001d700                SI_EnablePollingInterrupt
 .text.SI_UnregisterPollingHandler
                0x8001d78c       0xe0 C:\devkitPro/libogc/lib/wii\libogc.a(si.o)
                0x8001d78c                SI_UnregisterPollingHandler
 .text.__si_init
                0x8001d86c       0xe0 C:\devkitPro/libogc/lib/wii\libogc.a(si.o)
                0x8001d86c                __si_init
 .text.__ipc_sendrequest.part.0
                0x8001d94c       0xdc C:\devkitPro/libogc/lib/wii\libogc.a(ipc.o)
 .text.__ipc_syncrequest
                0x8001da28       0xec C:\devkitPro/libogc/lib/wii\libogc.a(ipc.o)
 .text.__ioctlvfmtCB
                0x8001db14      0x158 C:\devkitPro/libogc/lib/wii\libogc.a(ipc.o)
 .text.__ios_ioctlvformat_parse
                0x8001dc6c      0x820 C:\devkitPro/libogc/lib/wii\libogc.a(ipc.o)
 .text.__ipc_asyncrequest
                0x8001e48c      0x148 C:\devkitPro/libogc/lib/wii\libogc.a(ipc.o)
 .text.__ipc_interrupthandler
                0x8001e5d4      0x34c C:\devkitPro/libogc/lib/wii\libogc.a(ipc.o)
 .text.iosCreateHeap
                0x8001e920      0x138 C:\devkitPro/libogc/lib/wii\libogc.a(ipc.o)
                0x8001e920                iosCreateHeap
 .text.iosAlloc
                0x8001ea58       0x30 C:\devkitPro/libogc/lib/wii\libogc.a(ipc.o)
                0x8001ea58                iosAlloc
 .text.iosFree  0x8001ea88       0x28 C:\devkitPro/libogc/lib/wii\libogc.a(ipc.o)
                0x8001ea88                iosFree
 .text.__IPC_ClntInit
                0x8001eab0       0xc8 C:\devkitPro/libogc/lib/wii\libogc.a(ipc.o)
                0x8001eab0                __IPC_ClntInit
 .text.IOS_Open
                0x8001eb78      0x110 C:\devkitPro/libogc/lib/wii\libogc.a(ipc.o)
                0x8001eb78                IOS_Open
 .text.IOS_Close
                0x8001ec88       0xf0 C:\devkitPro/libogc/lib/wii\libogc.a(ipc.o)
                0x8001ec88                IOS_Close
 .text.IOS_CloseAsync
                0x8001ed78       0xb4 C:\devkitPro/libogc/lib/wii\libogc.a(ipc.o)
                0x8001ed78                IOS_CloseAsync
 .text.IOS_Read
                0x8001ee2c      0x10c C:\devkitPro/libogc/lib/wii\libogc.a(ipc.o)
                0x8001ee2c                IOS_Read
 .text.IOS_Write
                0x8001ef38      0x10c C:\devkitPro/libogc/lib/wii\libogc.a(ipc.o)
                0x8001ef38                IOS_Write
 .text.IOS_Ioctl
                0x8001f044      0x158 C:\devkitPro/libogc/lib/wii\libogc.a(ipc.o)
                0x8001f044                IOS_Ioctl
 .text.IOS_IoctlAsync
                0x8001f19c      0x148 C:\devkitPro/libogc/lib/wii\libogc.a(ipc.o)
                0x8001f19c                IOS_IoctlAsync
 .text.IOS_Ioctlv
                0x8001f2e4      0x1f0 C:\devkitPro/libogc/lib/wii\libogc.a(ipc.o)
                0x8001f2e4                IOS_Ioctlv
 .text.IOS_IoctlvAsync
                0x8001f4d4      0x1d4 C:\devkitPro/libogc/lib/wii\libogc.a(ipc.o)
                0x8001f4d4                IOS_IoctlvAsync
 .text.IOS_IoctlvFormat
                0x8001f6a8      0x16c C:\devkitPro/libogc/lib/wii\libogc.a(ipc.o)
                0x8001f6a8                IOS_IoctlvFormat
 .text.IOS_IoctlvReboot
                0x8001f814      0x1f4 C:\devkitPro/libogc/lib/wii\libogc.a(ipc.o)
                0x8001f814                IOS_IoctlvReboot
 .text.gettick  0x8001fa08        0x8 C:\devkitPro/libogc/lib/wii\libogc.a(timesupp.o)
                0x8001fa08                gettick
 .text.gettime  0x8001fa10       0x18 C:\devkitPro/libogc/lib/wii\libogc.a(timesupp.o)
                0x8001fa10                gettime
 .text.settime  0x8001fa28       0x14 C:\devkitPro/libogc/lib/wii\libogc.a(timesupp.o)
                0x8001fa28                settime
 .text.diff_usec
                0x8001fa3c       0x88 C:\devkitPro/libogc/lib/wii\libogc.a(timesupp.o)
                0x8001fa3c                diff_usec
 .text.__timesystem_init
                0x8001fac4       0x1c C:\devkitPro/libogc/lib/wii\libogc.a(timesupp.o)
                0x8001fac4                __timesystem_init
 .text.udelay   0x8001fae0       0xac C:\devkitPro/libogc/lib/wii\libogc.a(timesupp.o)
                0x8001fae0                udelay
 .text.__libogc_nanosleep
                0x8001fb8c      0x144 C:\devkitPro/libogc/lib/wii\libogc.a(timesupp.o)
                0x8001fb8c                __libogc_nanosleep
 .text.__syscall_lock_init
                0x8001fcd0       0x6c C:\devkitPro/libogc/lib/wii\libogc.a(lock_supp.o)
                0x8001fcd0                __syscall_lock_init
 .text.__syscall_lock_init_recursive
                0x8001fd3c       0x6c C:\devkitPro/libogc/lib/wii\libogc.a(lock_supp.o)
                0x8001fd3c                __syscall_lock_init_recursive
 .text.__syscall_lock_close
                0x8001fda8       0x68 C:\devkitPro/libogc/lib/wii\libogc.a(lock_supp.o)
                0x8001fda8                __syscall_lock_close
 .text.__syscall_lock_acquire
                0x8001fe10       0x18 C:\devkitPro/libogc/lib/wii\libogc.a(lock_supp.o)
                0x8001fe10                __syscall_lock_acquire
 .text.__syscall_lock_release
                0x8001fe28       0x18 C:\devkitPro/libogc/lib/wii\libogc.a(lock_supp.o)
                0x8001fe28                __syscall_lock_release
 .text.__usbgecko_exi_unlock
                0x8001fe40       0x34 C:\devkitPro/libogc/lib/wii\libogc.a(usbgecko.o)
 .text.usb_isgeckoalive
                0x8001fe74      0x1bc C:\devkitPro/libogc/lib/wii\libogc.a(usbgecko.o)
                0x8001fe74                usb_isgeckoalive
 .text.usb_sendbuffer_ex
                0x80020030      0x214 C:\devkitPro/libogc/lib/wii\libogc.a(usbgecko.o)
                0x80020030                usb_sendbuffer_ex
 .text.usb_sendbuffer
                0x80020244        0x8 C:\devkitPro/libogc/lib/wii\libogc.a(usbgecko.o)
                0x80020244                usb_sendbuffer
 .text.usb_sendbuffer_safe_ex
                0x8002024c      0x2ac C:\devkitPro/libogc/lib/wii\libogc.a(usbgecko.o)
                0x8002024c                usb_sendbuffer_safe_ex
 .text.usb_sendbuffer_safe
                0x800204f8        0x8 C:\devkitPro/libogc/lib/wii\libogc.a(usbgecko.o)
                0x800204f8                usb_sendbuffer_safe
 .text._sbrk_r  0x80020500      0x28c C:\devkitPro/libogc/lib/wii\libogc.a(sbrk.o)
                0x80020500                _sbrk_r
 .text.__memlock_init
                0x8002078c       0x7c C:\devkitPro/libogc/lib/wii\libogc.a(malloc_lock.o)
                0x8002078c                __memlock_init
 .text.__libogc_malloc_lock
                0x80020808      0x1fc C:\devkitPro/libogc/lib/wii\libogc.a(malloc_lock.o)
                0x80020808                __libogc_malloc_lock
 .text.__libogc_malloc_unlock
                0x80020a04       0x64 C:\devkitPro/libogc/lib/wii\libogc.a(malloc_lock.o)
                0x80020a04                __libogc_malloc_unlock
 .text.__STM_SetEventHook
                0x80020a68       0xb0 C:\devkitPro/libogc/lib/wii\libogc.a(stm.o)
                0x80020a68                __STM_SetEventHook
 .text.__STM_Init
                0x80020b18       0x8c C:\devkitPro/libogc/lib/wii\libogc.a(stm.o)
                0x80020b18                __STM_Init
 .text.__STMEventHandler
                0x80020ba4       0x64 C:\devkitPro/libogc/lib/wii\libogc.a(stm.o)
 .text.__STM_ReleaseEventHook
                0x80020c08       0x80 C:\devkitPro/libogc/lib/wii\libogc.a(stm.o)
                0x80020c08                __STM_ReleaseEventHook
 .text.__STM_Close
                0x80020c88       0xac C:\devkitPro/libogc/lib/wii\libogc.a(stm.o)
                0x80020c88                __STM_Close
 .text.STM_RegisterEventHandler
                0x80020d34       0x10 C:\devkitPro/libogc/lib/wii\libogc.a(stm.o)
                0x80020d34                STM_RegisterEventHandler
 .text.STM_ShutdownToStandby
                0x80020d44       0x50 C:\devkitPro/libogc/lib/wii\libogc.a(stm.o)
                0x80020d44                STM_ShutdownToStandby
 .text.STM_ShutdownToIdle
                0x80020d94       0x70 C:\devkitPro/libogc/lib/wii\libogc.a(stm.o)
                0x80020d94                STM_ShutdownToIdle
 .text.STM_SetLedMode
                0x80020e04       0x40 C:\devkitPro/libogc/lib/wii\libogc.a(stm.o)
                0x80020e04                STM_SetLedMode
 .text.STM_RebootSystem
                0x80020e44       0x50 C:\devkitPro/libogc/lib/wii\libogc.a(stm.o)
                0x80020e44                STM_RebootSystem
 .text.__IOS_InitializeSubsystems
                0x80020e94       0x44 C:\devkitPro/libogc/lib/wii\libogc.a(ios.o)
                0x80020e94                __IOS_InitializeSubsystems
 .text.__IOS_ShutdownSubsystems
                0x80020ed8       0x44 C:\devkitPro/libogc/lib/wii\libogc.a(ios.o)
                0x80020ed8                __IOS_ShutdownSubsystems
 .text.__IOS_LoadStartupIOS
                0x80020f1c        0x8 C:\devkitPro/libogc/lib/wii\libogc.a(ios.o)
                0x80020f1c                __IOS_LoadStartupIOS
 .text._ES_fstat_r
                0x80020f24      0x120 C:\devkitPro/libogc/lib/wii\libogc.a(es.o)
 .text._ES_seek_r
                0x80021044       0xdc C:\devkitPro/libogc/lib/wii\libogc.a(es.o)
 .text._ES_close_r
                0x80021120       0xac C:\devkitPro/libogc/lib/wii\libogc.a(es.o)
 .text.__ES_Init
                0x800211cc       0x78 C:\devkitPro/libogc/lib/wii\libogc.a(es.o)
                0x800211cc                __ES_Init
 .text.__ES_Close
                0x80021244       0x54 C:\devkitPro/libogc/lib/wii\libogc.a(es.o)
                0x80021244                __ES_Close
 .text.ES_GetTitleID
                0x80021298       0x94 C:\devkitPro/libogc/lib/wii\libogc.a(es.o)
                0x80021298                ES_GetTitleID
 .text.ES_LaunchTitle
                0x8002132c       0xa4 C:\devkitPro/libogc/lib/wii\libogc.a(es.o)
                0x8002132c                ES_LaunchTitle
 .text.ES_GetNumTicketViews
                0x800213d0       0x98 C:\devkitPro/libogc/lib/wii\libogc.a(es.o)
                0x800213d0                ES_GetNumTicketViews
 .text.ES_GetTicketViews
                0x80021468       0x8c C:\devkitPro/libogc/lib/wii\libogc.a(es.o)
                0x80021468                ES_GetTicketViews
 .text.ES_GetStoredTMD
                0x800214f4       0x90 C:\devkitPro/libogc/lib/wii\libogc.a(es.o)
                0x800214f4                ES_GetStoredTMD
 .text._ES_decodepath
                0x80021584      0x440 C:\devkitPro/libogc/lib/wii\libogc.a(es.o)
 .text._ES_stat_r
                0x800219c4       0xec C:\devkitPro/libogc/lib/wii\libogc.a(es.o)
 .text._ES_open_r
                0x80021ab0      0x1d0 C:\devkitPro/libogc/lib/wii\libogc.a(es.o)
 .text.ES_ReadContent
                0x80021c80       0x6c C:\devkitPro/libogc/lib/wii\libogc.a(es.o)
                0x80021c80                ES_ReadContent
 .text._ES_read_r
                0x80021cec      0x1a0 C:\devkitPro/libogc/lib/wii\libogc.a(es.o)
 .text.__usbv5_devicechangeCB
                0x80021e8c      0x180 C:\devkitPro/libogc/lib/wii\libogc.a(usb.o)
 .text.__usbv5_attachfinishCB
                0x8002200c       0xcc C:\devkitPro/libogc/lib/wii\libogc.a(usb.o)
 .text.__usbv5_messageCB
                0x800220d8       0x5c C:\devkitPro/libogc/lib/wii\libogc.a(usb.o)
 .text.__usb_control_message
                0x80022134      0x458 C:\devkitPro/libogc/lib/wii\libogc.a(usb.o)
 .text.__usb_interrupt_bulk_message
                0x8002258c      0x2c0 C:\devkitPro/libogc/lib/wii\libogc.a(usb.o)
 .text.__usbv0_messageCB
                0x8002284c       0xa8 C:\devkitPro/libogc/lib/wii\libogc.a(usb.o)
 .text.USB_FreeDescriptors.part.0
                0x800228f4       0xfc C:\devkitPro/libogc/lib/wii\libogc.a(usb.o)
 .text.USB_GetDescriptors.part.0
                0x800229f0      0x708 C:\devkitPro/libogc/lib/wii\libogc.a(usb.o)
 .text.USBV5_SuspendResume
                0x800230f8      0x138 C:\devkitPro/libogc/lib/wii\libogc.a(usb.o)
 .text.USBV5_GetDescriptors
                0x80023230      0x524 C:\devkitPro/libogc/lib/wii\libogc.a(usb.o)
 .text.USB_Deinitialize
                0x80023754       0xc8 C:\devkitPro/libogc/lib/wii\libogc.a(usb.o)
                0x80023754                USB_Deinitialize
 .text.USB_Initialize
                0x8002381c      0x2f8 C:\devkitPro/libogc/lib/wii\libogc.a(usb.o)
                0x8002381c                USB_Initialize
 .text.USB_OpenDevice
                0x80023b14      0x2b8 C:\devkitPro/libogc/lib/wii\libogc.a(usb.o)
                0x80023b14                USB_OpenDevice
 .text.USBV5_CloseDevice
                0x80023dcc      0x128 C:\devkitPro/libogc/lib/wii\libogc.a(usb.o)
                0x80023dcc                USBV5_CloseDevice
 .text.USB_CloseDeviceAsync
                0x80023ef4       0xd0 C:\devkitPro/libogc/lib/wii\libogc.a(usb.o)
                0x80023ef4                USB_CloseDeviceAsync
 .text.USB_ReadIntrMsgAsync
                0x80023fc4       0x28 C:\devkitPro/libogc/lib/wii\libogc.a(usb.o)
                0x80023fc4                USB_ReadIntrMsgAsync
 .text.USB_ReadBlkMsgAsync
                0x80023fec       0x28 C:\devkitPro/libogc/lib/wii\libogc.a(usb.o)
                0x80023fec                USB_ReadBlkMsgAsync
 .text.USB_WriteBlkMsgAsync
                0x80024014       0x28 C:\devkitPro/libogc/lib/wii\libogc.a(usb.o)
                0x80024014                USB_WriteBlkMsgAsync
 .text.USB_WriteCtrlMsgAsync
                0x8002403c        0x4 C:\devkitPro/libogc/lib/wii\libogc.a(usb.o)
                0x8002403c                USB_WriteCtrlMsgAsync
 .text.__CheckARGV
                0x80024040       0x80 C:\devkitPro/libogc/lib/wii\libogc.a(argv.o)
                0x80024040                __CheckARGV
 .text.CONF_Init
                0x800240c0      0x180 C:\devkitPro/libogc/lib/wii\libogc.a(conf.o)
                0x800240c0                CONF_Init
 .text.__CONF_GetTxt
                0x80024240      0x208 C:\devkitPro/libogc/lib/wii\libogc.a(conf.o)
                0x80024240                __CONF_GetTxt
 .text.__CONF_Find
                0x80024448       0xfc C:\devkitPro/libogc/lib/wii\libogc.a(conf.o)
                0x80024448                __CONF_Find
 .text.CONF_GetLength
                0x80024544      0x12c C:\devkitPro/libogc/lib/wii\libogc.a(conf.o)
                0x80024544                CONF_GetLength
 .text.CONF_Get
                0x80024670      0x140 C:\devkitPro/libogc/lib/wii\libogc.a(conf.o)
                0x80024670                CONF_Get
 .text.CONF_GetShutdownMode
                0x800247b0       0x54 C:\devkitPro/libogc/lib/wii\libogc.a(conf.o)
                0x800247b0                CONF_GetShutdownMode
 .text.CONF_GetIdleLedMode
                0x80024804       0x54 C:\devkitPro/libogc/lib/wii\libogc.a(conf.o)
                0x80024804                CONF_GetIdleLedMode
 .text.CONF_GetProgressiveScan
                0x80024858       0x54 C:\devkitPro/libogc/lib/wii\libogc.a(conf.o)
                0x80024858                CONF_GetProgressiveScan
 .text.CONF_GetEuRGB60
                0x800248ac       0x54 C:\devkitPro/libogc/lib/wii\libogc.a(conf.o)
                0x800248ac                CONF_GetEuRGB60
 .text.CONF_GetIRSensitivity
                0x80024900       0x54 C:\devkitPro/libogc/lib/wii\libogc.a(conf.o)
                0x80024900                CONF_GetIRSensitivity
 .text.CONF_GetSensorBarPosition
                0x80024954       0x54 C:\devkitPro/libogc/lib/wii\libogc.a(conf.o)
                0x80024954                CONF_GetSensorBarPosition
 .text.CONF_GetCounterBias
                0x800249a8       0x4c C:\devkitPro/libogc/lib/wii\libogc.a(conf.o)
                0x800249a8                CONF_GetCounterBias
 .text.CONF_GetDisplayOffsetH
                0x800249f4       0x4c C:\devkitPro/libogc/lib/wii\libogc.a(conf.o)
                0x800249f4                CONF_GetDisplayOffsetH
 .text.CONF_GetPadDevices
                0x80024a40       0x4c C:\devkitPro/libogc/lib/wii\libogc.a(conf.o)
                0x80024a40                CONF_GetPadDevices
 .text.CONF_GetVideo
                0x80024a8c       0x88 C:\devkitPro/libogc/lib/wii\libogc.a(conf.o)
                0x80024a8c                CONF_GetVideo
 .text.__WII_WriteNANDBootInfo.isra.0
                0x80024b14       0xbc C:\devkitPro/libogc/lib/wii\libogc.a(wiilaunch.o)
 .text.__WII_WriteStateFlags.isra.0
                0x80024bd0       0x94 C:\devkitPro/libogc/lib/wii\libogc.a(wiilaunch.o)
 .text.WII_Initialize
                0x80024c64      0x188 C:\devkitPro/libogc/lib/wii\libogc.a(wiilaunch.o)
                0x80024c64                WII_Initialize
 .text.WII_LaunchTitle
                0x80024dec      0x1ac C:\devkitPro/libogc/lib/wii\libogc.a(wiilaunch.o)
                0x80024dec                WII_LaunchTitle
 .text.WII_ReturnToMenu
                0x80024f98       0x58 C:\devkitPro/libogc/lib/wii\libogc.a(wiilaunch.o)
                0x80024f98                WII_ReturnToMenu
 .text.__lwp_priority_init
                0x80024ff0       0x1c C:\devkitPro/libogc/lib/wii\libogc.a(lwp_priority.o)
                0x80024ff0                __lwp_priority_init
 .text.__lwp_threadqueue_enqueuefifo
                0x8002500c      0x12c C:\devkitPro/libogc/lib/wii\libogc.a(lwp_threadq.o)
                0x8002500c                __lwp_threadqueue_enqueuefifo
 .text.__lwp_threadqueue_dequeuefifo
                0x80025138      0x140 C:\devkitPro/libogc/lib/wii\libogc.a(lwp_threadq.o)
                0x80025138                __lwp_threadqueue_dequeuefifo
 .text.__lwp_threadqueue_enqueuepriority
                0x80025278      0x338 C:\devkitPro/libogc/lib/wii\libogc.a(lwp_threadq.o)
                0x80025278                __lwp_threadqueue_enqueuepriority
 .text.__lwp_threadqueue_dequeuepriority
                0x800255b0      0x1d8 C:\devkitPro/libogc/lib/wii\libogc.a(lwp_threadq.o)
                0x800255b0                __lwp_threadqueue_dequeuepriority
 .text.__lwp_threadqueue_init
                0x80025788       0x64 C:\devkitPro/libogc/lib/wii\libogc.a(lwp_threadq.o)
                0x80025788                __lwp_threadqueue_init
 .text.__lwp_threadqueue_enqueue
                0x800257ec      0x138 C:\devkitPro/libogc/lib/wii\libogc.a(lwp_threadq.o)
                0x800257ec                __lwp_threadqueue_enqueue
 .text.__lwp_threadqueue_dequeue
                0x80025924       0x24 C:\devkitPro/libogc/lib/wii\libogc.a(lwp_threadq.o)
                0x80025924                __lwp_threadqueue_dequeue
 .text.__lwp_threadqueue_flush
                0x80025948       0x68 C:\devkitPro/libogc/lib/wii\libogc.a(lwp_threadq.o)
                0x80025948                __lwp_threadqueue_flush
 .text.__lwp_threadqueue_extractfifo
                0x800259b0       0xe8 C:\devkitPro/libogc/lib/wii\libogc.a(lwp_threadq.o)
                0x800259b0                __lwp_threadqueue_extractfifo
 .text.__lwp_threadqueue_extractpriority
                0x80025a98      0x148 C:\devkitPro/libogc/lib/wii\libogc.a(lwp_threadq.o)
                0x80025a98                __lwp_threadqueue_extractpriority
 .text.__lwp_threadqueue_timeout
                0x80025be0       0xd0 C:\devkitPro/libogc/lib/wii\libogc.a(lwp_threadq.o)
 .text.__lwp_threadqueue_extractproxy
                0x80025cb0       0x64 C:\devkitPro/libogc/lib/wii\libogc.a(lwp_threadq.o)
                0x80025cb0                __lwp_threadqueue_extractproxy
 .text.__lwp_mutex_initialize
                0x80025d14       0xa4 C:\devkitPro/libogc/lib/wii\libogc.a(lwp_mutex.o)
                0x80025d14                __lwp_mutex_initialize
 .text.__lwp_mutex_surrender
                0x80025db8      0x14c C:\devkitPro/libogc/lib/wii\libogc.a(lwp_mutex.o)
                0x80025db8                __lwp_mutex_surrender
 .text.__lwp_mutex_seize_irq_blocking
                0x80025f04       0xf8 C:\devkitPro/libogc/lib/wii\libogc.a(lwp_mutex.o)
                0x80025f04                __lwp_mutex_seize_irq_blocking
 .text.__lwp_mutex_flush
                0x80025ffc        0x4 C:\devkitPro/libogc/lib/wii\libogc.a(lwp_mutex.o)
                0x80025ffc                __lwp_mutex_flush
 .text.__systemcall_init
                0x80026000       0x6c C:\devkitPro/libogc/lib/wii\libogc.a(exception.o)
                0x80026000                __systemcall_init
 .text.__exception_init
                0x8002606c      0x120 C:\devkitPro/libogc/lib/wii\libogc.a(exception.o)
                0x8002606c                __exception_init
 .text.__exception_close
                0x8002618c       0xac C:\devkitPro/libogc/lib/wii\libogc.a(exception.o)
                0x8002618c                __exception_close
 .text.__exception_closeall
                0x80026238       0x80 C:\devkitPro/libogc/lib/wii\libogc.a(exception.o)
                0x80026238                __exception_closeall
 .text.c_default_exceptionhandler
                0x800262b8      0x474 C:\devkitPro/libogc/lib/wii\libogc.a(exception.o)
                0x800262b8                c_default_exceptionhandler
 .text.__lwp_sema_init
                0x8002672c       0x14 C:\devkitPro/libogc/lib/wii\libogc.a(semaphore.o)
                0x8002672c                __lwp_sema_init
 .text.SPEC1_MakeStatus
                0x80026740      0x104 C:\devkitPro/libogc/lib/wii\libogc.a(pad.o)
 .text.__pad_samplinghandler
                0x80026844        0x4 C:\devkitPro/libogc/lib/wii\libogc.a(pad.o)
 .text.__pad_doreset
                0x80026848       0x50 C:\devkitPro/libogc/lib/wii\libogc.a(pad.o)
 .text.__pad_updateorigin
                0x80026898       0xa4 C:\devkitPro/libogc/lib/wii\libogc.a(pad.o)
 .text.__pad_disable
                0x8002693c       0xbc C:\devkitPro/libogc/lib/wii\libogc.a(pad.o)
 .text.__pad_receivecheckcallback
                0x800269f8       0x84 C:\devkitPro/libogc/lib/wii\libogc.a(pad.o)
 .text.__pad_typeandstatuscallback
                0x80026a7c      0x1ac C:\devkitPro/libogc/lib/wii\libogc.a(pad.o)
 .text.__pad_originupdatecallback
                0x80026c28       0x2c C:\devkitPro/libogc/lib/wii\libogc.a(pad.o)
 .text.SPEC2_MakeStatus
                0x80026c54      0x214 C:\devkitPro/libogc/lib/wii\libogc.a(pad.o)
 .text.__pad_onreset
                0x80026e68      0x108 C:\devkitPro/libogc/lib/wii\libogc.a(pad.o)
 .text.__pad_origincallback
                0x80026f70       0x74 C:\devkitPro/libogc/lib/wii\libogc.a(pad.o)
 .text.__pad_probecallback
                0x80026fe4       0x88 C:\devkitPro/libogc/lib/wii\libogc.a(pad.o)
 .text.__PADDisableRecalibration
                0x8002706c       0x60 C:\devkitPro/libogc/lib/wii\libogc.a(pad.o)
                0x8002706c                __PADDisableRecalibration
 .text.PAD_Reset
                0x800270cc       0xf0 C:\devkitPro/libogc/lib/wii\libogc.a(pad.o)
                0x800270cc                PAD_Reset
 .text.PAD_Read
                0x800271bc      0x2d4 C:\devkitPro/libogc/lib/wii\libogc.a(pad.o)
                0x800271bc                PAD_Read
 .text.PAD_Init
                0x80027490      0x100 C:\devkitPro/libogc/lib/wii\libogc.a(pad.o)
                0x80027490                PAD_Init
 .text.PAD_ScanPads
                0x80027590      0x14c C:\devkitPro/libogc/lib/wii\libogc.a(pad.o)
                0x80027590                PAD_ScanPads
 .text.PAD_ButtonsDown
                0x800276dc       0x40 C:\devkitPro/libogc/lib/wii\libogc.a(pad.o)
                0x800276dc                PAD_ButtonsDown
 .text.__exi_irq_handler
                0x8002771c       0x58 C:\devkitPro/libogc/lib/wii\libogc.a(exi.o)
 .text.__ext_irq_handler
                0x80027774       0xc8 C:\devkitPro/libogc/lib/wii\libogc.a(exi.o)
 .text.__tc_irq_handler
                0x8002783c      0x178 C:\devkitPro/libogc/lib/wii\libogc.a(exi.o)
 .text.__exi_probe
                0x800279b4      0x214 C:\devkitPro/libogc/lib/wii\libogc.a(exi.o)
 .text.__exi_attach
                0x80027bc8      0x104 C:\devkitPro/libogc/lib/wii\libogc.a(exi.o)
 .text.EXI_Lock
                0x80027ccc      0x218 C:\devkitPro/libogc/lib/wii\libogc.a(exi.o)
                0x80027ccc                EXI_Lock
 .text.EXI_Unlock
                0x80027ee4      0x224 C:\devkitPro/libogc/lib/wii\libogc.a(exi.o)
                0x80027ee4                EXI_Unlock
 .text.EXI_Select
                0x80028108      0x21c C:\devkitPro/libogc/lib/wii\libogc.a(exi.o)
                0x80028108                EXI_Select
 .text.EXI_Deselect
                0x80028324      0x174 C:\devkitPro/libogc/lib/wii\libogc.a(exi.o)
                0x80028324                EXI_Deselect
 .text.EXI_Sync
                0x80028498      0x108 C:\devkitPro/libogc/lib/wii\libogc.a(exi.o)
                0x80028498                EXI_Sync
 .text.EXI_Imm  0x800285a0      0x1f8 C:\devkitPro/libogc/lib/wii\libogc.a(exi.o)
                0x800285a0                EXI_Imm
 .text.EXI_ImmEx
                0x80028798       0xd0 C:\devkitPro/libogc/lib/wii\libogc.a(exi.o)
                0x80028798                EXI_ImmEx
 .text.EXI_Dma  0x80028868      0x16c C:\devkitPro/libogc/lib/wii\libogc.a(exi.o)
                0x80028868                EXI_Dma
 .text.EXI_Detach
                0x800289d4       0xac C:\devkitPro/libogc/lib/wii\libogc.a(exi.o)
                0x800289d4                EXI_Detach
 .text.EXI_GetID
                0x80028a80      0x354 C:\devkitPro/libogc/lib/wii\libogc.a(exi.o)
                0x80028a80                EXI_GetID
 .text.__unlocked_handler
                0x80028dd4       0x28 C:\devkitPro/libogc/lib/wii\libogc.a(exi.o)
 .text.EXI_ProbeReset
                0x80028dfc       0x70 C:\devkitPro/libogc/lib/wii\libogc.a(exi.o)
                0x80028dfc                EXI_ProbeReset
 .text.__exi_init
                0x80028e6c      0x178 C:\devkitPro/libogc/lib/wii\libogc.a(exi.o)
                0x80028e6c                __exi_init
 .text.__lwp_mutex_locksupp.constprop.0
                0x80028fe4      0x2a8 C:\devkitPro/libogc/lib/wii\libogc.a(mutex.o)
 .text.__lwp_mutex_init
                0x8002928c       0x14 C:\devkitPro/libogc/lib/wii\libogc.a(mutex.o)
                0x8002928c                __lwp_mutex_init
 .text.LWP_MutexInit
                0x800292a0       0xf8 C:\devkitPro/libogc/lib/wii\libogc.a(mutex.o)
                0x800292a0                LWP_MutexInit
 .text.LWP_MutexDestroy
                0x80029398      0x104 C:\devkitPro/libogc/lib/wii\libogc.a(mutex.o)
                0x80029398                LWP_MutexDestroy
 .text.LWP_MutexLock
                0x8002949c        0x8 C:\devkitPro/libogc/lib/wii\libogc.a(mutex.o)
                0x8002949c                LWP_MutexLock
 .text.LWP_MutexUnlock
                0x800294a4       0x9c C:\devkitPro/libogc/lib/wii\libogc.a(mutex.o)
                0x800294a4                LWP_MutexUnlock
 .text.__GX_InitRevBits
                0x80029540       0x98 C:\devkitPro/libogc/lib/wii\libogc.a(gx.o)
 .text.GX_AbortFrame
                0x800295d8      0x374 C:\devkitPro/libogc/lib/wii\libogc.a(gx.o)
                0x800295d8                GX_AbortFrame
 .text.number   0x8002994c      0x410 C:\devkitPro/libogc/lib/wii\libogc.a(kprintf.o)
 .text.kvsprintf
                0x80029d5c      0x900 C:\devkitPro/libogc/lib/wii\libogc.a(kprintf.o)
                0x80029d5c                kvsprintf
 .text.kprintf  0x8002a65c       0xac C:\devkitPro/libogc/lib/wii\libogc.a(kprintf.o)
                0x8002a65c                kprintf
 .text.net_wc24cleanup
                0x8002a708       0x64 C:\devkitPro/libogc/lib/wii\libogc.a(network_wii.o)
                0x8002a708                net_wc24cleanup
 .text.atanf    0x8002a76c      0x290 C:/devkitPro/devkitPPC/bin/../lib/gcc/powerpc-eabi/14.2.0/../../../../powerpc-eabi/lib\libm.a(libm_a-sf_atan.o)
                0x8002a76c                atanf
 .text.atan2    0x8002a9fc        0x4 C:/devkitPro/devkitPPC/bin/../lib/gcc/powerpc-eabi/14.2.0/../../../../powerpc-eabi/lib\libm.a(libm_a-w_atan2.o)
                0x8002a9fc                atan2
 .text.fabsf    0x8002aa00       0x20 C:/devkitPro/devkitPPC/bin/../lib/gcc/powerpc-eabi/14.2.0/../../../../powerpc-eabi/lib\libm.a(libm_a-sf_fabs.o)
                0x8002aa00                fabsf
 .text.cosf     0x8002aa20       0xd4 C:/devkitPro/devkitPPC/bin/../lib/gcc/powerpc-eabi/14.2.0/../../../../powerpc-eabi/lib\libm.a(libm_a-sf_cos.o)
                0x8002aa20                cosf
 .text.sqrtf    0x8002aaf4       0x74 C:/devkitPro/devkitPPC/bin/../lib/gcc/powerpc-eabi/14.2.0/../../../../powerpc-eabi/lib\libm.a(libm_a-wf_sqrt.o)
                0x8002aaf4                sqrtf
 .text.hypotf   0x8002ab68       0x8c C:/devkitPro/devkitPPC/bin/../lib/gcc/powerpc-eabi/14.2.0/../../../../powerpc-eabi/lib\libm.a(libm_a-wf_hypot.o)
                0x8002ab68                hypotf
 .text.atan2f   0x8002abf4        0x4 C:/devkitPro/devkitPPC/bin/../lib/gcc/powerpc-eabi/14.2.0/../../../../powerpc-eabi/lib\libm.a(libm_a-wf_atan2.o)
                0x8002abf4                atan2f
 .text.__ieee754_hypotf
                0x8002abf8      0x214 C:/devkitPro/devkitPPC/bin/../lib/gcc/powerpc-eabi/14.2.0/../../../../powerpc-eabi/lib\libm.a(libm_a-ef_hypot.o)
                0x8002abf8                __ieee754_hypotf
 .text.__kernel_cosf
                0x8002ae0c      0x188 C:/devkitPro/devkitPPC/bin/../lib/gcc/powerpc-eabi/14.2.0/../../../../powerpc-eabi/lib\libm.a(libm_a-kf_cos.o)
                0x8002ae0c                __kernel_cosf
 .text.sincos   0x8002af94       0x58 C:/devkitPro/devkitPPC/bin/../lib/gcc/powerpc-eabi/14.2.0/../../../../powerpc-eabi/lib\libm.a(libm_a-w_sincos.o)
                0x8002af94                sincos
 .text.__ieee754_atan2
                0x8002afec      0x2b4 C:/devkitPro/devkitPPC/bin/../lib/gcc/powerpc-eabi/14.2.0/../../../../powerpc-eabi/lib\libm.a(libm_a-e_atan2.o)
                0x8002afec                __ieee754_atan2
 .text.finitef  0x8002b2a0       0x28 C:/devkitPro/devkitPPC/bin/../lib/gcc/powerpc-eabi/14.2.0/../../../../powerpc-eabi/lib\libm.a(libm_a-sf_finite.o)
                0x8002b2a0                finitef